Archive member included to satisfy reference by file (symbol)

BINARY_DIR/libfp-sdk.a(start.S.obj)
                              (_start)
BINARY_DIR/libfp-sdk.a(io.c.obj)
                              CMakeFiles/driver.dir/home/flexpret/sdk/lib/src/printf_putchar.c.obj (write_tohost_tid)
BINARY_DIR/libfp-sdk.a(startup.c.obj)
                              BINARY_DIR/libfp-sdk.a(start.S.obj) (Reset_Handler)
BINARY_DIR/libfp-sdk.a(syscalls.c.obj)
                              BINARY_DIR/libfp-sdk.a(startup.c.obj) (_exit)
BINARY_DIR/libfp-sdk.a(thread.c.obj)
                              BINARY_DIR/libfp-sdk.a(startup.c.obj) (slot_set)
BINARY_DIR/libfp-sdk.a(uart.c.obj)
                              CMakeFiles/driver.dir/home/flexpret/sdk/lib/src/printf_putchar.c.obj (uart_send)
BINARY_DIR/libfp-sdk.a(wb.c.obj)
                              BINARY_DIR/libfp-sdk.a(uart.c.obj) (wb_write)
BINARY_DIR/libfp-sdk.a(exceptions.c.obj)
                              BINARY_DIR/libfp-sdk.a(startup.c.obj) (setup_exceptions)
BINARY_DIR/libfp-sdk.a(lock.c.obj)
                              BINARY_DIR/libfp-sdk.a(startup.c.obj) (fp_hwlock_acquire)
BINARY_DIR/libfp-sdk.a(ctx_switch.S.obj)
                              BINARY_DIR/libfp-sdk.a(exceptions.c.obj) (thread_ctx_switch_store)
BINARY_DIR/external/printf/lib/libprintf.a(printf.c.obj)
                              CMakeFiles/driver.dir/driver.c.obj (printf)
/opt/xpack-riscv-none-elf-gcc-14.2.0-2/bin/../lib/gcc/riscv-none-elf/14.2.0/rv32i/ilp32/libgcc.a(_udivdi3.o)
                              BINARY_DIR/libfp-sdk.a(syscalls.c.obj) (__udivdi3)
/opt/xpack-riscv-none-elf-gcc-14.2.0-2/bin/../lib/gcc/riscv-none-elf/14.2.0/rv32i/ilp32/libgcc.a(_umoddi3.o)
                              BINARY_DIR/libfp-sdk.a(syscalls.c.obj) (__umoddi3)
/opt/xpack-riscv-none-elf-gcc-14.2.0-2/bin/../lib/gcc/riscv-none-elf/14.2.0/rv32i/ilp32/libgcc.a(muldi3.o)
                              /opt/xpack-riscv-none-elf-gcc-14.2.0-2/bin/../lib/gcc/riscv-none-elf/14.2.0/rv32i/ilp32/libgcc.a(_udivdi3.o) (__mulsi3)
/opt/xpack-riscv-none-elf-gcc-14.2.0-2/bin/../lib/gcc/riscv-none-elf/14.2.0/rv32i/ilp32/libgcc.a(div.o)
                              BINARY_DIR/external/printf/lib/libprintf.a(printf.c.obj) (__udivsi3)
/opt/xpack-riscv-none-elf-gcc-14.2.0-2/bin/../lib/gcc/riscv-none-elf/14.2.0/rv32i/ilp32/libgcc.a(_clz.o)
                              /opt/xpack-riscv-none-elf-gcc-14.2.0-2/bin/../lib/gcc/riscv-none-elf/14.2.0/rv32i/ilp32/libgcc.a(_udivdi3.o) (__clz_tab)
/opt/xpack-riscv-none-elf-gcc-14.2.0-2/bin/../lib/gcc/riscv-none-elf/14.2.0/../../../../riscv-none-elf/lib/rv32i/ilp32/libc.a(libc_a-malloc.o)
                              CMakeFiles/driver.dir/driver.c.obj (malloc)
/opt/xpack-riscv-none-elf-gcc-14.2.0-2/bin/../lib/gcc/riscv-none-elf/14.2.0/../../../../riscv-none-elf/lib/rv32i/ilp32/libc.a(libc_a-mallocr.o)
                              /opt/xpack-riscv-none-elf-gcc-14.2.0-2/bin/../lib/gcc/riscv-none-elf/14.2.0/../../../../riscv-none-elf/lib/rv32i/ilp32/libc.a(libc_a-malloc.o) (_malloc_r)
/opt/xpack-riscv-none-elf-gcc-14.2.0-2/bin/../lib/gcc/riscv-none-elf/14.2.0/../../../../riscv-none-elf/lib/rv32i/ilp32/libc.a(libc_a-impure.o)
                              /opt/xpack-riscv-none-elf-gcc-14.2.0-2/bin/../lib/gcc/riscv-none-elf/14.2.0/../../../../riscv-none-elf/lib/rv32i/ilp32/libc.a(libc_a-malloc.o) (_impure_ptr)
/opt/xpack-riscv-none-elf-gcc-14.2.0-2/bin/../lib/gcc/riscv-none-elf/14.2.0/../../../../riscv-none-elf/lib/rv32i/ilp32/libc.a(libc_a-sbrkr.o)
                              /opt/xpack-riscv-none-elf-gcc-14.2.0-2/bin/../lib/gcc/riscv-none-elf/14.2.0/../../../../riscv-none-elf/lib/rv32i/ilp32/libc.a(libc_a-mallocr.o) (_sbrk_r)
/opt/xpack-riscv-none-elf-gcc-14.2.0-2/bin/../lib/gcc/riscv-none-elf/14.2.0/../../../../riscv-none-elf/lib/rv32i/ilp32/libc.a(libc_a-setjmp.o)
                              BINARY_DIR/libfp-sdk.a(thread.c.obj) (setjmp)
/opt/xpack-riscv-none-elf-gcc-14.2.0-2/bin/../lib/gcc/riscv-none-elf/14.2.0/../../../../riscv-none-elf/lib/rv32i/ilp32/libc.a(libc_a-freer.o)
                              /opt/xpack-riscv-none-elf-gcc-14.2.0-2/bin/../lib/gcc/riscv-none-elf/14.2.0/../../../../riscv-none-elf/lib/rv32i/ilp32/libc.a(libc_a-malloc.o) (_free_r)
/opt/xpack-riscv-none-elf-gcc-14.2.0-2/bin/../lib/gcc/riscv-none-elf/14.2.0/../../../../riscv-none-elf/lib/rv32i/ilp32/libc.a(libc_a-findfp.o)
                              /opt/xpack-riscv-none-elf-gcc-14.2.0-2/bin/../lib/gcc/riscv-none-elf/14.2.0/../../../../riscv-none-elf/lib/rv32i/ilp32/libc.a(libc_a-impure.o) (__sf)
/opt/xpack-riscv-none-elf-gcc-14.2.0-2/bin/../lib/gcc/riscv-none-elf/14.2.0/../../../../riscv-none-elf/lib/rv32i/ilp32/libc.a(libc_a-fwalk.o)
                              /opt/xpack-riscv-none-elf-gcc-14.2.0-2/bin/../lib/gcc/riscv-none-elf/14.2.0/../../../../riscv-none-elf/lib/rv32i/ilp32/libc.a(libc_a-findfp.o) (_fwalk_sglue)
/opt/xpack-riscv-none-elf-gcc-14.2.0-2/bin/../lib/gcc/riscv-none-elf/14.2.0/../../../../riscv-none-elf/lib/rv32i/ilp32/libc.a(libc_a-stdio.o)
                              /opt/xpack-riscv-none-elf-gcc-14.2.0-2/bin/../lib/gcc/riscv-none-elf/14.2.0/../../../../riscv-none-elf/lib/rv32i/ilp32/libc.a(libc_a-findfp.o) (__sread)
/opt/xpack-riscv-none-elf-gcc-14.2.0-2/bin/../lib/gcc/riscv-none-elf/14.2.0/../../../../riscv-none-elf/lib/rv32i/ilp32/libc.a(libc_a-closer.o)
                              /opt/xpack-riscv-none-elf-gcc-14.2.0-2/bin/../lib/gcc/riscv-none-elf/14.2.0/../../../../riscv-none-elf/lib/rv32i/ilp32/libc.a(libc_a-stdio.o) (_close_r)
/opt/xpack-riscv-none-elf-gcc-14.2.0-2/bin/../lib/gcc/riscv-none-elf/14.2.0/../../../../riscv-none-elf/lib/rv32i/ilp32/libc.a(libc_a-reent.o)
                              /opt/xpack-riscv-none-elf-gcc-14.2.0-2/bin/../lib/gcc/riscv-none-elf/14.2.0/../../../../riscv-none-elf/lib/rv32i/ilp32/libc.a(libc_a-sbrkr.o) (errno)
/opt/xpack-riscv-none-elf-gcc-14.2.0-2/bin/../lib/gcc/riscv-none-elf/14.2.0/../../../../riscv-none-elf/lib/rv32i/ilp32/libc.a(libc_a-lseekr.o)
                              /opt/xpack-riscv-none-elf-gcc-14.2.0-2/bin/../lib/gcc/riscv-none-elf/14.2.0/../../../../riscv-none-elf/lib/rv32i/ilp32/libc.a(libc_a-stdio.o) (_lseek_r)
/opt/xpack-riscv-none-elf-gcc-14.2.0-2/bin/../lib/gcc/riscv-none-elf/14.2.0/../../../../riscv-none-elf/lib/rv32i/ilp32/libc.a(libc_a-readr.o)
                              /opt/xpack-riscv-none-elf-gcc-14.2.0-2/bin/../lib/gcc/riscv-none-elf/14.2.0/../../../../riscv-none-elf/lib/rv32i/ilp32/libc.a(libc_a-stdio.o) (_read_r)
/opt/xpack-riscv-none-elf-gcc-14.2.0-2/bin/../lib/gcc/riscv-none-elf/14.2.0/../../../../riscv-none-elf/lib/rv32i/ilp32/libc.a(libc_a-writer.o)
                              /opt/xpack-riscv-none-elf-gcc-14.2.0-2/bin/../lib/gcc/riscv-none-elf/14.2.0/../../../../riscv-none-elf/lib/rv32i/ilp32/libc.a(libc_a-stdio.o) (_write_r)
/opt/xpack-riscv-none-elf-gcc-14.2.0-2/bin/../lib/gcc/riscv-none-elf/14.2.0/../../../../riscv-none-elf/lib/rv32i/ilp32/libc.a(libc_a-lock.o)
                              /opt/xpack-riscv-none-elf-gcc-14.2.0-2/bin/../lib/gcc/riscv-none-elf/14.2.0/../../../../riscv-none-elf/lib/rv32i/ilp32/libc.a(libc_a-findfp.o) (__retarget_lock_init_recursive)
/opt/xpack-riscv-none-elf-gcc-14.2.0-2/bin/../lib/gcc/riscv-none-elf/14.2.0/../../../../riscv-none-elf/lib/rv32i/ilp32/libc.a(libc_a-memset.o)
                              /opt/xpack-riscv-none-elf-gcc-14.2.0-2/bin/../lib/gcc/riscv-none-elf/14.2.0/../../../../riscv-none-elf/lib/rv32i/ilp32/libc.a(libc_a-findfp.o) (memset)
/opt/xpack-riscv-none-elf-gcc-14.2.0-2/bin/../lib/gcc/riscv-none-elf/14.2.0/../../../../riscv-none-elf/lib/rv32i/ilp32/libc.a(libc_a-fclose.o)
                              /opt/xpack-riscv-none-elf-gcc-14.2.0-2/bin/../lib/gcc/riscv-none-elf/14.2.0/../../../../riscv-none-elf/lib/rv32i/ilp32/libc.a(libc_a-findfp.o) (_fclose_r)
/opt/xpack-riscv-none-elf-gcc-14.2.0-2/bin/../lib/gcc/riscv-none-elf/14.2.0/../../../../riscv-none-elf/lib/rv32i/ilp32/libc.a(libc_a-fflush.o)
                              /opt/xpack-riscv-none-elf-gcc-14.2.0-2/bin/../lib/gcc/riscv-none-elf/14.2.0/../../../../riscv-none-elf/lib/rv32i/ilp32/libc.a(libc_a-fclose.o) (__sflush_r)

Discarded input sections

 .text          0x00000000        0x0 CMakeFiles/driver.dir/driver.c.obj
 .data          0x00000000        0x0 CMakeFiles/driver.dir/driver.c.obj
 .bss           0x00000000        0x0 CMakeFiles/driver.dir/driver.c.obj
 .text          0x00000000        0x0 CMakeFiles/driver.dir/home/flexpret/sdk/lib/src/printf_putchar.c.obj
 .data          0x00000000        0x0 CMakeFiles/driver.dir/home/flexpret/sdk/lib/src/printf_putchar.c.obj
 .bss           0x00000000        0x0 CMakeFiles/driver.dir/home/flexpret/sdk/lib/src/printf_putchar.c.obj
 .text._write_fpga
                0x00000000       0x40 CMakeFiles/driver.dir/home/flexpret/sdk/lib/src/printf_putchar.c.obj
 .text          0x00000000        0x0 BINARY_DIR/libfp-sdk.a(start.S.obj)
 .data          0x00000000        0x0 BINARY_DIR/libfp-sdk.a(start.S.obj)
 .bss           0x00000000        0x0 BINARY_DIR/libfp-sdk.a(start.S.obj)
 .riscv.attributes
                0x00000000       0x27 BINARY_DIR/libfp-sdk.a(start.S.obj)
 .text          0x00000000        0x0 BINARY_DIR/libfp-sdk.a(io.c.obj)
 .data          0x00000000        0x0 BINARY_DIR/libfp-sdk.a(io.c.obj)
 .bss           0x00000000        0x0 BINARY_DIR/libfp-sdk.a(io.c.obj)
 .text.fp_print_int
                0x00000000       0x44 BINARY_DIR/libfp-sdk.a(io.c.obj)
 .text.fp_print_string
                0x00000000       0x54 BINARY_DIR/libfp-sdk.a(io.c.obj)
 .text.gpo_write
                0x00000000      0x100 BINARY_DIR/libfp-sdk.a(io.c.obj)
 .text.gpo_write_3
                0x00000000       0x30 BINARY_DIR/libfp-sdk.a(io.c.obj)
 .text.gpo_set  0x00000000      0x110 BINARY_DIR/libfp-sdk.a(io.c.obj)
 .text.gpo_set_0
                0x00000000       0x34 BINARY_DIR/libfp-sdk.a(io.c.obj)
 .text.gpo_set_1
                0x00000000       0x34 BINARY_DIR/libfp-sdk.a(io.c.obj)
 .text.gpo_set_2
                0x00000000       0x34 BINARY_DIR/libfp-sdk.a(io.c.obj)
 .text.gpo_set_3
                0x00000000       0x34 BINARY_DIR/libfp-sdk.a(io.c.obj)
 .text.gpo_clear
                0x00000000      0x110 BINARY_DIR/libfp-sdk.a(io.c.obj)
 .text.gpo_clear_0
                0x00000000       0x34 BINARY_DIR/libfp-sdk.a(io.c.obj)
 .text.gpo_clear_1
                0x00000000       0x34 BINARY_DIR/libfp-sdk.a(io.c.obj)
 .text.gpo_clear_2
                0x00000000       0x34 BINARY_DIR/libfp-sdk.a(io.c.obj)
 .text.gpo_clear_3
                0x00000000       0x34 BINARY_DIR/libfp-sdk.a(io.c.obj)
 .text.gpo_read
                0x00000000      0x10c BINARY_DIR/libfp-sdk.a(io.c.obj)
 .text.gpo_read_0
                0x00000000       0x30 BINARY_DIR/libfp-sdk.a(io.c.obj)
 .text.gpo_read_1
                0x00000000       0x30 BINARY_DIR/libfp-sdk.a(io.c.obj)
 .text.gpo_read_2
                0x00000000       0x30 BINARY_DIR/libfp-sdk.a(io.c.obj)
 .text.gpo_read_3
                0x00000000       0x30 BINARY_DIR/libfp-sdk.a(io.c.obj)
 .text.gpi_read
                0x00000000      0x10c BINARY_DIR/libfp-sdk.a(io.c.obj)
 .text.gpi_read_0
                0x00000000       0x30 BINARY_DIR/libfp-sdk.a(io.c.obj)
 .text.gpi_read_1
                0x00000000       0x30 BINARY_DIR/libfp-sdk.a(io.c.obj)
 .text.gpi_read_2
                0x00000000       0x30 BINARY_DIR/libfp-sdk.a(io.c.obj)
 .text.gpi_read_3
                0x00000000       0x30 BINARY_DIR/libfp-sdk.a(io.c.obj)
 .rodata.__func__.4
                0x00000000        0xa BINARY_DIR/libfp-sdk.a(io.c.obj)
 .srodata.__func__.3
                0x00000000        0x8 BINARY_DIR/libfp-sdk.a(io.c.obj)
 .rodata.__func__.2
                0x00000000        0xa BINARY_DIR/libfp-sdk.a(io.c.obj)
 .rodata.__func__.1
                0x00000000        0x9 BINARY_DIR/libfp-sdk.a(io.c.obj)
 .rodata.__func__.0
                0x00000000        0x9 BINARY_DIR/libfp-sdk.a(io.c.obj)
 .text          0x00000000        0x0 BINARY_DIR/libfp-sdk.a(startup.c.obj)
 .data          0x00000000        0x0 BINARY_DIR/libfp-sdk.a(startup.c.obj)
 .bss           0x00000000        0x0 BINARY_DIR/libfp-sdk.a(startup.c.obj)
 .data._lock    0x00000000        0xc BINARY_DIR/libfp-sdk.a(startup.c.obj)
 .text          0x00000000        0x0 BINARY_DIR/libfp-sdk.a(syscalls.c.obj)
 .data          0x00000000        0x0 BINARY_DIR/libfp-sdk.a(syscalls.c.obj)
 .bss           0x00000000        0x0 BINARY_DIR/libfp-sdk.a(syscalls.c.obj)
 .text.rdtime64
                0x00000000       0xb4 BINARY_DIR/libfp-sdk.a(syscalls.c.obj)
 .sbss.__env    0x00000000        0x4 BINARY_DIR/libfp-sdk.a(syscalls.c.obj)
 .sbss.environ  0x00000000        0x4 BINARY_DIR/libfp-sdk.a(syscalls.c.obj)
 .text.ns_to_s  0x00000000       0x5c BINARY_DIR/libfp-sdk.a(syscalls.c.obj)
 .text.ns_to_us
                0x00000000       0x58 BINARY_DIR/libfp-sdk.a(syscalls.c.obj)
 .text._close   0x00000000       0x40 BINARY_DIR/libfp-sdk.a(syscalls.c.obj)
 .text._execve  0x00000000       0x48 BINARY_DIR/libfp-sdk.a(syscalls.c.obj)
 .text._fcntl   0x00000000       0x48 BINARY_DIR/libfp-sdk.a(syscalls.c.obj)
 .text._fork    0x00000000       0x3c BINARY_DIR/libfp-sdk.a(syscalls.c.obj)
 .text._fstat   0x00000000       0x44 BINARY_DIR/libfp-sdk.a(syscalls.c.obj)
 .text._getpid  0x00000000       0x3c BINARY_DIR/libfp-sdk.a(syscalls.c.obj)
 .text._isatty  0x00000000       0x40 BINARY_DIR/libfp-sdk.a(syscalls.c.obj)
 .text._kill    0x00000000       0x44 BINARY_DIR/libfp-sdk.a(syscalls.c.obj)
 .text._link    0x00000000       0x44 BINARY_DIR/libfp-sdk.a(syscalls.c.obj)
 .text._lseek   0x00000000       0x48 BINARY_DIR/libfp-sdk.a(syscalls.c.obj)
 .text._mkdir   0x00000000       0x44 BINARY_DIR/libfp-sdk.a(syscalls.c.obj)
 .text._open    0x00000000       0x48 BINARY_DIR/libfp-sdk.a(syscalls.c.obj)
 .text._read    0x00000000       0x48 BINARY_DIR/libfp-sdk.a(syscalls.c.obj)
 .text._rename  0x00000000       0x44 BINARY_DIR/libfp-sdk.a(syscalls.c.obj)
 .text._stat    0x00000000       0x44 BINARY_DIR/libfp-sdk.a(syscalls.c.obj)
 .text._times   0x00000000       0x40 BINARY_DIR/libfp-sdk.a(syscalls.c.obj)
 .text._unlink  0x00000000       0x40 BINARY_DIR/libfp-sdk.a(syscalls.c.obj)
 .text._wait    0x00000000       0x40 BINARY_DIR/libfp-sdk.a(syscalls.c.obj)
 .text._write   0x00000000       0x48 BINARY_DIR/libfp-sdk.a(syscalls.c.obj)
 .text._gettimeofday
                0x00000000       0xc0 BINARY_DIR/libfp-sdk.a(syscalls.c.obj)
 .text          0x00000000        0x0 BINARY_DIR/libfp-sdk.a(thread.c.obj)
 .data          0x00000000        0x0 BINARY_DIR/libfp-sdk.a(thread.c.obj)
 .bss           0x00000000        0x0 BINARY_DIR/libfp-sdk.a(thread.c.obj)
 .text.slot_set_hrtt
                0x00000000      0x154 BINARY_DIR/libfp-sdk.a(thread.c.obj)
 .text.slot_set_srtt
                0x00000000       0x94 BINARY_DIR/libfp-sdk.a(thread.c.obj)
 .text.slot_disable
                0x00000000       0x94 BINARY_DIR/libfp-sdk.a(thread.c.obj)
 .text.tmode_get
                0x00000000       0x7c BINARY_DIR/libfp-sdk.a(thread.c.obj)
 .text.tmode_active
                0x00000000       0x98 BINARY_DIR/libfp-sdk.a(thread.c.obj)
 .text.tmode_sleep
                0x00000000       0x98 BINARY_DIR/libfp-sdk.a(thread.c.obj)
 .bss.exit_code
                0x00000000       0x10 BINARY_DIR/libfp-sdk.a(thread.c.obj)
 .sbss.cancel_requested
                0x00000000        0x4 BINARY_DIR/libfp-sdk.a(thread.c.obj)
 .text.check_args
                0x00000000       0x78 BINARY_DIR/libfp-sdk.a(thread.c.obj)
 .text.assign_hartid
                0x00000000       0xa0 BINARY_DIR/libfp-sdk.a(thread.c.obj)
 .text.fp_thread_create
                0x00000000       0xf0 BINARY_DIR/libfp-sdk.a(thread.c.obj)
 .text.fp_thread_map
                0x00000000      0x104 BINARY_DIR/libfp-sdk.a(thread.c.obj)
 .text.fp_thread_join
                0x00000000       0x88 BINARY_DIR/libfp-sdk.a(thread.c.obj)
 .text.fp_thread_exit
                0x00000000       0x7c BINARY_DIR/libfp-sdk.a(thread.c.obj)
 .text.fp_thread_cancel
                0x00000000       0x54 BINARY_DIR/libfp-sdk.a(thread.c.obj)
 .text.fp_thread_testcancel
                0x00000000       0xa0 BINARY_DIR/libfp-sdk.a(thread.c.obj)
 .rodata.__func__.1
                0x00000000        0xe BINARY_DIR/libfp-sdk.a(thread.c.obj)
 .text          0x00000000        0x0 BINARY_DIR/libfp-sdk.a(uart.c.obj)
 .data          0x00000000        0x0 BINARY_DIR/libfp-sdk.a(uart.c.obj)
 .bss           0x00000000        0x0 BINARY_DIR/libfp-sdk.a(uart.c.obj)
 .text.uart_send
                0x00000000       0x5c BINARY_DIR/libfp-sdk.a(uart.c.obj)
 .text.uart_available
                0x00000000       0x40 BINARY_DIR/libfp-sdk.a(uart.c.obj)
 .text.uart_receive
                0x00000000       0x54 BINARY_DIR/libfp-sdk.a(uart.c.obj)
 .debug_info    0x00000000      0x124 BINARY_DIR/libfp-sdk.a(uart.c.obj)
 .debug_abbrev  0x00000000       0xb2 BINARY_DIR/libfp-sdk.a(uart.c.obj)
 .debug_aranges
                0x00000000       0x30 BINARY_DIR/libfp-sdk.a(uart.c.obj)
 .debug_rnglists
                0x00000000       0x1f BINARY_DIR/libfp-sdk.a(uart.c.obj)
 .debug_line    0x00000000      0x105 BINARY_DIR/libfp-sdk.a(uart.c.obj)
 .debug_str     0x00000000      0x18b BINARY_DIR/libfp-sdk.a(uart.c.obj)
 .debug_line_str
                0x00000000      0x255 BINARY_DIR/libfp-sdk.a(uart.c.obj)
 .comment       0x00000000       0x35 BINARY_DIR/libfp-sdk.a(uart.c.obj)
 .note.GNU-stack
                0x00000000        0x0 BINARY_DIR/libfp-sdk.a(uart.c.obj)
 .debug_frame   0x00000000       0x88 BINARY_DIR/libfp-sdk.a(uart.c.obj)
 .riscv.attributes
                0x00000000       0x25 BINARY_DIR/libfp-sdk.a(uart.c.obj)
 .text          0x00000000        0x0 BINARY_DIR/libfp-sdk.a(wb.c.obj)
 .data          0x00000000        0x0 BINARY_DIR/libfp-sdk.a(wb.c.obj)
 .bss           0x00000000        0x0 BINARY_DIR/libfp-sdk.a(wb.c.obj)
 .text.wb_write
                0x00000000       0x68 BINARY_DIR/libfp-sdk.a(wb.c.obj)
 .text.wb_read  0x00000000       0x54 BINARY_DIR/libfp-sdk.a(wb.c.obj)
 .debug_info    0x00000000      0x127 BINARY_DIR/libfp-sdk.a(wb.c.obj)
 .debug_abbrev  0x00000000       0xac BINARY_DIR/libfp-sdk.a(wb.c.obj)
 .debug_aranges
                0x00000000       0x28 BINARY_DIR/libfp-sdk.a(wb.c.obj)
 .debug_rnglists
                0x00000000       0x19 BINARY_DIR/libfp-sdk.a(wb.c.obj)
 .debug_line    0x00000000      0x122 BINARY_DIR/libfp-sdk.a(wb.c.obj)
 .debug_str     0x00000000      0x183 BINARY_DIR/libfp-sdk.a(wb.c.obj)
 .debug_line_str
                0x00000000      0x222 BINARY_DIR/libfp-sdk.a(wb.c.obj)
 .comment       0x00000000       0x35 BINARY_DIR/libfp-sdk.a(wb.c.obj)
 .note.GNU-stack
                0x00000000        0x0 BINARY_DIR/libfp-sdk.a(wb.c.obj)
 .debug_frame   0x00000000       0x60 BINARY_DIR/libfp-sdk.a(wb.c.obj)
 .riscv.attributes
                0x00000000       0x25 BINARY_DIR/libfp-sdk.a(wb.c.obj)
 .text          0x00000000        0x0 BINARY_DIR/libfp-sdk.a(exceptions.c.obj)
 .data          0x00000000        0x0 BINARY_DIR/libfp-sdk.a(exceptions.c.obj)
 .bss           0x00000000        0x0 BINARY_DIR/libfp-sdk.a(exceptions.c.obj)
 .sdata.__stack_chk_guard
                0x00000000        0x4 BINARY_DIR/libfp-sdk.a(exceptions.c.obj)
 .text.__stack_chk_fail
                0x00000000       0xac BINARY_DIR/libfp-sdk.a(exceptions.c.obj)
 .text.register_isr
                0x00000000      0x12c BINARY_DIR/libfp-sdk.a(exceptions.c.obj)
 .rodata.__func__.2
                0x00000000       0x11 BINARY_DIR/libfp-sdk.a(exceptions.c.obj)
 .rodata.__func__.0
                0x00000000        0xd BINARY_DIR/libfp-sdk.a(exceptions.c.obj)
 .text          0x00000000        0x0 BINARY_DIR/libfp-sdk.a(lock.c.obj)
 .data          0x00000000        0x0 BINARY_DIR/libfp-sdk.a(lock.c.obj)
 .bss           0x00000000        0x0 BINARY_DIR/libfp-sdk.a(lock.c.obj)
 .data          0x00000000        0x0 BINARY_DIR/libfp-sdk.a(ctx_switch.S.obj)
 .bss           0x00000000        0x0 BINARY_DIR/libfp-sdk.a(ctx_switch.S.obj)
 .text          0x00000000        0x0 BINARY_DIR/external/printf/lib/libprintf.a(printf.c.obj)
 .data          0x00000000        0x0 BINARY_DIR/external/printf/lib/libprintf.a(printf.c.obj)
 .bss           0x00000000        0x0 BINARY_DIR/external/printf/lib/libprintf.a(printf.c.obj)
 .text.buffer_gadget
                0x00000000       0xa0 BINARY_DIR/external/printf/lib/libprintf.a(printf.c.obj)
 .text.vsnprintf
                0x00000000       0x68 BINARY_DIR/external/printf/lib/libprintf.a(printf.c.obj)
 .text.vsprintf
                0x00000000       0x50 BINARY_DIR/external/printf/lib/libprintf.a(printf.c.obj)
 .text.vfctprintf
                0x00000000       0x68 BINARY_DIR/external/printf/lib/libprintf.a(printf.c.obj)
 .text.sprintf  0x00000000       0x78 BINARY_DIR/external/printf/lib/libprintf.a(printf.c.obj)
 .text.snprintf
                0x00000000       0x7c BINARY_DIR/external/printf/lib/libprintf.a(printf.c.obj)
 .text.fctprintf
                0x00000000       0x7c BINARY_DIR/external/printf/lib/libprintf.a(printf.c.obj)
 .text          0x00000000        0x0 /opt/xpack-riscv-none-elf-gcc-14.2.0-2/bin/../lib/gcc/riscv-none-elf/14.2.0/rv32i/ilp32/libgcc.a(_udivdi3.o)
 .data          0x00000000        0x0 /opt/xpack-riscv-none-elf-gcc-14.2.0-2/bin/../lib/gcc/riscv-none-elf/14.2.0/rv32i/ilp32/libgcc.a(_udivdi3.o)
 .bss           0x00000000        0x0 /opt/xpack-riscv-none-elf-gcc-14.2.0-2/bin/../lib/gcc/riscv-none-elf/14.2.0/rv32i/ilp32/libgcc.a(_udivdi3.o)
 .text.__udivdi3
                0x00000000      0x724 /opt/xpack-riscv-none-elf-gcc-14.2.0-2/bin/../lib/gcc/riscv-none-elf/14.2.0/rv32i/ilp32/libgcc.a(_udivdi3.o)
 .comment       0x00000000       0x35 /opt/xpack-riscv-none-elf-gcc-14.2.0-2/bin/../lib/gcc/riscv-none-elf/14.2.0/rv32i/ilp32/libgcc.a(_udivdi3.o)
 .note.GNU-stack
                0x00000000        0x0 /opt/xpack-riscv-none-elf-gcc-14.2.0-2/bin/../lib/gcc/riscv-none-elf/14.2.0/rv32i/ilp32/libgcc.a(_udivdi3.o)
 .eh_frame      0x00000000       0xf8 /opt/xpack-riscv-none-elf-gcc-14.2.0-2/bin/../lib/gcc/riscv-none-elf/14.2.0/rv32i/ilp32/libgcc.a(_udivdi3.o)
 .riscv.attributes
                0x00000000       0x1c /opt/xpack-riscv-none-elf-gcc-14.2.0-2/bin/../lib/gcc/riscv-none-elf/14.2.0/rv32i/ilp32/libgcc.a(_udivdi3.o)
 .text          0x00000000        0x0 /opt/xpack-riscv-none-elf-gcc-14.2.0-2/bin/../lib/gcc/riscv-none-elf/14.2.0/rv32i/ilp32/libgcc.a(_umoddi3.o)
 .data          0x00000000        0x0 /opt/xpack-riscv-none-elf-gcc-14.2.0-2/bin/../lib/gcc/riscv-none-elf/14.2.0/rv32i/ilp32/libgcc.a(_umoddi3.o)
 .bss           0x00000000        0x0 /opt/xpack-riscv-none-elf-gcc-14.2.0-2/bin/../lib/gcc/riscv-none-elf/14.2.0/rv32i/ilp32/libgcc.a(_umoddi3.o)
 .text.__umoddi3
                0x00000000      0x6c0 /opt/xpack-riscv-none-elf-gcc-14.2.0-2/bin/../lib/gcc/riscv-none-elf/14.2.0/rv32i/ilp32/libgcc.a(_umoddi3.o)
 .comment       0x00000000       0x35 /opt/xpack-riscv-none-elf-gcc-14.2.0-2/bin/../lib/gcc/riscv-none-elf/14.2.0/rv32i/ilp32/libgcc.a(_umoddi3.o)
 .note.GNU-stack
                0x00000000        0x0 /opt/xpack-riscv-none-elf-gcc-14.2.0-2/bin/../lib/gcc/riscv-none-elf/14.2.0/rv32i/ilp32/libgcc.a(_umoddi3.o)
 .eh_frame      0x00000000       0xe0 /opt/xpack-riscv-none-elf-gcc-14.2.0-2/bin/../lib/gcc/riscv-none-elf/14.2.0/rv32i/ilp32/libgcc.a(_umoddi3.o)
 .riscv.attributes
                0x00000000       0x1c /opt/xpack-riscv-none-elf-gcc-14.2.0-2/bin/../lib/gcc/riscv-none-elf/14.2.0/rv32i/ilp32/libgcc.a(_umoddi3.o)
 .text          0x00000000       0x24 /opt/xpack-riscv-none-elf-gcc-14.2.0-2/bin/../lib/gcc/riscv-none-elf/14.2.0/rv32i/ilp32/libgcc.a(muldi3.o)
 .data          0x00000000        0x0 /opt/xpack-riscv-none-elf-gcc-14.2.0-2/bin/../lib/gcc/riscv-none-elf/14.2.0/rv32i/ilp32/libgcc.a(muldi3.o)
 .bss           0x00000000        0x0 /opt/xpack-riscv-none-elf-gcc-14.2.0-2/bin/../lib/gcc/riscv-none-elf/14.2.0/rv32i/ilp32/libgcc.a(muldi3.o)
 .riscv.attributes
                0x00000000       0x1a /opt/xpack-riscv-none-elf-gcc-14.2.0-2/bin/../lib/gcc/riscv-none-elf/14.2.0/rv32i/ilp32/libgcc.a(muldi3.o)
 .data          0x00000000        0x0 /opt/xpack-riscv-none-elf-gcc-14.2.0-2/bin/../lib/gcc/riscv-none-elf/14.2.0/rv32i/ilp32/libgcc.a(div.o)
 .bss           0x00000000        0x0 /opt/xpack-riscv-none-elf-gcc-14.2.0-2/bin/../lib/gcc/riscv-none-elf/14.2.0/rv32i/ilp32/libgcc.a(div.o)
 .text          0x00000000        0x0 /opt/xpack-riscv-none-elf-gcc-14.2.0-2/bin/../lib/gcc/riscv-none-elf/14.2.0/rv32i/ilp32/libgcc.a(_clz.o)
 .data          0x00000000        0x0 /opt/xpack-riscv-none-elf-gcc-14.2.0-2/bin/../lib/gcc/riscv-none-elf/14.2.0/rv32i/ilp32/libgcc.a(_clz.o)
 .bss           0x00000000        0x0 /opt/xpack-riscv-none-elf-gcc-14.2.0-2/bin/../lib/gcc/riscv-none-elf/14.2.0/rv32i/ilp32/libgcc.a(_clz.o)
 .rodata.__clz_tab
                0x00000000      0x100 /opt/xpack-riscv-none-elf-gcc-14.2.0-2/bin/../lib/gcc/riscv-none-elf/14.2.0/rv32i/ilp32/libgcc.a(_clz.o)
 .comment       0x00000000       0x35 /opt/xpack-riscv-none-elf-gcc-14.2.0-2/bin/../lib/gcc/riscv-none-elf/14.2.0/rv32i/ilp32/libgcc.a(_clz.o)
 .note.GNU-stack
                0x00000000        0x0 /opt/xpack-riscv-none-elf-gcc-14.2.0-2/bin/../lib/gcc/riscv-none-elf/14.2.0/rv32i/ilp32/libgcc.a(_clz.o)
 .riscv.attributes
                0x00000000       0x1c /opt/xpack-riscv-none-elf-gcc-14.2.0-2/bin/../lib/gcc/riscv-none-elf/14.2.0/rv32i/ilp32/libgcc.a(_clz.o)
 .text          0x00000000        0x0 /opt/xpack-riscv-none-elf-gcc-14.2.0-2/bin/../lib/gcc/riscv-none-elf/14.2.0/../../../../riscv-none-elf/lib/rv32i/ilp32/libc.a(libc_a-malloc.o)
 .data          0x00000000        0x0 /opt/xpack-riscv-none-elf-gcc-14.2.0-2/bin/../lib/gcc/riscv-none-elf/14.2.0/../../../../riscv-none-elf/lib/rv32i/ilp32/libc.a(libc_a-malloc.o)
 .bss           0x00000000        0x0 /opt/xpack-riscv-none-elf-gcc-14.2.0-2/bin/../lib/gcc/riscv-none-elf/14.2.0/../../../../riscv-none-elf/lib/rv32i/ilp32/libc.a(libc_a-malloc.o)
 .text.free     0x00000000       0x14 /opt/xpack-riscv-none-elf-gcc-14.2.0-2/bin/../lib/gcc/riscv-none-elf/14.2.0/../../../../riscv-none-elf/lib/rv32i/ilp32/libc.a(libc_a-malloc.o)
 .text          0x00000000        0x0 /opt/xpack-riscv-none-elf-gcc-14.2.0-2/bin/../lib/gcc/riscv-none-elf/14.2.0/../../../../riscv-none-elf/lib/rv32i/ilp32/libc.a(libc_a-mallocr.o)
 .data          0x00000000        0x0 /opt/xpack-riscv-none-elf-gcc-14.2.0-2/bin/../lib/gcc/riscv-none-elf/14.2.0/../../../../riscv-none-elf/lib/rv32i/ilp32/libc.a(libc_a-mallocr.o)
 .bss           0x00000000        0x0 /opt/xpack-riscv-none-elf-gcc-14.2.0-2/bin/../lib/gcc/riscv-none-elf/14.2.0/../../../../riscv-none-elf/lib/rv32i/ilp32/libc.a(libc_a-mallocr.o)
 .text          0x00000000        0x0 /opt/xpack-riscv-none-elf-gcc-14.2.0-2/bin/../lib/gcc/riscv-none-elf/14.2.0/../../../../riscv-none-elf/lib/rv32i/ilp32/libc.a(libc_a-impure.o)
 .data          0x00000000        0x0 /opt/xpack-riscv-none-elf-gcc-14.2.0-2/bin/../lib/gcc/riscv-none-elf/14.2.0/../../../../riscv-none-elf/lib/rv32i/ilp32/libc.a(libc_a-impure.o)
 .bss           0x00000000        0x0 /opt/xpack-riscv-none-elf-gcc-14.2.0-2/bin/../lib/gcc/riscv-none-elf/14.2.0/../../../../riscv-none-elf/lib/rv32i/ilp32/libc.a(libc_a-impure.o)
 .text          0x00000000        0x0 /opt/xpack-riscv-none-elf-gcc-14.2.0-2/bin/../lib/gcc/riscv-none-elf/14.2.0/../../../../riscv-none-elf/lib/rv32i/ilp32/libc.a(libc_a-sbrkr.o)
 .data          0x00000000        0x0 /opt/xpack-riscv-none-elf-gcc-14.2.0-2/bin/../lib/gcc/riscv-none-elf/14.2.0/../../../../riscv-none-elf/lib/rv32i/ilp32/libc.a(libc_a-sbrkr.o)
 .bss           0x00000000        0x0 /opt/xpack-riscv-none-elf-gcc-14.2.0-2/bin/../lib/gcc/riscv-none-elf/14.2.0/../../../../riscv-none-elf/lib/rv32i/ilp32/libc.a(libc_a-sbrkr.o)
 .data          0x00000000        0x0 /opt/xpack-riscv-none-elf-gcc-14.2.0-2/bin/../lib/gcc/riscv-none-elf/14.2.0/../../../../riscv-none-elf/lib/rv32i/ilp32/libc.a(libc_a-setjmp.o)
 .bss           0x00000000        0x0 /opt/xpack-riscv-none-elf-gcc-14.2.0-2/bin/../lib/gcc/riscv-none-elf/14.2.0/../../../../riscv-none-elf/lib/rv32i/ilp32/libc.a(libc_a-setjmp.o)
 .text          0x00000000        0x0 /opt/xpack-riscv-none-elf-gcc-14.2.0-2/bin/../lib/gcc/riscv-none-elf/14.2.0/../../../../riscv-none-elf/lib/rv32i/ilp32/libc.a(libc_a-freer.o)
 .data          0x00000000        0x0 /opt/xpack-riscv-none-elf-gcc-14.2.0-2/bin/../lib/gcc/riscv-none-elf/14.2.0/../../../../riscv-none-elf/lib/rv32i/ilp32/libc.a(libc_a-freer.o)
 .bss           0x00000000        0x0 /opt/xpack-riscv-none-elf-gcc-14.2.0-2/bin/../lib/gcc/riscv-none-elf/14.2.0/../../../../riscv-none-elf/lib/rv32i/ilp32/libc.a(libc_a-freer.o)
 .text          0x00000000        0x0 /opt/xpack-riscv-none-elf-gcc-14.2.0-2/bin/../lib/gcc/riscv-none-elf/14.2.0/../../../../riscv-none-elf/lib/rv32i/ilp32/libc.a(libc_a-findfp.o)
 .data          0x00000000        0x0 /opt/xpack-riscv-none-elf-gcc-14.2.0-2/bin/../lib/gcc/riscv-none-elf/14.2.0/../../../../riscv-none-elf/lib/rv32i/ilp32/libc.a(libc_a-findfp.o)
 .bss           0x00000000        0x0 /opt/xpack-riscv-none-elf-gcc-14.2.0-2/bin/../lib/gcc/riscv-none-elf/14.2.0/../../../../riscv-none-elf/lib/rv32i/ilp32/libc.a(libc_a-findfp.o)
 .text.stdio_exit_handler
                0x00000000       0x20 /opt/xpack-riscv-none-elf-gcc-14.2.0-2/bin/../lib/gcc/riscv-none-elf/14.2.0/../../../../riscv-none-elf/lib/rv32i/ilp32/libc.a(libc_a-findfp.o)
 .text.cleanup_stdio
                0x00000000       0x7c /opt/xpack-riscv-none-elf-gcc-14.2.0-2/bin/../lib/gcc/riscv-none-elf/14.2.0/../../../../riscv-none-elf/lib/rv32i/ilp32/libc.a(libc_a-findfp.o)
 .text.__fp_lock
                0x00000000       0x44 /opt/xpack-riscv-none-elf-gcc-14.2.0-2/bin/../lib/gcc/riscv-none-elf/14.2.0/../../../../riscv-none-elf/lib/rv32i/ilp32/libc.a(libc_a-findfp.o)
 .text.__fp_unlock
                0x00000000       0x44 /opt/xpack-riscv-none-elf-gcc-14.2.0-2/bin/../lib/gcc/riscv-none-elf/14.2.0/../../../../riscv-none-elf/lib/rv32i/ilp32/libc.a(libc_a-findfp.o)
 .text.global_stdio_init.part.0
                0x00000000      0x1a8 /opt/xpack-riscv-none-elf-gcc-14.2.0-2/bin/../lib/gcc/riscv-none-elf/14.2.0/../../../../riscv-none-elf/lib/rv32i/ilp32/libc.a(libc_a-findfp.o)
 .text.__sfp    0x00000000      0x178 /opt/xpack-riscv-none-elf-gcc-14.2.0-2/bin/../lib/gcc/riscv-none-elf/14.2.0/../../../../riscv-none-elf/lib/rv32i/ilp32/libc.a(libc_a-findfp.o)
 .text.__sinit  0x00000000       0x80 /opt/xpack-riscv-none-elf-gcc-14.2.0-2/bin/../lib/gcc/riscv-none-elf/14.2.0/../../../../riscv-none-elf/lib/rv32i/ilp32/libc.a(libc_a-findfp.o)
 .text.__sfp_lock_acquire
                0x00000000       0x10 /opt/xpack-riscv-none-elf-gcc-14.2.0-2/bin/../lib/gcc/riscv-none-elf/14.2.0/../../../../riscv-none-elf/lib/rv32i/ilp32/libc.a(libc_a-findfp.o)
 .text.__sfp_lock_release
                0x00000000       0x10 /opt/xpack-riscv-none-elf-gcc-14.2.0-2/bin/../lib/gcc/riscv-none-elf/14.2.0/../../../../riscv-none-elf/lib/rv32i/ilp32/libc.a(libc_a-findfp.o)
 .text.__fp_lock_all
                0x00000000       0x3c /opt/xpack-riscv-none-elf-gcc-14.2.0-2/bin/../lib/gcc/riscv-none-elf/14.2.0/../../../../riscv-none-elf/lib/rv32i/ilp32/libc.a(libc_a-findfp.o)
 .text.__fp_unlock_all
                0x00000000       0x3c /opt/xpack-riscv-none-elf-gcc-14.2.0-2/bin/../lib/gcc/riscv-none-elf/14.2.0/../../../../riscv-none-elf/lib/rv32i/ilp32/libc.a(libc_a-findfp.o)
 .data.__sglue  0x00000000        0xc /opt/xpack-riscv-none-elf-gcc-14.2.0-2/bin/../lib/gcc/riscv-none-elf/14.2.0/../../../../riscv-none-elf/lib/rv32i/ilp32/libc.a(libc_a-findfp.o)
 .sbss.__stdio_exit_handler
                0x00000000        0x4 /opt/xpack-riscv-none-elf-gcc-14.2.0-2/bin/../lib/gcc/riscv-none-elf/14.2.0/../../../../riscv-none-elf/lib/rv32i/ilp32/libc.a(libc_a-findfp.o)
 .text          0x00000000        0x0 /opt/xpack-riscv-none-elf-gcc-14.2.0-2/bin/../lib/gcc/riscv-none-elf/14.2.0/../../../../riscv-none-elf/lib/rv32i/ilp32/libc.a(libc_a-fwalk.o)
 .data          0x00000000        0x0 /opt/xpack-riscv-none-elf-gcc-14.2.0-2/bin/../lib/gcc/riscv-none-elf/14.2.0/../../../../riscv-none-elf/lib/rv32i/ilp32/libc.a(libc_a-fwalk.o)
 .bss           0x00000000        0x0 /opt/xpack-riscv-none-elf-gcc-14.2.0-2/bin/../lib/gcc/riscv-none-elf/14.2.0/../../../../riscv-none-elf/lib/rv32i/ilp32/libc.a(libc_a-fwalk.o)
 .text._fwalk_sglue
                0x00000000       0xb4 /opt/xpack-riscv-none-elf-gcc-14.2.0-2/bin/../lib/gcc/riscv-none-elf/14.2.0/../../../../riscv-none-elf/lib/rv32i/ilp32/libc.a(libc_a-fwalk.o)
 .comment       0x00000000       0x35 /opt/xpack-riscv-none-elf-gcc-14.2.0-2/bin/../lib/gcc/riscv-none-elf/14.2.0/../../../../riscv-none-elf/lib/rv32i/ilp32/libc.a(libc_a-fwalk.o)
 .note.GNU-stack
                0x00000000        0x0 /opt/xpack-riscv-none-elf-gcc-14.2.0-2/bin/../lib/gcc/riscv-none-elf/14.2.0/../../../../riscv-none-elf/lib/rv32i/ilp32/libc.a(libc_a-fwalk.o)
 .riscv.attributes
                0x00000000       0x1c /opt/xpack-riscv-none-elf-gcc-14.2.0-2/bin/../lib/gcc/riscv-none-elf/14.2.0/../../../../riscv-none-elf/lib/rv32i/ilp32/libc.a(libc_a-fwalk.o)
 .text          0x00000000        0x0 /opt/xpack-riscv-none-elf-gcc-14.2.0-2/bin/../lib/gcc/riscv-none-elf/14.2.0/../../../../riscv-none-elf/lib/rv32i/ilp32/libc.a(libc_a-stdio.o)
 .data          0x00000000        0x0 /opt/xpack-riscv-none-elf-gcc-14.2.0-2/bin/../lib/gcc/riscv-none-elf/14.2.0/../../../../riscv-none-elf/lib/rv32i/ilp32/libc.a(libc_a-stdio.o)
 .bss           0x00000000        0x0 /opt/xpack-riscv-none-elf-gcc-14.2.0-2/bin/../lib/gcc/riscv-none-elf/14.2.0/../../../../riscv-none-elf/lib/rv32i/ilp32/libc.a(libc_a-stdio.o)
 .text.__sread  0x00000000       0x60 /opt/xpack-riscv-none-elf-gcc-14.2.0-2/bin/../lib/gcc/riscv-none-elf/14.2.0/../../../../riscv-none-elf/lib/rv32i/ilp32/libc.a(libc_a-stdio.o)
 .text.__seofread
                0x00000000        0x8 /opt/xpack-riscv-none-elf-gcc-14.2.0-2/bin/../lib/gcc/riscv-none-elf/14.2.0/../../../../riscv-none-elf/lib/rv32i/ilp32/libc.a(libc_a-stdio.o)
 .text.__swrite
                0x00000000       0x90 /opt/xpack-riscv-none-elf-gcc-14.2.0-2/bin/../lib/gcc/riscv-none-elf/14.2.0/../../../../riscv-none-elf/lib/rv32i/ilp32/libc.a(libc_a-stdio.o)
 .text.__sseek  0x00000000       0x68 /opt/xpack-riscv-none-elf-gcc-14.2.0-2/bin/../lib/gcc/riscv-none-elf/14.2.0/../../../../riscv-none-elf/lib/rv32i/ilp32/libc.a(libc_a-stdio.o)
 .text.__sclose
                0x00000000        0xc /opt/xpack-riscv-none-elf-gcc-14.2.0-2/bin/../lib/gcc/riscv-none-elf/14.2.0/../../../../riscv-none-elf/lib/rv32i/ilp32/libc.a(libc_a-stdio.o)
 .comment       0x00000000       0x35 /opt/xpack-riscv-none-elf-gcc-14.2.0-2/bin/../lib/gcc/riscv-none-elf/14.2.0/../../../../riscv-none-elf/lib/rv32i/ilp32/libc.a(libc_a-stdio.o)
 .note.GNU-stack
                0x00000000        0x0 /opt/xpack-riscv-none-elf-gcc-14.2.0-2/bin/../lib/gcc/riscv-none-elf/14.2.0/../../../../riscv-none-elf/lib/rv32i/ilp32/libc.a(libc_a-stdio.o)
 .riscv.attributes
                0x00000000       0x1c /opt/xpack-riscv-none-elf-gcc-14.2.0-2/bin/../lib/gcc/riscv-none-elf/14.2.0/../../../../riscv-none-elf/lib/rv32i/ilp32/libc.a(libc_a-stdio.o)
 .text          0x00000000        0x0 /opt/xpack-riscv-none-elf-gcc-14.2.0-2/bin/../lib/gcc/riscv-none-elf/14.2.0/../../../../riscv-none-elf/lib/rv32i/ilp32/libc.a(libc_a-closer.o)
 .data          0x00000000        0x0 /opt/xpack-riscv-none-elf-gcc-14.2.0-2/bin/../lib/gcc/riscv-none-elf/14.2.0/../../../../riscv-none-elf/lib/rv32i/ilp32/libc.a(libc_a-closer.o)
 .bss           0x00000000        0x0 /opt/xpack-riscv-none-elf-gcc-14.2.0-2/bin/../lib/gcc/riscv-none-elf/14.2.0/../../../../riscv-none-elf/lib/rv32i/ilp32/libc.a(libc_a-closer.o)
 .text._close_r
                0x00000000       0x7c /opt/xpack-riscv-none-elf-gcc-14.2.0-2/bin/../lib/gcc/riscv-none-elf/14.2.0/../../../../riscv-none-elf/lib/rv32i/ilp32/libc.a(libc_a-closer.o)
 .comment       0x00000000       0x35 /opt/xpack-riscv-none-elf-gcc-14.2.0-2/bin/../lib/gcc/riscv-none-elf/14.2.0/../../../../riscv-none-elf/lib/rv32i/ilp32/libc.a(libc_a-closer.o)
 .note.GNU-stack
                0x00000000        0x0 /opt/xpack-riscv-none-elf-gcc-14.2.0-2/bin/../lib/gcc/riscv-none-elf/14.2.0/../../../../riscv-none-elf/lib/rv32i/ilp32/libc.a(libc_a-closer.o)
 .riscv.attributes
                0x00000000       0x1c /opt/xpack-riscv-none-elf-gcc-14.2.0-2/bin/../lib/gcc/riscv-none-elf/14.2.0/../../../../riscv-none-elf/lib/rv32i/ilp32/libc.a(libc_a-closer.o)
 .text          0x00000000        0x0 /opt/xpack-riscv-none-elf-gcc-14.2.0-2/bin/../lib/gcc/riscv-none-elf/14.2.0/../../../../riscv-none-elf/lib/rv32i/ilp32/libc.a(libc_a-reent.o)
 .data          0x00000000        0x0 /opt/xpack-riscv-none-elf-gcc-14.2.0-2/bin/../lib/gcc/riscv-none-elf/14.2.0/../../../../riscv-none-elf/lib/rv32i/ilp32/libc.a(libc_a-reent.o)
 .bss           0x00000000        0x0 /opt/xpack-riscv-none-elf-gcc-14.2.0-2/bin/../lib/gcc/riscv-none-elf/14.2.0/../../../../riscv-none-elf/lib/rv32i/ilp32/libc.a(libc_a-reent.o)
 .text._reclaim_reent
                0x00000000       0xfc /opt/xpack-riscv-none-elf-gcc-14.2.0-2/bin/../lib/gcc/riscv-none-elf/14.2.0/../../../../riscv-none-elf/lib/rv32i/ilp32/libc.a(libc_a-reent.o)
 .text          0x00000000        0x0 /opt/xpack-riscv-none-elf-gcc-14.2.0-2/bin/../lib/gcc/riscv-none-elf/14.2.0/../../../../riscv-none-elf/lib/rv32i/ilp32/libc.a(libc_a-lseekr.o)
 .data          0x00000000        0x0 /opt/xpack-riscv-none-elf-gcc-14.2.0-2/bin/../lib/gcc/riscv-none-elf/14.2.0/../../../../riscv-none-elf/lib/rv32i/ilp32/libc.a(libc_a-lseekr.o)
 .bss           0x00000000        0x0 /opt/xpack-riscv-none-elf-gcc-14.2.0-2/bin/../lib/gcc/riscv-none-elf/14.2.0/../../../../riscv-none-elf/lib/rv32i/ilp32/libc.a(libc_a-lseekr.o)
 .text._lseek_r
                0x00000000       0x88 /opt/xpack-riscv-none-elf-gcc-14.2.0-2/bin/../lib/gcc/riscv-none-elf/14.2.0/../../../../riscv-none-elf/lib/rv32i/ilp32/libc.a(libc_a-lseekr.o)
 .comment       0x00000000       0x35 /opt/xpack-riscv-none-elf-gcc-14.2.0-2/bin/../lib/gcc/riscv-none-elf/14.2.0/../../../../riscv-none-elf/lib/rv32i/ilp32/libc.a(libc_a-lseekr.o)
 .note.GNU-stack
                0x00000000        0x0 /opt/xpack-riscv-none-elf-gcc-14.2.0-2/bin/../lib/gcc/riscv-none-elf/14.2.0/../../../../riscv-none-elf/lib/rv32i/ilp32/libc.a(libc_a-lseekr.o)
 .riscv.attributes
                0x00000000       0x1c /opt/xpack-riscv-none-elf-gcc-14.2.0-2/bin/../lib/gcc/riscv-none-elf/14.2.0/../../../../riscv-none-elf/lib/rv32i/ilp32/libc.a(libc_a-lseekr.o)
 .text          0x00000000        0x0 /opt/xpack-riscv-none-elf-gcc-14.2.0-2/bin/../lib/gcc/riscv-none-elf/14.2.0/../../../../riscv-none-elf/lib/rv32i/ilp32/libc.a(libc_a-readr.o)
 .data          0x00000000        0x0 /opt/xpack-riscv-none-elf-gcc-14.2.0-2/bin/../lib/gcc/riscv-none-elf/14.2.0/../../../../riscv-none-elf/lib/rv32i/ilp32/libc.a(libc_a-readr.o)
 .bss           0x00000000        0x0 /opt/xpack-riscv-none-elf-gcc-14.2.0-2/bin/../lib/gcc/riscv-none-elf/14.2.0/../../../../riscv-none-elf/lib/rv32i/ilp32/libc.a(libc_a-readr.o)
 .text._read_r  0x00000000       0x88 /opt/xpack-riscv-none-elf-gcc-14.2.0-2/bin/../lib/gcc/riscv-none-elf/14.2.0/../../../../riscv-none-elf/lib/rv32i/ilp32/libc.a(libc_a-readr.o)
 .comment       0x00000000       0x35 /opt/xpack-riscv-none-elf-gcc-14.2.0-2/bin/../lib/gcc/riscv-none-elf/14.2.0/../../../../riscv-none-elf/lib/rv32i/ilp32/libc.a(libc_a-readr.o)
 .note.GNU-stack
                0x00000000        0x0 /opt/xpack-riscv-none-elf-gcc-14.2.0-2/bin/../lib/gcc/riscv-none-elf/14.2.0/../../../../riscv-none-elf/lib/rv32i/ilp32/libc.a(libc_a-readr.o)
 .riscv.attributes
                0x00000000       0x1c /opt/xpack-riscv-none-elf-gcc-14.2.0-2/bin/../lib/gcc/riscv-none-elf/14.2.0/../../../../riscv-none-elf/lib/rv32i/ilp32/libc.a(libc_a-readr.o)
 .text          0x00000000        0x0 /opt/xpack-riscv-none-elf-gcc-14.2.0-2/bin/../lib/gcc/riscv-none-elf/14.2.0/../../../../riscv-none-elf/lib/rv32i/ilp32/libc.a(libc_a-writer.o)
 .data          0x00000000        0x0 /opt/xpack-riscv-none-elf-gcc-14.2.0-2/bin/../lib/gcc/riscv-none-elf/14.2.0/../../../../riscv-none-elf/lib/rv32i/ilp32/libc.a(libc_a-writer.o)
 .bss           0x00000000        0x0 /opt/xpack-riscv-none-elf-gcc-14.2.0-2/bin/../lib/gcc/riscv-none-elf/14.2.0/../../../../riscv-none-elf/lib/rv32i/ilp32/libc.a(libc_a-writer.o)
 .text._write_r
                0x00000000       0x88 /opt/xpack-riscv-none-elf-gcc-14.2.0-2/bin/../lib/gcc/riscv-none-elf/14.2.0/../../../../riscv-none-elf/lib/rv32i/ilp32/libc.a(libc_a-writer.o)
 .comment       0x00000000       0x35 /opt/xpack-riscv-none-elf-gcc-14.2.0-2/bin/../lib/gcc/riscv-none-elf/14.2.0/../../../../riscv-none-elf/lib/rv32i/ilp32/libc.a(libc_a-writer.o)
 .note.GNU-stack
                0x00000000        0x0 /opt/xpack-riscv-none-elf-gcc-14.2.0-2/bin/../lib/gcc/riscv-none-elf/14.2.0/../../../../riscv-none-elf/lib/rv32i/ilp32/libc.a(libc_a-writer.o)
 .riscv.attributes
                0x00000000       0x1c /opt/xpack-riscv-none-elf-gcc-14.2.0-2/bin/../lib/gcc/riscv-none-elf/14.2.0/../../../../riscv-none-elf/lib/rv32i/ilp32/libc.a(libc_a-writer.o)
 .text          0x00000000        0x0 /opt/xpack-riscv-none-elf-gcc-14.2.0-2/bin/../lib/gcc/riscv-none-elf/14.2.0/../../../../riscv-none-elf/lib/rv32i/ilp32/libc.a(libc_a-lock.o)
 .data          0x00000000        0x0 /opt/xpack-riscv-none-elf-gcc-14.2.0-2/bin/../lib/gcc/riscv-none-elf/14.2.0/../../../../riscv-none-elf/lib/rv32i/ilp32/libc.a(libc_a-lock.o)
 .bss           0x00000000        0x0 /opt/xpack-riscv-none-elf-gcc-14.2.0-2/bin/../lib/gcc/riscv-none-elf/14.2.0/../../../../riscv-none-elf/lib/rv32i/ilp32/libc.a(libc_a-lock.o)
 .text.__retarget_lock_init
                0x00000000        0x4 /opt/xpack-riscv-none-elf-gcc-14.2.0-2/bin/../lib/gcc/riscv-none-elf/14.2.0/../../../../riscv-none-elf/lib/rv32i/ilp32/libc.a(libc_a-lock.o)
 .text.__retarget_lock_init_recursive
                0x00000000        0x4 /opt/xpack-riscv-none-elf-gcc-14.2.0-2/bin/../lib/gcc/riscv-none-elf/14.2.0/../../../../riscv-none-elf/lib/rv32i/ilp32/libc.a(libc_a-lock.o)
 .text.__retarget_lock_close
                0x00000000        0x4 /opt/xpack-riscv-none-elf-gcc-14.2.0-2/bin/../lib/gcc/riscv-none-elf/14.2.0/../../../../riscv-none-elf/lib/rv32i/ilp32/libc.a(libc_a-lock.o)
 .text.__retarget_lock_close_recursive
                0x00000000        0x4 /opt/xpack-riscv-none-elf-gcc-14.2.0-2/bin/../lib/gcc/riscv-none-elf/14.2.0/../../../../riscv-none-elf/lib/rv32i/ilp32/libc.a(libc_a-lock.o)
 .text.__retarget_lock_acquire
                0x00000000        0x4 /opt/xpack-riscv-none-elf-gcc-14.2.0-2/bin/../lib/gcc/riscv-none-elf/14.2.0/../../../../riscv-none-elf/lib/rv32i/ilp32/libc.a(libc_a-lock.o)
 .text.__retarget_lock_acquire_recursive
                0x00000000        0x4 /opt/xpack-riscv-none-elf-gcc-14.2.0-2/bin/../lib/gcc/riscv-none-elf/14.2.0/../../../../riscv-none-elf/lib/rv32i/ilp32/libc.a(libc_a-lock.o)
 .text.__retarget_lock_try_acquire
                0x00000000        0x8 /opt/xpack-riscv-none-elf-gcc-14.2.0-2/bin/../lib/gcc/riscv-none-elf/14.2.0/../../../../riscv-none-elf/lib/rv32i/ilp32/libc.a(libc_a-lock.o)
 .text.__retarget_lock_try_acquire_recursive
                0x00000000        0x8 /opt/xpack-riscv-none-elf-gcc-14.2.0-2/bin/../lib/gcc/riscv-none-elf/14.2.0/../../../../riscv-none-elf/lib/rv32i/ilp32/libc.a(libc_a-lock.o)
 .text.__retarget_lock_release
                0x00000000        0x4 /opt/xpack-riscv-none-elf-gcc-14.2.0-2/bin/../lib/gcc/riscv-none-elf/14.2.0/../../../../riscv-none-elf/lib/rv32i/ilp32/libc.a(libc_a-lock.o)
 .text.__retarget_lock_release_recursive
                0x00000000        0x4 /opt/xpack-riscv-none-elf-gcc-14.2.0-2/bin/../lib/gcc/riscv-none-elf/14.2.0/../../../../riscv-none-elf/lib/rv32i/ilp32/libc.a(libc_a-lock.o)
 .sbss.__lock___arc4random_mutex
                0x00000000        0x1 /opt/xpack-riscv-none-elf-gcc-14.2.0-2/bin/../lib/gcc/riscv-none-elf/14.2.0/../../../../riscv-none-elf/lib/rv32i/ilp32/libc.a(libc_a-lock.o)
 .sbss.__lock___dd_hash_mutex
                0x00000000        0x1 /opt/xpack-riscv-none-elf-gcc-14.2.0-2/bin/../lib/gcc/riscv-none-elf/14.2.0/../../../../riscv-none-elf/lib/rv32i/ilp32/libc.a(libc_a-lock.o)
 .sbss.__lock___tz_mutex
                0x00000000        0x1 /opt/xpack-riscv-none-elf-gcc-14.2.0-2/bin/../lib/gcc/riscv-none-elf/14.2.0/../../../../riscv-none-elf/lib/rv32i/ilp32/libc.a(libc_a-lock.o)
 .sbss.__lock___env_recursive_mutex
                0x00000000        0x1 /opt/xpack-riscv-none-elf-gcc-14.2.0-2/bin/../lib/gcc/riscv-none-elf/14.2.0/../../../../riscv-none-elf/lib/rv32i/ilp32/libc.a(libc_a-lock.o)
 .sbss.__lock___malloc_recursive_mutex
                0x00000000        0x1 /opt/xpack-riscv-none-elf-gcc-14.2.0-2/bin/../lib/gcc/riscv-none-elf/14.2.0/../../../../riscv-none-elf/lib/rv32i/ilp32/libc.a(libc_a-lock.o)
 .sbss.__lock___at_quick_exit_mutex
                0x00000000        0x1 /opt/xpack-riscv-none-elf-gcc-14.2.0-2/bin/../lib/gcc/riscv-none-elf/14.2.0/../../../../riscv-none-elf/lib/rv32i/ilp32/libc.a(libc_a-lock.o)
 .sbss.__lock___atexit_recursive_mutex
                0x00000000        0x1 /opt/xpack-riscv-none-elf-gcc-14.2.0-2/bin/../lib/gcc/riscv-none-elf/14.2.0/../../../../riscv-none-elf/lib/rv32i/ilp32/libc.a(libc_a-lock.o)
 .sbss.__lock___sfp_recursive_mutex
                0x00000000        0x1 /opt/xpack-riscv-none-elf-gcc-14.2.0-2/bin/../lib/gcc/riscv-none-elf/14.2.0/../../../../riscv-none-elf/lib/rv32i/ilp32/libc.a(libc_a-lock.o)
 .comment       0x00000000       0x35 /opt/xpack-riscv-none-elf-gcc-14.2.0-2/bin/../lib/gcc/riscv-none-elf/14.2.0/../../../../riscv-none-elf/lib/rv32i/ilp32/libc.a(libc_a-lock.o)
 .note.GNU-stack
                0x00000000        0x0 /opt/xpack-riscv-none-elf-gcc-14.2.0-2/bin/../lib/gcc/riscv-none-elf/14.2.0/../../../../riscv-none-elf/lib/rv32i/ilp32/libc.a(libc_a-lock.o)
 .riscv.attributes
                0x00000000       0x1c /opt/xpack-riscv-none-elf-gcc-14.2.0-2/bin/../lib/gcc/riscv-none-elf/14.2.0/../../../../riscv-none-elf/lib/rv32i/ilp32/libc.a(libc_a-lock.o)
 .text          0x00000000       0xdc /opt/xpack-riscv-none-elf-gcc-14.2.0-2/bin/../lib/gcc/riscv-none-elf/14.2.0/../../../../riscv-none-elf/lib/rv32i/ilp32/libc.a(libc_a-memset.o)
 .data          0x00000000        0x0 /opt/xpack-riscv-none-elf-gcc-14.2.0-2/bin/../lib/gcc/riscv-none-elf/14.2.0/../../../../riscv-none-elf/lib/rv32i/ilp32/libc.a(libc_a-memset.o)
 .bss           0x00000000        0x0 /opt/xpack-riscv-none-elf-gcc-14.2.0-2/bin/../lib/gcc/riscv-none-elf/14.2.0/../../../../riscv-none-elf/lib/rv32i/ilp32/libc.a(libc_a-memset.o)
 .riscv.attributes
                0x00000000       0x1a /opt/xpack-riscv-none-elf-gcc-14.2.0-2/bin/../lib/gcc/riscv-none-elf/14.2.0/../../../../riscv-none-elf/lib/rv32i/ilp32/libc.a(libc_a-memset.o)
 .text          0x00000000        0x0 /opt/xpack-riscv-none-elf-gcc-14.2.0-2/bin/../lib/gcc/riscv-none-elf/14.2.0/../../../../riscv-none-elf/lib/rv32i/ilp32/libc.a(libc_a-fclose.o)
 .data          0x00000000        0x0 /opt/xpack-riscv-none-elf-gcc-14.2.0-2/bin/../lib/gcc/riscv-none-elf/14.2.0/../../../../riscv-none-elf/lib/rv32i/ilp32/libc.a(libc_a-fclose.o)
 .bss           0x00000000        0x0 /opt/xpack-riscv-none-elf-gcc-14.2.0-2/bin/../lib/gcc/riscv-none-elf/14.2.0/../../../../riscv-none-elf/lib/rv32i/ilp32/libc.a(libc_a-fclose.o)
 .text._fclose_r
                0x00000000      0x198 /opt/xpack-riscv-none-elf-gcc-14.2.0-2/bin/../lib/gcc/riscv-none-elf/14.2.0/../../../../riscv-none-elf/lib/rv32i/ilp32/libc.a(libc_a-fclose.o)
 .text.fclose   0x00000000       0x14 /opt/xpack-riscv-none-elf-gcc-14.2.0-2/bin/../lib/gcc/riscv-none-elf/14.2.0/../../../../riscv-none-elf/lib/rv32i/ilp32/libc.a(libc_a-fclose.o)
 .comment       0x00000000       0x35 /opt/xpack-riscv-none-elf-gcc-14.2.0-2/bin/../lib/gcc/riscv-none-elf/14.2.0/../../../../riscv-none-elf/lib/rv32i/ilp32/libc.a(libc_a-fclose.o)
 .note.GNU-stack
                0x00000000        0x0 /opt/xpack-riscv-none-elf-gcc-14.2.0-2/bin/../lib/gcc/riscv-none-elf/14.2.0/../../../../riscv-none-elf/lib/rv32i/ilp32/libc.a(libc_a-fclose.o)
 .riscv.attributes
                0x00000000       0x1c /opt/xpack-riscv-none-elf-gcc-14.2.0-2/bin/../lib/gcc/riscv-none-elf/14.2.0/../../../../riscv-none-elf/lib/rv32i/ilp32/libc.a(libc_a-fclose.o)
 .text          0x00000000        0x0 /opt/xpack-riscv-none-elf-gcc-14.2.0-2/bin/../lib/gcc/riscv-none-elf/14.2.0/../../../../riscv-none-elf/lib/rv32i/ilp32/libc.a(libc_a-fflush.o)
 .data          0x00000000        0x0 /opt/xpack-riscv-none-elf-gcc-14.2.0-2/bin/../lib/gcc/riscv-none-elf/14.2.0/../../../../riscv-none-elf/lib/rv32i/ilp32/libc.a(libc_a-fflush.o)
 .bss           0x00000000        0x0 /opt/xpack-riscv-none-elf-gcc-14.2.0-2/bin/../lib/gcc/riscv-none-elf/14.2.0/../../../../riscv-none-elf/lib/rv32i/ilp32/libc.a(libc_a-fflush.o)
 .text.__sflush_r
                0x00000000      0x25c /opt/xpack-riscv-none-elf-gcc-14.2.0-2/bin/../lib/gcc/riscv-none-elf/14.2.0/../../../../riscv-none-elf/lib/rv32i/ilp32/libc.a(libc_a-fflush.o)
 .text._fflush_r
                0x00000000       0xf4 /opt/xpack-riscv-none-elf-gcc-14.2.0-2/bin/../lib/gcc/riscv-none-elf/14.2.0/../../../../riscv-none-elf/lib/rv32i/ilp32/libc.a(libc_a-fflush.o)
 .text.fflush   0x00000000       0xe8 /opt/xpack-riscv-none-elf-gcc-14.2.0-2/bin/../lib/gcc/riscv-none-elf/14.2.0/../../../../riscv-none-elf/lib/rv32i/ilp32/libc.a(libc_a-fflush.o)
 .comment       0x00000000       0x35 /opt/xpack-riscv-none-elf-gcc-14.2.0-2/bin/../lib/gcc/riscv-none-elf/14.2.0/../../../../riscv-none-elf/lib/rv32i/ilp32/libc.a(libc_a-fflush.o)
 .note.GNU-stack
                0x00000000        0x0 /opt/xpack-riscv-none-elf-gcc-14.2.0-2/bin/../lib/gcc/riscv-none-elf/14.2.0/../../../../riscv-none-elf/lib/rv32i/ilp32/libc.a(libc_a-fflush.o)
 .riscv.attributes
                0x00000000       0x1c /opt/xpack-riscv-none-elf-gcc-14.2.0-2/bin/../lib/gcc/riscv-none-elf/14.2.0/../../../../riscv-none-elf/lib/rv32i/ilp32/libc.a(libc_a-fflush.o)

Memory Configuration

Name             Origin             Length             Attributes
ROM              0x00000000         0x00010000         xr
RAM              0x20000000         0x00010000         xrw
STACK            0x2000e000         0x00002000         rw
*default*        0x00000000         0xffffffff

Linker script and memory map

LOAD CMakeFiles/driver.dir/driver.c.obj
LOAD CMakeFiles/driver.dir/home/flexpret/sdk/lib/src/printf_putchar.c.obj
LOAD BINARY_DIR/libfp-sdk.a
LOAD BINARY_DIR/external/printf/lib/libprintf.a
LOAD /opt/xpack-riscv-none-elf-gcc-14.2.0-2/bin/../lib/gcc/riscv-none-elf/14.2.0/rv32i/ilp32/libgcc.a
START GROUP
LOAD /opt/xpack-riscv-none-elf-gcc-14.2.0-2/bin/../lib/gcc/riscv-none-elf/14.2.0/../../../../riscv-none-elf/lib/rv32i/ilp32/libc.a
END GROUP
LOAD /opt/xpack-riscv-none-elf-gcc-14.2.0-2/bin/../lib/gcc/riscv-none-elf/14.2.0/rv32i/ilp32/libgcc.a
START GROUP
LOAD /opt/xpack-riscv-none-elf-gcc-14.2.0-2/bin/../lib/gcc/riscv-none-elf/14.2.0/rv32i/ilp32/libgcc.a
LOAD /opt/xpack-riscv-none-elf-gcc-14.2.0-2/bin/../lib/gcc/riscv-none-elf/14.2.0/../../../../riscv-none-elf/lib/rv32i/ilp32/libc.a
LOAD /opt/xpack-riscv-none-elf-gcc-14.2.0-2/bin/../lib/gcc/riscv-none-elf/14.2.0/../../../../riscv-none-elf/lib/rv32i/ilp32/libnosys.a
END GROUP
                0x00000000                        BOOTLOADER_SIZE = 0x0
                0x00000000                        ISPM_START = 0x0
                0x20000000                        DSPM_START = 0x20000000
                0x40000000                        BUS_START = 0x40000000
                0x00010000                        ISPM_END = (ISPM_START + 0x10000)
                0x20010000                        DSPM_END = (DSPM_START + 0x10000)
                0x40000400                        BUS_END = (BUS_START + 0x400)
                0x00000004                        NUM_THREADS = 0x4
                0x0000000b                        STACKSIZE_BITS = 0xb
                0x00000800                        STACKSIZE = (0x1 << STACKSIZE_BITS)
                0x00010000                        ISPM_SIZE = (ISPM_END - ISPM_START)
                0x00010000                        DSPM_SIZE = (DSPM_END - DSPM_START)
                0x00002000                        TOTAL_STACKSIZES = (STACKSIZE * NUM_THREADS)
                0x00000000                        ISPM_BOOTLOADER_END = (ISPM_START + BOOTLOADER_SIZE)
                0x20000000                        DSPM_BOOTLOADER_END = DSPM_START

.text           0x00000000     0x3d80
                0x00000000                        __stext = ABSOLUTE (.)
 *(.zero_addr_function)
 .zero_addr_function
                0x00000000       0x38 BINARY_DIR/libfp-sdk.a(start.S.obj)
                0x00000000                _start
 *(.vectors)
 *(.isr_vector)
 *(.text .text.*)
 .text.read_time_hw
                0x00000038       0x3c CMakeFiles/driver.dir/driver.c.obj
 .text.__gt_get_rdtime
                0x00000074       0x34 CMakeFiles/driver.dir/driver.c.obj
 .text.__gt_delay_for
                0x000000a8       0x9c CMakeFiles/driver.dir/driver.c.obj
 .text._serverreaction_function_0
                0x00000144      0x15c CMakeFiles/driver.dir/driver.c.obj
                0x00000144                _serverreaction_function_0
 .text.read_cycle_count
                0x000002a0       0x30 CMakeFiles/driver.dir/driver.c.obj
 .text.main     0x000002d0       0xb0 CMakeFiles/driver.dir/driver.c.obj
                0x000002d0                main
 .text._write_emulation
                0x00000380      0x20c CMakeFiles/driver.dir/home/flexpret/sdk/lib/src/printf_putchar.c.obj
                0x00000380                _write_emulation
 .text.putchar_
                0x0000058c       0x3c CMakeFiles/driver.dir/home/flexpret/sdk/lib/src/printf_putchar.c.obj
                0x0000058c                putchar_
 .text.write_tohost_tid
                0x000005c8       0xec BINARY_DIR/libfp-sdk.a(io.c.obj)
                0x000005c8                write_tohost_tid
 .text.write_tohost
                0x000006b4       0x48 BINARY_DIR/libfp-sdk.a(io.c.obj)
                0x000006b4                write_tohost
 .text.gpo_write_0
                0x000006fc       0x30 BINARY_DIR/libfp-sdk.a(io.c.obj)
                0x000006fc                gpo_write_0
 .text.gpo_write_1
                0x0000072c       0x30 BINARY_DIR/libfp-sdk.a(io.c.obj)
                0x0000072c                gpo_write_1
 .text.gpo_write_2
                0x0000075c       0x30 BINARY_DIR/libfp-sdk.a(io.c.obj)
                0x0000075c                gpo_write_2
 .text.gpo_set_ledmask
                0x0000078c       0x6c BINARY_DIR/libfp-sdk.a(io.c.obj)
                0x0000078c                gpo_set_ledmask
 .text.check_bounds_inclusive
                0x000007f8       0x5c BINARY_DIR/libfp-sdk.a(startup.c.obj)
 .text.Reset_Handler
                0x00000854      0x404 BINARY_DIR/libfp-sdk.a(startup.c.obj)
                0x00000854                Reset_Handler
 .text.__getreent
                0x00000c58       0x5c BINARY_DIR/libfp-sdk.a(syscalls.c.obj)
                0x00000c58                __getreent
 .text.__errno  0x00000cb4       0x2c BINARY_DIR/libfp-sdk.a(syscalls.c.obj)
                0x00000cb4                __errno
 .text._exit    0x00000ce0       0x84 BINARY_DIR/libfp-sdk.a(syscalls.c.obj)
                0x00000ce0                _exit
 .text._sbrk    0x00000d64       0xa0 BINARY_DIR/libfp-sdk.a(syscalls.c.obj)
                0x00000d64                _sbrk
 .text.__malloc_lock
                0x00000e04       0x30 BINARY_DIR/libfp-sdk.a(syscalls.c.obj)
                0x00000e04                __malloc_lock
 .text.__malloc_unlock
                0x00000e34       0x30 BINARY_DIR/libfp-sdk.a(syscalls.c.obj)
                0x00000e34                __malloc_unlock
 .text.slot_set
                0x00000e64       0xd4 BINARY_DIR/libfp-sdk.a(thread.c.obj)
                0x00000e64                slot_set
 .text.tmode_set
                0x00000f38       0x98 BINARY_DIR/libfp-sdk.a(thread.c.obj)
                0x00000f38                tmode_set
 .text.worker_main
                0x00000fd0      0x1ac BINARY_DIR/libfp-sdk.a(thread.c.obj)
                0x00000fd0                worker_main
 .text.register_exception_handler
                0x0000117c       0x30 BINARY_DIR/libfp-sdk.a(exceptions.c.obj)
 .text.exception_to_str
                0x000011ac      0x148 BINARY_DIR/libfp-sdk.a(exceptions.c.obj)
 .text.fp_exception_handler
                0x000012f4      0x214 BINARY_DIR/libfp-sdk.a(exceptions.c.obj)
                0x000012f4                fp_exception_handler
 .text.setup_exceptions
                0x00001508       0x30 BINARY_DIR/libfp-sdk.a(exceptions.c.obj)
                0x00001508                setup_exceptions
 .text.fp_hwlock_acquire
                0x00001538       0x40 BINARY_DIR/libfp-sdk.a(lock.c.obj)
                0x00001538                fp_hwlock_acquire
 .text.fp_hwlock_release
                0x00001578       0x6c BINARY_DIR/libfp-sdk.a(lock.c.obj)
                0x00001578                fp_hwlock_release
 .text.do_acquire
                0x000015e4       0xb4 BINARY_DIR/libfp-sdk.a(lock.c.obj)
 .text.fp_lock_acquire
                0x00001698       0x40 BINARY_DIR/libfp-sdk.a(lock.c.obj)
                0x00001698                fp_lock_acquire
 .text.fp_lock_release
                0x000016d8      0x110 BINARY_DIR/libfp-sdk.a(lock.c.obj)
                0x000016d8                fp_lock_release
 .text          0x000017e8      0x144 BINARY_DIR/libfp-sdk.a(ctx_switch.S.obj)
                0x000017e8                thread_ctx_switch_store
                0x0000188c                thread_ctx_switch_load
 .text.putchar_via_gadget
                0x0000192c       0xa4 BINARY_DIR/external/printf/lib/libprintf.a(printf.c.obj)
 .text.append_termination_with_gadget
                0x000019d0       0x9c BINARY_DIR/external/printf/lib/libprintf.a(printf.c.obj)
 .text.putchar_wrapper
                0x00001a6c       0x3c BINARY_DIR/external/printf/lib/libprintf.a(printf.c.obj)
 .text.discarding_gadget
                0x00001aa8       0x68 BINARY_DIR/external/printf/lib/libprintf.a(printf.c.obj)
 .text.function_gadget
                0x00001b10       0x84 BINARY_DIR/external/printf/lib/libprintf.a(printf.c.obj)
 .text.extern_putchar_gadget
                0x00001b94       0x40 BINARY_DIR/external/printf/lib/libprintf.a(printf.c.obj)
 .text.strnlen_s_
                0x00001bd4       0x6c BINARY_DIR/external/printf/lib/libprintf.a(printf.c.obj)
 .text.is_digit_
                0x00001c40       0x58 BINARY_DIR/external/printf/lib/libprintf.a(printf.c.obj)
 .text.atou_    0x00001c98       0x8c BINARY_DIR/external/printf/lib/libprintf.a(printf.c.obj)
 .text.out_rev_
                0x00001d24       0xf4 BINARY_DIR/external/printf/lib/libprintf.a(printf.c.obj)
 .text.print_integer_finalization
                0x00001e18      0x350 BINARY_DIR/external/printf/lib/libprintf.a(printf.c.obj)
 .text.print_integer
                0x00002168      0x17c BINARY_DIR/external/printf/lib/libprintf.a(printf.c.obj)
 .text.parse_flags
                0x000022e4      0x118 BINARY_DIR/external/printf/lib/libprintf.a(printf.c.obj)
 .text.format_string_loop
                0x000023fc      0xa5c BINARY_DIR/external/printf/lib/libprintf.a(printf.c.obj)
 .text.vsnprintf_impl
                0x00002e58       0x50 BINARY_DIR/external/printf/lib/libprintf.a(printf.c.obj)
 .text.vprintf  0x00002ea8       0x50 BINARY_DIR/external/printf/lib/libprintf.a(printf.c.obj)
                0x00002ea8                vprintf
 .text.printf   0x00002ef8       0x70 BINARY_DIR/external/printf/lib/libprintf.a(printf.c.obj)
                0x00002ef8                printf
 .text          0x00002f68       0xb4 /opt/xpack-riscv-none-elf-gcc-14.2.0-2/bin/../lib/gcc/riscv-none-elf/14.2.0/rv32i/ilp32/libgcc.a(div.o)
                0x00002f68                __divsi3
                0x00002f70                __hidden___udivsi3
                0x00002f70                __udivsi3
                0x00002fb8                __umodsi3
                0x00002fec                __modsi3
 .text.malloc   0x0000301c        0xc /opt/xpack-riscv-none-elf-gcc-14.2.0-2/bin/../lib/gcc/riscv-none-elf/14.2.0/../../../../riscv-none-elf/lib/rv32i/ilp32/libc.a(libc_a-malloc.o)
                0x0000301c                malloc
 .text._malloc_r
                0x00003028      0x828 /opt/xpack-riscv-none-elf-gcc-14.2.0-2/bin/../lib/gcc/riscv-none-elf/14.2.0/../../../../riscv-none-elf/lib/rv32i/ilp32/libc.a(libc_a-mallocr.o)
                0x00003028                _malloc_r
 .text._sbrk_r  0x00003850       0x78 /opt/xpack-riscv-none-elf-gcc-14.2.0-2/bin/../lib/gcc/riscv-none-elf/14.2.0/../../../../riscv-none-elf/lib/rv32i/ilp32/libc.a(libc_a-sbrkr.o)
                0x00003850                _sbrk_r
 .text          0x000038c8       0x84 /opt/xpack-riscv-none-elf-gcc-14.2.0-2/bin/../lib/gcc/riscv-none-elf/14.2.0/../../../../riscv-none-elf/lib/rv32i/ilp32/libc.a(libc_a-setjmp.o)
                0x000038c8                setjmp
                0x00003908                longjmp
 .text._malloc_trim_r
                0x0000394c      0x140 /opt/xpack-riscv-none-elf-gcc-14.2.0-2/bin/../lib/gcc/riscv-none-elf/14.2.0/../../../../riscv-none-elf/lib/rv32i/ilp32/libc.a(libc_a-freer.o)
                0x0000394c                _malloc_trim_r
 .text._free_r  0x00003a8c      0x2f4 /opt/xpack-riscv-none-elf-gcc-14.2.0-2/bin/../lib/gcc/riscv-none-elf/14.2.0/../../../../riscv-none-elf/lib/rv32i/ilp32/libc.a(libc_a-freer.o)
                0x00003a8c                _free_r
 *(.eh_frame)
                0x00003d80                        . = ALIGN (0x4)
                0x00003d80                        __etext = ABSOLUTE (.)

.rela.dyn       0x00003d80        0x0
 .rela.text.Reset_Handler
                0x00003d80        0x0 CMakeFiles/driver.dir/driver.c.obj
 .rela.text._sbrk
                0x00003d80        0x0 CMakeFiles/driver.dir/driver.c.obj

.data           0x20000000      0xdec load address 0x00003d80
                0x20000000                        __sdata = ABSOLUTE (.)
 *(.data .data.*)
 .data.malloc_lock
                0x20000000        0xc BINARY_DIR/libfp-sdk.a(syscalls.c.obj)
 .data.__malloc_av_
                0x2000000c      0x408 /opt/xpack-riscv-none-elf-gcc-14.2.0-2/bin/../lib/gcc/riscv-none-elf/14.2.0/../../../../riscv-none-elf/lib/rv32i/ilp32/libc.a(libc_a-mallocr.o)
                0x2000000c                __malloc_av_
 *fill*         0x20000414        0x4 
 .data._impure_data
                0x20000418      0x120 /opt/xpack-riscv-none-elf-gcc-14.2.0-2/bin/../lib/gcc/riscv-none-elf/14.2.0/../../../../riscv-none-elf/lib/rv32i/ilp32/libc.a(libc_a-impure.o)
                0x20000418                _impure_data
 *(.sdata .sdata.* .sdata2.*)
 .sdata.first_character.2
                0x20000538        0x4 CMakeFiles/driver.dir/home/flexpret/sdk/lib/src/printf_putchar.c.obj
 .sdata.__malloc_sbrk_base
                0x2000053c        0x4 /opt/xpack-riscv-none-elf-gcc-14.2.0-2/bin/../lib/gcc/riscv-none-elf/14.2.0/../../../../riscv-none-elf/lib/rv32i/ilp32/libc.a(libc_a-mallocr.o)
                0x2000053c                __malloc_sbrk_base
 .sdata.__malloc_trim_threshold
                0x20000540        0x4 /opt/xpack-riscv-none-elf-gcc-14.2.0-2/bin/../lib/gcc/riscv-none-elf/14.2.0/../../../../riscv-none-elf/lib/rv32i/ilp32/libc.a(libc_a-mallocr.o)
                0x20000540                __malloc_trim_threshold
 .sdata._impure_ptr
                0x20000544        0x4 /opt/xpack-riscv-none-elf-gcc-14.2.0-2/bin/../lib/gcc/riscv-none-elf/14.2.0/../../../../riscv-none-elf/lib/rv32i/ilp32/libc.a(libc_a-impure.o)
                0x20000544                _impure_ptr
 *(.rodata .rodata.* .srodata .srodata.*)
 .rodata        0x20000548       0x68 CMakeFiles/driver.dir/driver.c.obj
 .rodata        0x200005b0       0x66 BINARY_DIR/libfp-sdk.a(io.c.obj)
 *fill*         0x20000616        0x2 
 .rodata.write_tohost_tid
                0x20000618       0x20 BINARY_DIR/libfp-sdk.a(io.c.obj)
 .rodata.__func__.5
                0x20000638       0x11 BINARY_DIR/libfp-sdk.a(io.c.obj)
 *fill*         0x20000649        0x3 
 .rodata        0x2000064c      0x136 BINARY_DIR/libfp-sdk.a(startup.c.obj)
 *fill*         0x20000782        0x2 
 .rodata.__func__.0
                0x20000784        0xe BINARY_DIR/libfp-sdk.a(startup.c.obj)
 *fill*         0x20000792        0x2 
 .rodata        0x20000794       0x73 BINARY_DIR/libfp-sdk.a(syscalls.c.obj)
 *fill*         0x20000807        0x1 
 .srodata.__func__.1
                0x20000808        0x6 BINARY_DIR/libfp-sdk.a(syscalls.c.obj)
 *fill*         0x2000080e        0x2 
 .rodata        0x20000810       0xc5 BINARY_DIR/libfp-sdk.a(thread.c.obj)
 *fill*         0x200008d5        0x3 
 .rodata.__func__.2
                0x200008d8        0x9 BINARY_DIR/libfp-sdk.a(thread.c.obj)
 *fill*         0x200008e1        0x3 
 .rodata.__func__.0
                0x200008e4        0xc BINARY_DIR/libfp-sdk.a(thread.c.obj)
 .rodata        0x200008f0      0x2c9 BINARY_DIR/libfp-sdk.a(exceptions.c.obj)
 *fill*         0x20000bb9        0x3 
 .rodata.exception_to_str
                0x20000bbc       0x60 BINARY_DIR/libfp-sdk.a(exceptions.c.obj)
 .rodata.__func__.1
                0x20000c1c       0x15 BINARY_DIR/libfp-sdk.a(exceptions.c.obj)
 *fill*         0x20000c31        0x3 
 .rodata        0x20000c34       0xf3 BINARY_DIR/libfp-sdk.a(lock.c.obj)
 *fill*         0x20000d27        0x1 
 .rodata.__func__.1
                0x20000d28       0x12 BINARY_DIR/libfp-sdk.a(lock.c.obj)
 *fill*         0x20000d3a        0x2 
 .rodata.__func__.0
                0x20000d3c       0x10 BINARY_DIR/libfp-sdk.a(lock.c.obj)
 .rodata.parse_flags
                0x20000d4c       0x44 BINARY_DIR/external/printf/lib/libprintf.a(printf.c.obj)
 .rodata        0x20000d90        0xe BINARY_DIR/external/printf/lib/libprintf.a(printf.c.obj)
 *fill*         0x20000d9e        0x2 
 .rodata.format_string_loop
                0x20000da0       0x4c BINARY_DIR/external/printf/lib/libprintf.a(printf.c.obj)
 *(.gnu.linkonce.d.*)
 *(.gnu.linkonce.s.*)
                0x20000dec                        . = ALIGN (0x4)
                0x20000dec                        __edata = ABSOLUTE (.)
                0x200006f6                        PROVIDE (__global_pointer$ = (__sdata + ((__edata - __sdata) / 0x2)))

.bss            0x20000df0     0x13b0 load address 0x00004b6c
                0x20000df0                        __sbss = ABSOLUTE (.)
 *(.bss .bss.*)
 .bss.inp       0x20000df0        0xc CMakeFiles/driver.dir/driver.c.obj
                0x20000df0                inp
 .bss.word.1    0x20000dfc       0x10 CMakeFiles/driver.dir/home/flexpret/sdk/lib/src/printf_putchar.c.obj
 .bss.word_idx.0
                0x20000e0c       0x10 CMakeFiles/driver.dir/home/flexpret/sdk/lib/src/printf_putchar.c.obj
 .bss._reents   0x20000e1c      0x130 BINARY_DIR/libfp-sdk.a(syscalls.c.obj)
                0x20000e1c                _reents
 .bss.routines  0x20000f4c       0x10 BINARY_DIR/libfp-sdk.a(thread.c.obj)
 .bss.args      0x20000f5c       0x10 BINARY_DIR/libfp-sdk.a(thread.c.obj)
 *fill*         0x20000f6c        0x4 
 .bss.envs      0x20000f70      0x4c0 BINARY_DIR/libfp-sdk.a(thread.c.obj)
 .bss.ext_int_handler
                0x20001430       0x10 BINARY_DIR/libfp-sdk.a(exceptions.c.obj)
 .bss.ie_int_handler
                0x20001440       0x10 BINARY_DIR/libfp-sdk.a(exceptions.c.obj)
 .bss.ee_int_handler
                0x20001450       0x10 BINARY_DIR/libfp-sdk.a(exceptions.c.obj)
 .bss.contexts  0x20001460      0x200 BINARY_DIR/libfp-sdk.a(exceptions.c.obj)
                0x20001460                contexts
 .bss.__ie_jmp_buf
                0x20001660      0x4c0 BINARY_DIR/libfp-sdk.a(exceptions.c.obj)
                0x20001660                __ie_jmp_buf
 .bss.__ee_jmp_buf
                0x20001b20      0x4c0 BINARY_DIR/libfp-sdk.a(exceptions.c.obj)
                0x20001b20                __ee_jmp_buf
 .bss.__malloc_current_mallinfo
                0x20001fe0       0x28 /opt/xpack-riscv-none-elf-gcc-14.2.0-2/bin/../lib/gcc/riscv-none-elf/14.2.0/../../../../riscv-none-elf/lib/rv32i/ilp32/libc.a(libc_a-mallocr.o)
                0x20001fe0                __malloc_current_mallinfo
 .bss.__sf      0x20002008      0x138 /opt/xpack-riscv-none-elf-gcc-14.2.0-2/bin/../lib/gcc/riscv-none-elf/14.2.0/../../../../riscv-none-elf/lib/rv32i/ilp32/libc.a(libc_a-findfp.o)
                0x20002008                __sf
 *(.sbss .sbss.*)
 .sbss.refresh_val
                0x20002140        0x8 CMakeFiles/driver.dir/driver.c.obj
                0x20002140                refresh_val
 .sbss.__symbolic_elapsed_time
                0x20002148        0x8 CMakeFiles/driver.dir/driver.c.obj
                0x20002148                __symbolic_elapsed_time
 .sbss.__symbolic_microstep
                0x20002150        0x4 CMakeFiles/driver.dir/driver.c.obj
                0x20002150                __symbolic_microstep
 .sbss.__ready__
                0x20002154        0x1 BINARY_DIR/libfp-sdk.a(startup.c.obj)
 *fill*         0x20002155        0x3 
 .sbss.heap_end.0
                0x20002158        0x4 BINARY_DIR/libfp-sdk.a(syscalls.c.obj)
 .sbss.in_use   0x2000215c        0x4 BINARY_DIR/libfp-sdk.a(thread.c.obj)
 .sbss.exit_requested
                0x20002160        0x4 BINARY_DIR/libfp-sdk.a(thread.c.obj)
                0x20002160                exit_requested
 .sbss.num_threads_busy
                0x20002164        0x4 BINARY_DIR/libfp-sdk.a(thread.c.obj)
                0x20002164                num_threads_busy
 .sbss.num_threads_exited
                0x20002168        0x4 BINARY_DIR/libfp-sdk.a(thread.c.obj)
                0x20002168                num_threads_exited
 .sbss.__ie_jmp_buf_active
                0x2000216c        0x4 BINARY_DIR/libfp-sdk.a(exceptions.c.obj)
                0x2000216c                __ie_jmp_buf_active
 .sbss.__ee_jmp_buf_active
                0x20002170        0x4 BINARY_DIR/libfp-sdk.a(exceptions.c.obj)
                0x20002170                __ee_jmp_buf_active
 .sbss.__malloc_max_total_mem
                0x20002174        0x4 /opt/xpack-riscv-none-elf-gcc-14.2.0-2/bin/../lib/gcc/riscv-none-elf/14.2.0/../../../../riscv-none-elf/lib/rv32i/ilp32/libc.a(libc_a-mallocr.o)
                0x20002174                __malloc_max_total_mem
 .sbss.__malloc_max_sbrked_mem
                0x20002178        0x4 /opt/xpack-riscv-none-elf-gcc-14.2.0-2/bin/../lib/gcc/riscv-none-elf/14.2.0/../../../../riscv-none-elf/lib/rv32i/ilp32/libc.a(libc_a-mallocr.o)
                0x20002178                __malloc_max_sbrked_mem
 .sbss.__malloc_top_pad
                0x2000217c        0x4 /opt/xpack-riscv-none-elf-gcc-14.2.0-2/bin/../lib/gcc/riscv-none-elf/14.2.0/../../../../riscv-none-elf/lib/rv32i/ilp32/libc.a(libc_a-mallocr.o)
                0x2000217c                __malloc_top_pad
 .sbss.errno    0x20002180        0x4 /opt/xpack-riscv-none-elf-gcc-14.2.0-2/bin/../lib/gcc/riscv-none-elf/14.2.0/../../../../riscv-none-elf/lib/rv32i/ilp32/libc.a(libc_a-reent.o)
                0x20002180                errno
 *(.gnu.linkonce.b.*)
 *(.gnu.linkonce.sb.*)
 *(COMMON)
                0x200021a0                        . = ALIGN (0x20)
 *fill*         0x20002184       0x1c 
                0x200021a0                        __ebss = ABSOLUTE (.)
                0x200021a0                        __end = ABSOLUTE (.)

.heap           0x200021a0        0x0 load address 0x00004b6c
                0x200021a0                        __sheap = ABSOLUTE (.)
                0x2000e000                        __eheap = ABSOLUTE ((DSPM_END - TOTAL_STACKSIZES))

.stack          0x2000e000        0x0
                0x2000e000                        __estack = ABSOLUTE (.)
                0x20010000                        __sstack = ABSOLUTE ((. + TOTAL_STACKSIZES))
                0x20010000                        PROVIDE (__stack_start$ = __sstack)
OUTPUT(driver elf32-littleriscv)

.debug_info     0x00000000     0x3cbd
 .debug_info    0x00000000      0x328 CMakeFiles/driver.dir/driver.c.obj
 .debug_info    0x00000328      0x1df CMakeFiles/driver.dir/home/flexpret/sdk/lib/src/printf_putchar.c.obj
 .debug_info    0x00000507      0x8f7 BINARY_DIR/libfp-sdk.a(io.c.obj)
 .debug_info    0x00000dfe      0x514 BINARY_DIR/libfp-sdk.a(startup.c.obj)
 .debug_info    0x00001312      0xf18 BINARY_DIR/libfp-sdk.a(syscalls.c.obj)
 .debug_info    0x0000222a      0x8d9 BINARY_DIR/libfp-sdk.a(thread.c.obj)
 .debug_info    0x00002b03      0x43a BINARY_DIR/libfp-sdk.a(exceptions.c.obj)
 .debug_info    0x00002f3d      0x2ae BINARY_DIR/libfp-sdk.a(lock.c.obj)
 .debug_info    0x000031eb       0x25 BINARY_DIR/libfp-sdk.a(ctx_switch.S.obj)
 .debug_info    0x00003210      0xaad BINARY_DIR/external/printf/lib/libprintf.a(printf.c.obj)

.debug_abbrev   0x00000000     0x1074
 .debug_abbrev  0x00000000      0x1a1 CMakeFiles/driver.dir/driver.c.obj
 .debug_abbrev  0x000001a1       0xdd CMakeFiles/driver.dir/home/flexpret/sdk/lib/src/printf_putchar.c.obj
 .debug_abbrev  0x0000027e      0x174 BINARY_DIR/libfp-sdk.a(io.c.obj)
 .debug_abbrev  0x000003f2      0x200 BINARY_DIR/libfp-sdk.a(startup.c.obj)
 .debug_abbrev  0x000005f2      0x2cc BINARY_DIR/libfp-sdk.a(syscalls.c.obj)
 .debug_abbrev  0x000008be      0x28a BINARY_DIR/libfp-sdk.a(thread.c.obj)
 .debug_abbrev  0x00000b48      0x1d5 BINARY_DIR/libfp-sdk.a(exceptions.c.obj)
 .debug_abbrev  0x00000d1d      0x14d BINARY_DIR/libfp-sdk.a(lock.c.obj)
 .debug_abbrev  0x00000e6a       0x14 BINARY_DIR/libfp-sdk.a(ctx_switch.S.obj)
 .debug_abbrev  0x00000e7e      0x1f6 BINARY_DIR/external/printf/lib/libprintf.a(printf.c.obj)

.debug_aranges  0x00000000      0x4c8
 .debug_aranges
                0x00000000       0x48 CMakeFiles/driver.dir/driver.c.obj
 .debug_aranges
                0x00000048       0x30 CMakeFiles/driver.dir/home/flexpret/sdk/lib/src/printf_putchar.c.obj
 .debug_aranges
                0x00000078      0x108 BINARY_DIR/libfp-sdk.a(io.c.obj)
 .debug_aranges
                0x00000180       0x28 BINARY_DIR/libfp-sdk.a(startup.c.obj)
 .debug_aranges
                0x000001a8      0x100 BINARY_DIR/libfp-sdk.a(syscalls.c.obj)
 .debug_aranges
                0x000002a8       0xa0 BINARY_DIR/libfp-sdk.a(thread.c.obj)
 .debug_aranges
                0x00000348       0x48 BINARY_DIR/libfp-sdk.a(exceptions.c.obj)
 .debug_aranges
                0x00000390       0x40 BINARY_DIR/libfp-sdk.a(lock.c.obj)
 .debug_aranges
                0x000003d0       0x20 BINARY_DIR/libfp-sdk.a(ctx_switch.S.obj)
 .debug_aranges
                0x000003f0       0xd8 BINARY_DIR/external/printf/lib/libprintf.a(printf.c.obj)

.debug_rnglists
                0x00000000      0x38d
 .debug_rnglists
                0x00000000       0x34 CMakeFiles/driver.dir/driver.c.obj
 .debug_rnglists
                0x00000034       0x20 CMakeFiles/driver.dir/home/flexpret/sdk/lib/src/printf_putchar.c.obj
 .debug_rnglists
                0x00000054       0xc7 BINARY_DIR/libfp-sdk.a(io.c.obj)
 .debug_rnglists
                0x0000011b       0x1a BINARY_DIR/libfp-sdk.a(startup.c.obj)
 .debug_rnglists
                0x00000135       0xbf BINARY_DIR/libfp-sdk.a(syscalls.c.obj)
 .debug_rnglists
                0x000001f4       0x80 BINARY_DIR/libfp-sdk.a(thread.c.obj)
 .debug_rnglists
                0x00000274       0x35 BINARY_DIR/libfp-sdk.a(exceptions.c.obj)
 .debug_rnglists
                0x000002a9       0x2e BINARY_DIR/libfp-sdk.a(lock.c.obj)
 .debug_rnglists
                0x000002d7       0xb6 BINARY_DIR/external/printf/lib/libprintf.a(printf.c.obj)

.debug_line     0x00000000     0x3bcc
 .debug_line    0x00000000      0x237 CMakeFiles/driver.dir/driver.c.obj
 .debug_line    0x00000237      0x19c CMakeFiles/driver.dir/home/flexpret/sdk/lib/src/printf_putchar.c.obj
 .debug_line    0x000003d3      0x782 BINARY_DIR/libfp-sdk.a(io.c.obj)
 .debug_line    0x00000b55      0x41e BINARY_DIR/libfp-sdk.a(startup.c.obj)
 .debug_line    0x00000f73      0x77a BINARY_DIR/libfp-sdk.a(syscalls.c.obj)
 .debug_line    0x000016ed      0x991 BINARY_DIR/libfp-sdk.a(thread.c.obj)
 .debug_line    0x0000207e      0x3c1 BINARY_DIR/libfp-sdk.a(exceptions.c.obj)
 .debug_line    0x0000243f      0x26b BINARY_DIR/libfp-sdk.a(lock.c.obj)
 .debug_line    0x000026aa      0x1fa BINARY_DIR/libfp-sdk.a(ctx_switch.S.obj)
 .debug_line    0x000028a4     0x1328 BINARY_DIR/external/printf/lib/libprintf.a(printf.c.obj)

.debug_str      0x00000000     0x10b2
 .debug_str     0x00000000     0x10b2 CMakeFiles/driver.dir/driver.c.obj
                                0x25c (size before relaxing)
 .debug_str     0x000010b2      0x1c3 CMakeFiles/driver.dir/home/flexpret/sdk/lib/src/printf_putchar.c.obj
 .debug_str     0x000010b2      0x2d6 BINARY_DIR/libfp-sdk.a(io.c.obj)
 .debug_str     0x000010b2      0x39a BINARY_DIR/libfp-sdk.a(startup.c.obj)
 .debug_str     0x000010b2      0x6e2 BINARY_DIR/libfp-sdk.a(syscalls.c.obj)
 .debug_str     0x000010b2      0x3f0 BINARY_DIR/libfp-sdk.a(thread.c.obj)
 .debug_str     0x000010b2      0x2f0 BINARY_DIR/libfp-sdk.a(exceptions.c.obj)
 .debug_str     0x000010b2      0x1f8 BINARY_DIR/libfp-sdk.a(lock.c.obj)
 .debug_str     0x000010b2       0xd3 BINARY_DIR/libfp-sdk.a(ctx_switch.S.obj)
 .debug_str     0x000010b2      0x41f BINARY_DIR/external/printf/lib/libprintf.a(printf.c.obj)

.debug_line_str
                0x00000000      0x669
 .debug_line_str
                0x00000000      0x669 CMakeFiles/driver.dir/driver.c.obj
                                0x349 (size before relaxing)
 .debug_line_str
                0x00000669      0x264 CMakeFiles/driver.dir/home/flexpret/sdk/lib/src/printf_putchar.c.obj
 .debug_line_str
                0x00000669      0x288 BINARY_DIR/libfp-sdk.a(io.c.obj)
 .debug_line_str
                0x00000669      0x2bb BINARY_DIR/libfp-sdk.a(startup.c.obj)
 .debug_line_str
                0x00000669      0x330 BINARY_DIR/libfp-sdk.a(syscalls.c.obj)
 .debug_line_str
                0x00000669      0x2f1 BINARY_DIR/libfp-sdk.a(thread.c.obj)
 .debug_line_str
                0x00000669      0x2fb BINARY_DIR/libfp-sdk.a(exceptions.c.obj)
 .debug_line_str
                0x00000669      0x293 BINARY_DIR/libfp-sdk.a(lock.c.obj)
 .debug_line_str
                0x00000669       0xc5 BINARY_DIR/libfp-sdk.a(ctx_switch.S.obj)
 .debug_line_str
                0x00000669      0x2dc BINARY_DIR/external/printf/lib/libprintf.a(printf.c.obj)

.comment        0x00000000       0x34
 .comment       0x00000000       0x34 CMakeFiles/driver.dir/driver.c.obj
                                 0x35 (size before relaxing)
 .comment       0x00000034       0x35 CMakeFiles/driver.dir/home/flexpret/sdk/lib/src/printf_putchar.c.obj
 .comment       0x00000034       0x35 BINARY_DIR/libfp-sdk.a(io.c.obj)
 .comment       0x00000034       0x35 BINARY_DIR/libfp-sdk.a(startup.c.obj)
 .comment       0x00000034       0x35 BINARY_DIR/libfp-sdk.a(syscalls.c.obj)
 .comment       0x00000034       0x35 BINARY_DIR/libfp-sdk.a(thread.c.obj)
 .comment       0x00000034       0x35 BINARY_DIR/libfp-sdk.a(exceptions.c.obj)
 .comment       0x00000034       0x35 BINARY_DIR/libfp-sdk.a(lock.c.obj)
 .comment       0x00000034       0x35 BINARY_DIR/external/printf/lib/libprintf.a(printf.c.obj)
 .comment       0x00000034       0x35 /opt/xpack-riscv-none-elf-gcc-14.2.0-2/bin/../lib/gcc/riscv-none-elf/14.2.0/../../../../riscv-none-elf/lib/rv32i/ilp32/libc.a(libc_a-malloc.o)
 .comment       0x00000034       0x35 /opt/xpack-riscv-none-elf-gcc-14.2.0-2/bin/../lib/gcc/riscv-none-elf/14.2.0/../../../../riscv-none-elf/lib/rv32i/ilp32/libc.a(libc_a-mallocr.o)
 .comment       0x00000034       0x35 /opt/xpack-riscv-none-elf-gcc-14.2.0-2/bin/../lib/gcc/riscv-none-elf/14.2.0/../../../../riscv-none-elf/lib/rv32i/ilp32/libc.a(libc_a-impure.o)
 .comment       0x00000034       0x35 /opt/xpack-riscv-none-elf-gcc-14.2.0-2/bin/../lib/gcc/riscv-none-elf/14.2.0/../../../../riscv-none-elf/lib/rv32i/ilp32/libc.a(libc_a-sbrkr.o)
 .comment       0x00000034       0x35 /opt/xpack-riscv-none-elf-gcc-14.2.0-2/bin/../lib/gcc/riscv-none-elf/14.2.0/../../../../riscv-none-elf/lib/rv32i/ilp32/libc.a(libc_a-freer.o)
 .comment       0x00000034       0x35 /opt/xpack-riscv-none-elf-gcc-14.2.0-2/bin/../lib/gcc/riscv-none-elf/14.2.0/../../../../riscv-none-elf/lib/rv32i/ilp32/libc.a(libc_a-findfp.o)
 .comment       0x00000034       0x35 /opt/xpack-riscv-none-elf-gcc-14.2.0-2/bin/../lib/gcc/riscv-none-elf/14.2.0/../../../../riscv-none-elf/lib/rv32i/ilp32/libc.a(libc_a-reent.o)

.note.GNU-stack
                0x00000000        0x0
 .note.GNU-stack
                0x00000000        0x0 CMakeFiles/driver.dir/driver.c.obj
 .note.GNU-stack
                0x00000000        0x0 CMakeFiles/driver.dir/home/flexpret/sdk/lib/src/printf_putchar.c.obj
 .note.GNU-stack
                0x00000000        0x0 BINARY_DIR/libfp-sdk.a(io.c.obj)
 .note.GNU-stack
                0x00000000        0x0 BINARY_DIR/libfp-sdk.a(startup.c.obj)
 .note.GNU-stack
                0x00000000        0x0 BINARY_DIR/libfp-sdk.a(syscalls.c.obj)
 .note.GNU-stack
                0x00000000        0x0 BINARY_DIR/libfp-sdk.a(thread.c.obj)
 .note.GNU-stack
                0x00000000        0x0 BINARY_DIR/libfp-sdk.a(exceptions.c.obj)
 .note.GNU-stack
                0x00000000        0x0 BINARY_DIR/libfp-sdk.a(lock.c.obj)
 .note.GNU-stack
                0x00000000        0x0 BINARY_DIR/external/printf/lib/libprintf.a(printf.c.obj)
 .note.GNU-stack
                0x00000000        0x0 /opt/xpack-riscv-none-elf-gcc-14.2.0-2/bin/../lib/gcc/riscv-none-elf/14.2.0/../../../../riscv-none-elf/lib/rv32i/ilp32/libc.a(libc_a-malloc.o)
 .note.GNU-stack
                0x00000000        0x0 /opt/xpack-riscv-none-elf-gcc-14.2.0-2/bin/../lib/gcc/riscv-none-elf/14.2.0/../../../../riscv-none-elf/lib/rv32i/ilp32/libc.a(libc_a-mallocr.o)
 .note.GNU-stack
                0x00000000        0x0 /opt/xpack-riscv-none-elf-gcc-14.2.0-2/bin/../lib/gcc/riscv-none-elf/14.2.0/../../../../riscv-none-elf/lib/rv32i/ilp32/libc.a(libc_a-impure.o)
 .note.GNU-stack
                0x00000000        0x0 /opt/xpack-riscv-none-elf-gcc-14.2.0-2/bin/../lib/gcc/riscv-none-elf/14.2.0/../../../../riscv-none-elf/lib/rv32i/ilp32/libc.a(libc_a-sbrkr.o)
 .note.GNU-stack
                0x00000000        0x0 /opt/xpack-riscv-none-elf-gcc-14.2.0-2/bin/../lib/gcc/riscv-none-elf/14.2.0/../../../../riscv-none-elf/lib/rv32i/ilp32/libc.a(libc_a-freer.o)
 .note.GNU-stack
                0x00000000        0x0 /opt/xpack-riscv-none-elf-gcc-14.2.0-2/bin/../lib/gcc/riscv-none-elf/14.2.0/../../../../riscv-none-elf/lib/rv32i/ilp32/libc.a(libc_a-findfp.o)
 .note.GNU-stack
                0x00000000        0x0 /opt/xpack-riscv-none-elf-gcc-14.2.0-2/bin/../lib/gcc/riscv-none-elf/14.2.0/../../../../riscv-none-elf/lib/rv32i/ilp32/libc.a(libc_a-reent.o)

.riscv.attributes
                0x00000000       0x29
 .riscv.attributes
                0x00000000       0x25 CMakeFiles/driver.dir/driver.c.obj
 .riscv.attributes
                0x00000025       0x29 CMakeFiles/driver.dir/home/flexpret/sdk/lib/src/printf_putchar.c.obj
 .riscv.attributes
                0x0000004e       0x29 BINARY_DIR/libfp-sdk.a(io.c.obj)
 .riscv.attributes
                0x00000077       0x29 BINARY_DIR/libfp-sdk.a(startup.c.obj)
 .riscv.attributes
                0x000000a0       0x29 BINARY_DIR/libfp-sdk.a(syscalls.c.obj)
 .riscv.attributes
                0x000000c9       0x29 BINARY_DIR/libfp-sdk.a(thread.c.obj)
 .riscv.attributes
                0x000000f2       0x29 BINARY_DIR/libfp-sdk.a(exceptions.c.obj)
 .riscv.attributes
                0x0000011b       0x29 BINARY_DIR/libfp-sdk.a(lock.c.obj)
 .riscv.attributes
                0x00000144       0x27 BINARY_DIR/libfp-sdk.a(ctx_switch.S.obj)
 .riscv.attributes
                0x0000016b       0x25 BINARY_DIR/external/printf/lib/libprintf.a(printf.c.obj)
 .riscv.attributes
                0x00000190       0x1a /opt/xpack-riscv-none-elf-gcc-14.2.0-2/bin/../lib/gcc/riscv-none-elf/14.2.0/rv32i/ilp32/libgcc.a(div.o)
 .riscv.attributes
                0x000001aa       0x1c /opt/xpack-riscv-none-elf-gcc-14.2.0-2/bin/../lib/gcc/riscv-none-elf/14.2.0/../../../../riscv-none-elf/lib/rv32i/ilp32/libc.a(libc_a-malloc.o)
 .riscv.attributes
                0x000001c6       0x1c /opt/xpack-riscv-none-elf-gcc-14.2.0-2/bin/../lib/gcc/riscv-none-elf/14.2.0/../../../../riscv-none-elf/lib/rv32i/ilp32/libc.a(libc_a-mallocr.o)
 .riscv.attributes
                0x000001e2       0x1c /opt/xpack-riscv-none-elf-gcc-14.2.0-2/bin/../lib/gcc/riscv-none-elf/14.2.0/../../../../riscv-none-elf/lib/rv32i/ilp32/libc.a(libc_a-impure.o)
 .riscv.attributes
                0x000001fe       0x1c /opt/xpack-riscv-none-elf-gcc-14.2.0-2/bin/../lib/gcc/riscv-none-elf/14.2.0/../../../../riscv-none-elf/lib/rv32i/ilp32/libc.a(libc_a-sbrkr.o)
 .riscv.attributes
                0x0000021a       0x1a /opt/xpack-riscv-none-elf-gcc-14.2.0-2/bin/../lib/gcc/riscv-none-elf/14.2.0/../../../../riscv-none-elf/lib/rv32i/ilp32/libc.a(libc_a-setjmp.o)
 .riscv.attributes
                0x00000234       0x1c /opt/xpack-riscv-none-elf-gcc-14.2.0-2/bin/../lib/gcc/riscv-none-elf/14.2.0/../../../../riscv-none-elf/lib/rv32i/ilp32/libc.a(libc_a-freer.o)
 .riscv.attributes
                0x00000250       0x1c /opt/xpack-riscv-none-elf-gcc-14.2.0-2/bin/../lib/gcc/riscv-none-elf/14.2.0/../../../../riscv-none-elf/lib/rv32i/ilp32/libc.a(libc_a-findfp.o)
 .riscv.attributes
                0x0000026c       0x1c /opt/xpack-riscv-none-elf-gcc-14.2.0-2/bin/../lib/gcc/riscv-none-elf/14.2.0/../../../../riscv-none-elf/lib/rv32i/ilp32/libc.a(libc_a-reent.o)

.debug_frame    0x00000000     0x1390
 .debug_frame   0x00000000      0x104 CMakeFiles/driver.dir/driver.c.obj
 .debug_frame   0x00000104       0x88 CMakeFiles/driver.dir/home/flexpret/sdk/lib/src/printf_putchar.c.obj
 .debug_frame   0x0000018c      0x4c0 BINARY_DIR/libfp-sdk.a(io.c.obj)
 .debug_frame   0x0000064c       0x58 BINARY_DIR/libfp-sdk.a(startup.c.obj)
 .debug_frame   0x000006a4      0x48c BINARY_DIR/libfp-sdk.a(syscalls.c.obj)
 .debug_frame   0x00000b30      0x2b8 BINARY_DIR/libfp-sdk.a(thread.c.obj)
 .debug_frame   0x00000de8      0x100 BINARY_DIR/libfp-sdk.a(exceptions.c.obj)
 .debug_frame   0x00000ee8       0xd8 BINARY_DIR/libfp-sdk.a(lock.c.obj)
 .debug_frame   0x00000fc0      0x3d0 BINARY_DIR/external/printf/lib/libprintf.a(printf.c.obj)
