Archive member included to satisfy reference by file (symbol)

BINARY_DIR/libfp-sdk.a(start.S.obj)
                              (_start)
BINARY_DIR/libfp-sdk.a(io.c.obj)
                              CMakeFiles/driver.dir/home/flexpret/sdk/lib/src/printf_putchar.c.obj (write_tohost_tid)
BINARY_DIR/libfp-sdk.a(startup.c.obj)
                              BINARY_DIR/libfp-sdk.a(start.S.obj) (Reset_Handler)
BINARY_DIR/libfp-sdk.a(syscalls.c.obj)
                              BINARY_DIR/libfp-sdk.a(startup.c.obj) (_exit)
BINARY_DIR/libfp-sdk.a(thread.c.obj)
                              BINARY_DIR/libfp-sdk.a(startup.c.obj) (slot_set)
BINARY_DIR/libfp-sdk.a(uart.c.obj)
                              CMakeFiles/driver.dir/home/flexpret/sdk/lib/src/printf_putchar.c.obj (uart_send)
BINARY_DIR/libfp-sdk.a(wb.c.obj)
                              BINARY_DIR/libfp-sdk.a(uart.c.obj) (wb_write)
BINARY_DIR/libfp-sdk.a(exceptions.c.obj)
                              BINARY_DIR/libfp-sdk.a(startup.c.obj) (setup_exceptions)
BINARY_DIR/libfp-sdk.a(lock.c.obj)
                              BINARY_DIR/libfp-sdk.a(startup.c.obj) (fp_hwlock_acquire)
BINARY_DIR/libfp-sdk.a(ctx_switch.S.obj)
                              BINARY_DIR/libfp-sdk.a(exceptions.c.obj) (thread_ctx_switch_store)
BINARY_DIR/external/printf/lib/libprintf.a(printf.c.obj)
                              CMakeFiles/driver.dir/driver.c.obj (printf)
/opt/xpack-riscv-none-elf-gcc-14.2.0-2/bin/../lib/gcc/riscv-none-elf/14.2.0/rv32i/ilp32/libgcc.a(_udivdi3.o)
                              BINARY_DIR/libfp-sdk.a(syscalls.c.obj) (__udivdi3)
/opt/xpack-riscv-none-elf-gcc-14.2.0-2/bin/../lib/gcc/riscv-none-elf/14.2.0/rv32i/ilp32/libgcc.a(_umoddi3.o)
                              BINARY_DIR/libfp-sdk.a(syscalls.c.obj) (__umoddi3)
/opt/xpack-riscv-none-elf-gcc-14.2.0-2/bin/../lib/gcc/riscv-none-elf/14.2.0/rv32i/ilp32/libgcc.a(muldi3.o)
                              /opt/xpack-riscv-none-elf-gcc-14.2.0-2/bin/../lib/gcc/riscv-none-elf/14.2.0/rv32i/ilp32/libgcc.a(_udivdi3.o) (__mulsi3)
/opt/xpack-riscv-none-elf-gcc-14.2.0-2/bin/../lib/gcc/riscv-none-elf/14.2.0/rv32i/ilp32/libgcc.a(div.o)
                              BINARY_DIR/external/printf/lib/libprintf.a(printf.c.obj) (__udivsi3)
/opt/xpack-riscv-none-elf-gcc-14.2.0-2/bin/../lib/gcc/riscv-none-elf/14.2.0/rv32i/ilp32/libgcc.a(_clz.o)
                              /opt/xpack-riscv-none-elf-gcc-14.2.0-2/bin/../lib/gcc/riscv-none-elf/14.2.0/rv32i/ilp32/libgcc.a(_udivdi3.o) (__clz_tab)
/opt/xpack-riscv-none-elf-gcc-14.2.0-2/bin/../lib/gcc/riscv-none-elf/14.2.0/../../../../riscv-none-elf/lib/rv32i/ilp32/libc.a(libc_a-malloc.o)
                              CMakeFiles/driver.dir/driver.c.obj (malloc)
/opt/xpack-riscv-none-elf-gcc-14.2.0-2/bin/../lib/gcc/riscv-none-elf/14.2.0/../../../../riscv-none-elf/lib/rv32i/ilp32/libc.a(libc_a-mallocr.o)
                              /opt/xpack-riscv-none-elf-gcc-14.2.0-2/bin/../lib/gcc/riscv-none-elf/14.2.0/../../../../riscv-none-elf/lib/rv32i/ilp32/libc.a(libc_a-malloc.o) (_malloc_r)
/opt/xpack-riscv-none-elf-gcc-14.2.0-2/bin/../lib/gcc/riscv-none-elf/14.2.0/../../../../riscv-none-elf/lib/rv32i/ilp32/libc.a(libc_a-rand.o)
                              CMakeFiles/driver.dir/driver.c.obj (rand)
/opt/xpack-riscv-none-elf-gcc-14.2.0-2/bin/../lib/gcc/riscv-none-elf/14.2.0/../../../../riscv-none-elf/lib/rv32i/ilp32/libc.a(libc_a-impure.o)
                              /opt/xpack-riscv-none-elf-gcc-14.2.0-2/bin/../lib/gcc/riscv-none-elf/14.2.0/../../../../riscv-none-elf/lib/rv32i/ilp32/libc.a(libc_a-malloc.o) (_impure_ptr)
/opt/xpack-riscv-none-elf-gcc-14.2.0-2/bin/../lib/gcc/riscv-none-elf/14.2.0/../../../../riscv-none-elf/lib/rv32i/ilp32/libc.a(libc_a-sbrkr.o)
                              /opt/xpack-riscv-none-elf-gcc-14.2.0-2/bin/../lib/gcc/riscv-none-elf/14.2.0/../../../../riscv-none-elf/lib/rv32i/ilp32/libc.a(libc_a-mallocr.o) (_sbrk_r)
/opt/xpack-riscv-none-elf-gcc-14.2.0-2/bin/../lib/gcc/riscv-none-elf/14.2.0/../../../../riscv-none-elf/lib/rv32i/ilp32/libc.a(libc_a-setjmp.o)
                              BINARY_DIR/libfp-sdk.a(thread.c.obj) (setjmp)
/opt/xpack-riscv-none-elf-gcc-14.2.0-2/bin/../lib/gcc/riscv-none-elf/14.2.0/../../../../riscv-none-elf/lib/rv32i/ilp32/libc.a(libc_a-freer.o)
                              /opt/xpack-riscv-none-elf-gcc-14.2.0-2/bin/../lib/gcc/riscv-none-elf/14.2.0/../../../../riscv-none-elf/lib/rv32i/ilp32/libc.a(libc_a-malloc.o) (_free_r)
/opt/xpack-riscv-none-elf-gcc-14.2.0-2/bin/../lib/gcc/riscv-none-elf/14.2.0/../../../../riscv-none-elf/lib/rv32i/ilp32/libc.a(libc_a-findfp.o)
                              /opt/xpack-riscv-none-elf-gcc-14.2.0-2/bin/../lib/gcc/riscv-none-elf/14.2.0/../../../../riscv-none-elf/lib/rv32i/ilp32/libc.a(libc_a-impure.o) (__sf)
/opt/xpack-riscv-none-elf-gcc-14.2.0-2/bin/../lib/gcc/riscv-none-elf/14.2.0/../../../../riscv-none-elf/lib/rv32i/ilp32/libc.a(libc_a-fwalk.o)
                              /opt/xpack-riscv-none-elf-gcc-14.2.0-2/bin/../lib/gcc/riscv-none-elf/14.2.0/../../../../riscv-none-elf/lib/rv32i/ilp32/libc.a(libc_a-findfp.o) (_fwalk_sglue)
/opt/xpack-riscv-none-elf-gcc-14.2.0-2/bin/../lib/gcc/riscv-none-elf/14.2.0/../../../../riscv-none-elf/lib/rv32i/ilp32/libc.a(libc_a-stdio.o)
                              /opt/xpack-riscv-none-elf-gcc-14.2.0-2/bin/../lib/gcc/riscv-none-elf/14.2.0/../../../../riscv-none-elf/lib/rv32i/ilp32/libc.a(libc_a-findfp.o) (__sread)
/opt/xpack-riscv-none-elf-gcc-14.2.0-2/bin/../lib/gcc/riscv-none-elf/14.2.0/../../../../riscv-none-elf/lib/rv32i/ilp32/libc.a(libc_a-closer.o)
                              /opt/xpack-riscv-none-elf-gcc-14.2.0-2/bin/../lib/gcc/riscv-none-elf/14.2.0/../../../../riscv-none-elf/lib/rv32i/ilp32/libc.a(libc_a-stdio.o) (_close_r)
/opt/xpack-riscv-none-elf-gcc-14.2.0-2/bin/../lib/gcc/riscv-none-elf/14.2.0/../../../../riscv-none-elf/lib/rv32i/ilp32/libc.a(libc_a-reent.o)
                              /opt/xpack-riscv-none-elf-gcc-14.2.0-2/bin/../lib/gcc/riscv-none-elf/14.2.0/../../../../riscv-none-elf/lib/rv32i/ilp32/libc.a(libc_a-sbrkr.o) (errno)
/opt/xpack-riscv-none-elf-gcc-14.2.0-2/bin/../lib/gcc/riscv-none-elf/14.2.0/../../../../riscv-none-elf/lib/rv32i/ilp32/libc.a(libc_a-lseekr.o)
                              /opt/xpack-riscv-none-elf-gcc-14.2.0-2/bin/../lib/gcc/riscv-none-elf/14.2.0/../../../../riscv-none-elf/lib/rv32i/ilp32/libc.a(libc_a-stdio.o) (_lseek_r)
/opt/xpack-riscv-none-elf-gcc-14.2.0-2/bin/../lib/gcc/riscv-none-elf/14.2.0/../../../../riscv-none-elf/lib/rv32i/ilp32/libc.a(libc_a-readr.o)
                              /opt/xpack-riscv-none-elf-gcc-14.2.0-2/bin/../lib/gcc/riscv-none-elf/14.2.0/../../../../riscv-none-elf/lib/rv32i/ilp32/libc.a(libc_a-stdio.o) (_read_r)
/opt/xpack-riscv-none-elf-gcc-14.2.0-2/bin/../lib/gcc/riscv-none-elf/14.2.0/../../../../riscv-none-elf/lib/rv32i/ilp32/libc.a(libc_a-writer.o)
                              /opt/xpack-riscv-none-elf-gcc-14.2.0-2/bin/../lib/gcc/riscv-none-elf/14.2.0/../../../../riscv-none-elf/lib/rv32i/ilp32/libc.a(libc_a-stdio.o) (_write_r)
/opt/xpack-riscv-none-elf-gcc-14.2.0-2/bin/../lib/gcc/riscv-none-elf/14.2.0/../../../../riscv-none-elf/lib/rv32i/ilp32/libc.a(libc_a-lock.o)
                              /opt/xpack-riscv-none-elf-gcc-14.2.0-2/bin/../lib/gcc/riscv-none-elf/14.2.0/../../../../riscv-none-elf/lib/rv32i/ilp32/libc.a(libc_a-findfp.o) (__retarget_lock_init_recursive)
/opt/xpack-riscv-none-elf-gcc-14.2.0-2/bin/../lib/gcc/riscv-none-elf/14.2.0/../../../../riscv-none-elf/lib/rv32i/ilp32/libc.a(libc_a-memset.o)
                              /opt/xpack-riscv-none-elf-gcc-14.2.0-2/bin/../lib/gcc/riscv-none-elf/14.2.0/../../../../riscv-none-elf/lib/rv32i/ilp32/libc.a(libc_a-findfp.o) (memset)
/opt/xpack-riscv-none-elf-gcc-14.2.0-2/bin/../lib/gcc/riscv-none-elf/14.2.0/../../../../riscv-none-elf/lib/rv32i/ilp32/libc.a(libc_a-fclose.o)
                              /opt/xpack-riscv-none-elf-gcc-14.2.0-2/bin/../lib/gcc/riscv-none-elf/14.2.0/../../../../riscv-none-elf/lib/rv32i/ilp32/libc.a(libc_a-findfp.o) (_fclose_r)
/opt/xpack-riscv-none-elf-gcc-14.2.0-2/bin/../lib/gcc/riscv-none-elf/14.2.0/../../../../riscv-none-elf/lib/rv32i/ilp32/libc.a(libc_a-fflush.o)
                              /opt/xpack-riscv-none-elf-gcc-14.2.0-2/bin/../lib/gcc/riscv-none-elf/14.2.0/../../../../riscv-none-elf/lib/rv32i/ilp32/libc.a(libc_a-fclose.o) (__sflush_r)
/opt/xpack-riscv-none-elf-gcc-14.2.0-2/bin/../lib/gcc/riscv-none-elf/14.2.0/rv32i/ilp32/libgcc.a(multi3.o)
                              /opt/xpack-riscv-none-elf-gcc-14.2.0-2/bin/../lib/gcc/riscv-none-elf/14.2.0/../../../../riscv-none-elf/lib/rv32i/ilp32/libc.a(libc_a-rand.o) (__muldi3)

Discarded input sections

 .text          0x00000000        0x0 CMakeFiles/driver.dir/driver.c.obj
 .data          0x00000000        0x0 CMakeFiles/driver.dir/driver.c.obj
 .bss           0x00000000        0x0 CMakeFiles/driver.dir/driver.c.obj
 .text          0x00000000        0x0 CMakeFiles/driver.dir/home/flexpret/sdk/lib/src/printf_putchar.c.obj
 .data          0x00000000        0x0 CMakeFiles/driver.dir/home/flexpret/sdk/lib/src/printf_putchar.c.obj
 .bss           0x00000000        0x0 CMakeFiles/driver.dir/home/flexpret/sdk/lib/src/printf_putchar.c.obj
 .text._write_fpga
                0x00000000       0x40 CMakeFiles/driver.dir/home/flexpret/sdk/lib/src/printf_putchar.c.obj
 .text          0x00000000        0x0 BINARY_DIR/libfp-sdk.a(start.S.obj)
 .data          0x00000000        0x0 BINARY_DIR/libfp-sdk.a(start.S.obj)
 .bss           0x00000000        0x0 BINARY_DIR/libfp-sdk.a(start.S.obj)
 .riscv.attributes
                0x00000000       0x27 BINARY_DIR/libfp-sdk.a(start.S.obj)
 .text          0x00000000        0x0 BINARY_DIR/libfp-sdk.a(io.c.obj)
 .data          0x00000000        0x0 BINARY_DIR/libfp-sdk.a(io.c.obj)
 .bss           0x00000000        0x0 BINARY_DIR/libfp-sdk.a(io.c.obj)
 .text.fp_print_int
                0x00000000       0x44 BINARY_DIR/libfp-sdk.a(io.c.obj)
 .text.fp_print_string
                0x00000000       0x54 BINARY_DIR/libfp-sdk.a(io.c.obj)
 .text.gpo_write
                0x00000000      0x100 BINARY_DIR/libfp-sdk.a(io.c.obj)
 .text.gpo_write_3
                0x00000000       0x30 BINARY_DIR/libfp-sdk.a(io.c.obj)
 .text.gpo_set  0x00000000      0x110 BINARY_DIR/libfp-sdk.a(io.c.obj)
 .text.gpo_set_0
                0x00000000       0x34 BINARY_DIR/libfp-sdk.a(io.c.obj)
 .text.gpo_set_1
                0x00000000       0x34 BINARY_DIR/libfp-sdk.a(io.c.obj)
 .text.gpo_set_2
                0x00000000       0x34 BINARY_DIR/libfp-sdk.a(io.c.obj)
 .text.gpo_set_3
                0x00000000       0x34 BINARY_DIR/libfp-sdk.a(io.c.obj)
 .text.gpo_clear
                0x00000000      0x110 BINARY_DIR/libfp-sdk.a(io.c.obj)
 .text.gpo_clear_0
                0x00000000       0x34 BINARY_DIR/libfp-sdk.a(io.c.obj)
 .text.gpo_clear_1
                0x00000000       0x34 BINARY_DIR/libfp-sdk.a(io.c.obj)
 .text.gpo_clear_2
                0x00000000       0x34 BINARY_DIR/libfp-sdk.a(io.c.obj)
 .text.gpo_clear_3
                0x00000000       0x34 BINARY_DIR/libfp-sdk.a(io.c.obj)
 .text.gpo_read
                0x00000000      0x10c BINARY_DIR/libfp-sdk.a(io.c.obj)
 .text.gpo_read_0
                0x00000000       0x30 BINARY_DIR/libfp-sdk.a(io.c.obj)
 .text.gpo_read_1
                0x00000000       0x30 BINARY_DIR/libfp-sdk.a(io.c.obj)
 .text.gpo_read_2
                0x00000000       0x30 BINARY_DIR/libfp-sdk.a(io.c.obj)
 .text.gpo_read_3
                0x00000000       0x30 BINARY_DIR/libfp-sdk.a(io.c.obj)
 .text.gpi_read
                0x00000000      0x10c BINARY_DIR/libfp-sdk.a(io.c.obj)
 .text.gpi_read_0
                0x00000000       0x30 BINARY_DIR/libfp-sdk.a(io.c.obj)
 .text.gpi_read_1
                0x00000000       0x30 BINARY_DIR/libfp-sdk.a(io.c.obj)
 .text.gpi_read_2
                0x00000000       0x30 BINARY_DIR/libfp-sdk.a(io.c.obj)
 .text.gpi_read_3
                0x00000000       0x30 BINARY_DIR/libfp-sdk.a(io.c.obj)
 .rodata.__func__.4
                0x00000000        0xa BINARY_DIR/libfp-sdk.a(io.c.obj)
 .srodata.__func__.3
                0x00000000        0x8 BINARY_DIR/libfp-sdk.a(io.c.obj)
 .rodata.__func__.2
                0x00000000        0xa BINARY_DIR/libfp-sdk.a(io.c.obj)
 .rodata.__func__.1
                0x00000000        0x9 BINARY_DIR/libfp-sdk.a(io.c.obj)
 .rodata.__func__.0
                0x00000000        0x9 BINARY_DIR/libfp-sdk.a(io.c.obj)
 .text          0x00000000        0x0 BINARY_DIR/libfp-sdk.a(startup.c.obj)
 .data          0x00000000        0x0 BINARY_DIR/libfp-sdk.a(startup.c.obj)
 .bss           0x00000000        0x0 BINARY_DIR/libfp-sdk.a(startup.c.obj)
 .data._lock    0x00000000        0xc BINARY_DIR/libfp-sdk.a(startup.c.obj)
 .text          0x00000000        0x0 BINARY_DIR/libfp-sdk.a(syscalls.c.obj)
 .data          0x00000000        0x0 BINARY_DIR/libfp-sdk.a(syscalls.c.obj)
 .bss           0x00000000        0x0 BINARY_DIR/libfp-sdk.a(syscalls.c.obj)
 .text.rdtime64
                0x00000000       0xb4 BINARY_DIR/libfp-sdk.a(syscalls.c.obj)
 .sbss.__env    0x00000000        0x4 BINARY_DIR/libfp-sdk.a(syscalls.c.obj)
 .sbss.environ  0x00000000        0x4 BINARY_DIR/libfp-sdk.a(syscalls.c.obj)
 .text.ns_to_s  0x00000000       0x5c BINARY_DIR/libfp-sdk.a(syscalls.c.obj)
 .text.ns_to_us
                0x00000000       0x58 BINARY_DIR/libfp-sdk.a(syscalls.c.obj)
 .text._close   0x00000000       0x40 BINARY_DIR/libfp-sdk.a(syscalls.c.obj)
 .text._execve  0x00000000       0x48 BINARY_DIR/libfp-sdk.a(syscalls.c.obj)
 .text._fcntl   0x00000000       0x48 BINARY_DIR/libfp-sdk.a(syscalls.c.obj)
 .text._fork    0x00000000       0x3c BINARY_DIR/libfp-sdk.a(syscalls.c.obj)
 .text._fstat   0x00000000       0x44 BINARY_DIR/libfp-sdk.a(syscalls.c.obj)
 .text._getpid  0x00000000       0x3c BINARY_DIR/libfp-sdk.a(syscalls.c.obj)
 .text._isatty  0x00000000       0x40 BINARY_DIR/libfp-sdk.a(syscalls.c.obj)
 .text._kill    0x00000000       0x44 BINARY_DIR/libfp-sdk.a(syscalls.c.obj)
 .text._link    0x00000000       0x44 BINARY_DIR/libfp-sdk.a(syscalls.c.obj)
 .text._lseek   0x00000000       0x48 BINARY_DIR/libfp-sdk.a(syscalls.c.obj)
 .text._mkdir   0x00000000       0x44 BINARY_DIR/libfp-sdk.a(syscalls.c.obj)
 .text._open    0x00000000       0x48 BINARY_DIR/libfp-sdk.a(syscalls.c.obj)
 .text._read    0x00000000       0x48 BINARY_DIR/libfp-sdk.a(syscalls.c.obj)
 .text._rename  0x00000000       0x44 BINARY_DIR/libfp-sdk.a(syscalls.c.obj)
 .text._stat    0x00000000       0x44 BINARY_DIR/libfp-sdk.a(syscalls.c.obj)
 .text._times   0x00000000       0x40 BINARY_DIR/libfp-sdk.a(syscalls.c.obj)
 .text._unlink  0x00000000       0x40 BINARY_DIR/libfp-sdk.a(syscalls.c.obj)
 .text._wait    0x00000000       0x40 BINARY_DIR/libfp-sdk.a(syscalls.c.obj)
 .text._write   0x00000000       0x48 BINARY_DIR/libfp-sdk.a(syscalls.c.obj)
 .text._gettimeofday
                0x00000000       0xc0 BINARY_DIR/libfp-sdk.a(syscalls.c.obj)
 .text          0x00000000        0x0 BINARY_DIR/libfp-sdk.a(thread.c.obj)
 .data          0x00000000        0x0 BINARY_DIR/libfp-sdk.a(thread.c.obj)
 .bss           0x00000000        0x0 BINARY_DIR/libfp-sdk.a(thread.c.obj)
 .text.slot_set_hrtt
                0x00000000      0x154 BINARY_DIR/libfp-sdk.a(thread.c.obj)
 .text.slot_set_srtt
                0x00000000       0x94 BINARY_DIR/libfp-sdk.a(thread.c.obj)
 .text.slot_disable
                0x00000000       0x94 BINARY_DIR/libfp-sdk.a(thread.c.obj)
 .text.tmode_get
                0x00000000       0x7c BINARY_DIR/libfp-sdk.a(thread.c.obj)
 .text.tmode_active
                0x00000000       0x98 BINARY_DIR/libfp-sdk.a(thread.c.obj)
 .text.tmode_sleep
                0x00000000       0x98 BINARY_DIR/libfp-sdk.a(thread.c.obj)
 .bss.exit_code
                0x00000000       0x10 BINARY_DIR/libfp-sdk.a(thread.c.obj)
 .sbss.cancel_requested
                0x00000000        0x4 BINARY_DIR/libfp-sdk.a(thread.c.obj)
 .text.check_args
                0x00000000       0x78 BINARY_DIR/libfp-sdk.a(thread.c.obj)
 .text.assign_hartid
                0x00000000       0xa0 BINARY_DIR/libfp-sdk.a(thread.c.obj)
 .text.fp_thread_create
                0x00000000       0xf0 BINARY_DIR/libfp-sdk.a(thread.c.obj)
 .text.fp_thread_map
                0x00000000      0x104 BINARY_DIR/libfp-sdk.a(thread.c.obj)
 .text.fp_thread_join
                0x00000000       0x88 BINARY_DIR/libfp-sdk.a(thread.c.obj)
 .text.fp_thread_exit
                0x00000000       0x7c BINARY_DIR/libfp-sdk.a(thread.c.obj)
 .text.fp_thread_cancel
                0x00000000       0x54 BINARY_DIR/libfp-sdk.a(thread.c.obj)
 .text.fp_thread_testcancel
                0x00000000       0xa0 BINARY_DIR/libfp-sdk.a(thread.c.obj)
 .rodata.__func__.1
                0x00000000        0xe BINARY_DIR/libfp-sdk.a(thread.c.obj)
 .text          0x00000000        0x0 BINARY_DIR/libfp-sdk.a(uart.c.obj)
 .data          0x00000000        0x0 BINARY_DIR/libfp-sdk.a(uart.c.obj)
 .bss           0x00000000        0x0 BINARY_DIR/libfp-sdk.a(uart.c.obj)
 .text.uart_send
                0x00000000       0x5c BINARY_DIR/libfp-sdk.a(uart.c.obj)
 .text.uart_available
                0x00000000       0x40 BINARY_DIR/libfp-sdk.a(uart.c.obj)
 .text.uart_receive
                0x00000000       0x54 BINARY_DIR/libfp-sdk.a(uart.c.obj)
 .debug_info    0x00000000      0x124 BINARY_DIR/libfp-sdk.a(uart.c.obj)
 .debug_abbrev  0x00000000       0xb2 BINARY_DIR/libfp-sdk.a(uart.c.obj)
 .debug_aranges
                0x00000000       0x30 BINARY_DIR/libfp-sdk.a(uart.c.obj)
 .debug_rnglists
                0x00000000       0x1f BINARY_DIR/libfp-sdk.a(uart.c.obj)
 .debug_line    0x00000000      0x105 BINARY_DIR/libfp-sdk.a(uart.c.obj)
 .debug_str     0x00000000      0x18b BINARY_DIR/libfp-sdk.a(uart.c.obj)
 .debug_line_str
                0x00000000      0x239 BINARY_DIR/libfp-sdk.a(uart.c.obj)
 .comment       0x00000000       0x35 BINARY_DIR/libfp-sdk.a(uart.c.obj)
 .note.GNU-stack
                0x00000000        0x0 BINARY_DIR/libfp-sdk.a(uart.c.obj)
 .debug_frame   0x00000000       0x88 BINARY_DIR/libfp-sdk.a(uart.c.obj)
 .riscv.attributes
                0x00000000       0x25 BINARY_DIR/libfp-sdk.a(uart.c.obj)
 .text          0x00000000        0x0 BINARY_DIR/libfp-sdk.a(wb.c.obj)
 .data          0x00000000        0x0 BINARY_DIR/libfp-sdk.a(wb.c.obj)
 .bss           0x00000000        0x0 BINARY_DIR/libfp-sdk.a(wb.c.obj)
 .text.wb_write
                0x00000000       0x68 BINARY_DIR/libfp-sdk.a(wb.c.obj)
 .text.wb_read  0x00000000       0x54 BINARY_DIR/libfp-sdk.a(wb.c.obj)
 .debug_info    0x00000000      0x127 BINARY_DIR/libfp-sdk.a(wb.c.obj)
 .debug_abbrev  0x00000000       0xac BINARY_DIR/libfp-sdk.a(wb.c.obj)
 .debug_aranges
                0x00000000       0x28 BINARY_DIR/libfp-sdk.a(wb.c.obj)
 .debug_rnglists
                0x00000000       0x19 BINARY_DIR/libfp-sdk.a(wb.c.obj)
 .debug_line    0x00000000      0x122 BINARY_DIR/libfp-sdk.a(wb.c.obj)
 .debug_str     0x00000000      0x183 BINARY_DIR/libfp-sdk.a(wb.c.obj)
 .debug_line_str
                0x00000000      0x206 BINARY_DIR/libfp-sdk.a(wb.c.obj)
 .comment       0x00000000       0x35 BINARY_DIR/libfp-sdk.a(wb.c.obj)
 .note.GNU-stack
                0x00000000        0x0 BINARY_DIR/libfp-sdk.a(wb.c.obj)
 .debug_frame   0x00000000       0x60 BINARY_DIR/libfp-sdk.a(wb.c.obj)
 .riscv.attributes
                0x00000000       0x25 BINARY_DIR/libfp-sdk.a(wb.c.obj)
 .text          0x00000000        0x0 BINARY_DIR/libfp-sdk.a(exceptions.c.obj)
 .data          0x00000000        0x0 BINARY_DIR/libfp-sdk.a(exceptions.c.obj)
 .bss           0x00000000        0x0 BINARY_DIR/libfp-sdk.a(exceptions.c.obj)
 .sdata.__stack_chk_guard
                0x00000000        0x4 BINARY_DIR/libfp-sdk.a(exceptions.c.obj)
 .text.__stack_chk_fail
                0x00000000       0xac BINARY_DIR/libfp-sdk.a(exceptions.c.obj)
 .text.register_isr
                0x00000000      0x12c BINARY_DIR/libfp-sdk.a(exceptions.c.obj)
 .rodata.__func__.2
                0x00000000       0x11 BINARY_DIR/libfp-sdk.a(exceptions.c.obj)
 .rodata.__func__.0
                0x00000000        0xd BINARY_DIR/libfp-sdk.a(exceptions.c.obj)
 .text          0x00000000        0x0 BINARY_DIR/libfp-sdk.a(lock.c.obj)
 .data          0x00000000        0x0 BINARY_DIR/libfp-sdk.a(lock.c.obj)
 .bss           0x00000000        0x0 BINARY_DIR/libfp-sdk.a(lock.c.obj)
 .data          0x00000000        0x0 BINARY_DIR/libfp-sdk.a(ctx_switch.S.obj)
 .bss           0x00000000        0x0 BINARY_DIR/libfp-sdk.a(ctx_switch.S.obj)
 .text          0x00000000        0x0 BINARY_DIR/external/printf/lib/libprintf.a(printf.c.obj)
 .data          0x00000000        0x0 BINARY_DIR/external/printf/lib/libprintf.a(printf.c.obj)
 .bss           0x00000000        0x0 BINARY_DIR/external/printf/lib/libprintf.a(printf.c.obj)
 .text.buffer_gadget
                0x00000000       0xa0 BINARY_DIR/external/printf/lib/libprintf.a(printf.c.obj)
 .text.vsnprintf
                0x00000000       0x68 BINARY_DIR/external/printf/lib/libprintf.a(printf.c.obj)
 .text.vsprintf
                0x00000000       0x50 BINARY_DIR/external/printf/lib/libprintf.a(printf.c.obj)
 .text.vfctprintf
                0x00000000       0x68 BINARY_DIR/external/printf/lib/libprintf.a(printf.c.obj)
 .text.sprintf  0x00000000       0x78 BINARY_DIR/external/printf/lib/libprintf.a(printf.c.obj)
 .text.snprintf
                0x00000000       0x7c BINARY_DIR/external/printf/lib/libprintf.a(printf.c.obj)
 .text.fctprintf
                0x00000000       0x7c BINARY_DIR/external/printf/lib/libprintf.a(printf.c.obj)
 .text          0x00000000        0x0 /opt/xpack-riscv-none-elf-gcc-14.2.0-2/bin/../lib/gcc/riscv-none-elf/14.2.0/rv32i/ilp32/libgcc.a(_udivdi3.o)
 .data          0x00000000        0x0 /opt/xpack-riscv-none-elf-gcc-14.2.0-2/bin/../lib/gcc/riscv-none-elf/14.2.0/rv32i/ilp32/libgcc.a(_udivdi3.o)
 .bss           0x00000000        0x0 /opt/xpack-riscv-none-elf-gcc-14.2.0-2/bin/../lib/gcc/riscv-none-elf/14.2.0/rv32i/ilp32/libgcc.a(_udivdi3.o)
 .text.__udivdi3
                0x00000000      0x724 /opt/xpack-riscv-none-elf-gcc-14.2.0-2/bin/../lib/gcc/riscv-none-elf/14.2.0/rv32i/ilp32/libgcc.a(_udivdi3.o)
 .comment       0x00000000       0x35 /opt/xpack-riscv-none-elf-gcc-14.2.0-2/bin/../lib/gcc/riscv-none-elf/14.2.0/rv32i/ilp32/libgcc.a(_udivdi3.o)
 .note.GNU-stack
                0x00000000        0x0 /opt/xpack-riscv-none-elf-gcc-14.2.0-2/bin/../lib/gcc/riscv-none-elf/14.2.0/rv32i/ilp32/libgcc.a(_udivdi3.o)
 .eh_frame      0x00000000       0xf8 /opt/xpack-riscv-none-elf-gcc-14.2.0-2/bin/../lib/gcc/riscv-none-elf/14.2.0/rv32i/ilp32/libgcc.a(_udivdi3.o)
 .riscv.attributes
                0x00000000       0x1c /opt/xpack-riscv-none-elf-gcc-14.2.0-2/bin/../lib/gcc/riscv-none-elf/14.2.0/rv32i/ilp32/libgcc.a(_udivdi3.o)
 .text          0x00000000        0x0 /opt/xpack-riscv-none-elf-gcc-14.2.0-2/bin/../lib/gcc/riscv-none-elf/14.2.0/rv32i/ilp32/libgcc.a(_umoddi3.o)
 .data          0x00000000        0x0 /opt/xpack-riscv-none-elf-gcc-14.2.0-2/bin/../lib/gcc/riscv-none-elf/14.2.0/rv32i/ilp32/libgcc.a(_umoddi3.o)
 .bss           0x00000000        0x0 /opt/xpack-riscv-none-elf-gcc-14.2.0-2/bin/../lib/gcc/riscv-none-elf/14.2.0/rv32i/ilp32/libgcc.a(_umoddi3.o)
 .text.__umoddi3
                0x00000000      0x6c0 /opt/xpack-riscv-none-elf-gcc-14.2.0-2/bin/../lib/gcc/riscv-none-elf/14.2.0/rv32i/ilp32/libgcc.a(_umoddi3.o)
 .comment       0x00000000       0x35 /opt/xpack-riscv-none-elf-gcc-14.2.0-2/bin/../lib/gcc/riscv-none-elf/14.2.0/rv32i/ilp32/libgcc.a(_umoddi3.o)
 .note.GNU-stack
                0x00000000        0x0 /opt/xpack-riscv-none-elf-gcc-14.2.0-2/bin/../lib/gcc/riscv-none-elf/14.2.0/rv32i/ilp32/libgcc.a(_umoddi3.o)
 .eh_frame      0x00000000       0xe0 /opt/xpack-riscv-none-elf-gcc-14.2.0-2/bin/../lib/gcc/riscv-none-elf/14.2.0/rv32i/ilp32/libgcc.a(_umoddi3.o)
 .riscv.attributes
                0x00000000       0x1c /opt/xpack-riscv-none-elf-gcc-14.2.0-2/bin/../lib/gcc/riscv-none-elf/14.2.0/rv32i/ilp32/libgcc.a(_umoddi3.o)
 .data          0x00000000        0x0 /opt/xpack-riscv-none-elf-gcc-14.2.0-2/bin/../lib/gcc/riscv-none-elf/14.2.0/rv32i/ilp32/libgcc.a(muldi3.o)
 .bss           0x00000000        0x0 /opt/xpack-riscv-none-elf-gcc-14.2.0-2/bin/../lib/gcc/riscv-none-elf/14.2.0/rv32i/ilp32/libgcc.a(muldi3.o)
 .data          0x00000000        0x0 /opt/xpack-riscv-none-elf-gcc-14.2.0-2/bin/../lib/gcc/riscv-none-elf/14.2.0/rv32i/ilp32/libgcc.a(div.o)
 .bss           0x00000000        0x0 /opt/xpack-riscv-none-elf-gcc-14.2.0-2/bin/../lib/gcc/riscv-none-elf/14.2.0/rv32i/ilp32/libgcc.a(div.o)
 .text          0x00000000        0x0 /opt/xpack-riscv-none-elf-gcc-14.2.0-2/bin/../lib/gcc/riscv-none-elf/14.2.0/rv32i/ilp32/libgcc.a(_clz.o)
 .data          0x00000000        0x0 /opt/xpack-riscv-none-elf-gcc-14.2.0-2/bin/../lib/gcc/riscv-none-elf/14.2.0/rv32i/ilp32/libgcc.a(_clz.o)
 .bss           0x00000000        0x0 /opt/xpack-riscv-none-elf-gcc-14.2.0-2/bin/../lib/gcc/riscv-none-elf/14.2.0/rv32i/ilp32/libgcc.a(_clz.o)
 .rodata.__clz_tab
                0x00000000      0x100 /opt/xpack-riscv-none-elf-gcc-14.2.0-2/bin/../lib/gcc/riscv-none-elf/14.2.0/rv32i/ilp32/libgcc.a(_clz.o)
 .comment       0x00000000       0x35 /opt/xpack-riscv-none-elf-gcc-14.2.0-2/bin/../lib/gcc/riscv-none-elf/14.2.0/rv32i/ilp32/libgcc.a(_clz.o)
 .note.GNU-stack
                0x00000000        0x0 /opt/xpack-riscv-none-elf-gcc-14.2.0-2/bin/../lib/gcc/riscv-none-elf/14.2.0/rv32i/ilp32/libgcc.a(_clz.o)
 .riscv.attributes
                0x00000000       0x1c /opt/xpack-riscv-none-elf-gcc-14.2.0-2/bin/../lib/gcc/riscv-none-elf/14.2.0/rv32i/ilp32/libgcc.a(_clz.o)
 .text          0x00000000        0x0 /opt/xpack-riscv-none-elf-gcc-14.2.0-2/bin/../lib/gcc/riscv-none-elf/14.2.0/../../../../riscv-none-elf/lib/rv32i/ilp32/libc.a(libc_a-malloc.o)
 .data          0x00000000        0x0 /opt/xpack-riscv-none-elf-gcc-14.2.0-2/bin/../lib/gcc/riscv-none-elf/14.2.0/../../../../riscv-none-elf/lib/rv32i/ilp32/libc.a(libc_a-malloc.o)
 .bss           0x00000000        0x0 /opt/xpack-riscv-none-elf-gcc-14.2.0-2/bin/../lib/gcc/riscv-none-elf/14.2.0/../../../../riscv-none-elf/lib/rv32i/ilp32/libc.a(libc_a-malloc.o)
 .text.free     0x00000000       0x14 /opt/xpack-riscv-none-elf-gcc-14.2.0-2/bin/../lib/gcc/riscv-none-elf/14.2.0/../../../../riscv-none-elf/lib/rv32i/ilp32/libc.a(libc_a-malloc.o)
 .text          0x00000000        0x0 /opt/xpack-riscv-none-elf-gcc-14.2.0-2/bin/../lib/gcc/riscv-none-elf/14.2.0/../../../../riscv-none-elf/lib/rv32i/ilp32/libc.a(libc_a-mallocr.o)
 .data          0x00000000        0x0 /opt/xpack-riscv-none-elf-gcc-14.2.0-2/bin/../lib/gcc/riscv-none-elf/14.2.0/../../../../riscv-none-elf/lib/rv32i/ilp32/libc.a(libc_a-mallocr.o)
 .bss           0x00000000        0x0 /opt/xpack-riscv-none-elf-gcc-14.2.0-2/bin/../lib/gcc/riscv-none-elf/14.2.0/../../../../riscv-none-elf/lib/rv32i/ilp32/libc.a(libc_a-mallocr.o)
 .text          0x00000000        0x0 /opt/xpack-riscv-none-elf-gcc-14.2.0-2/bin/../lib/gcc/riscv-none-elf/14.2.0/../../../../riscv-none-elf/lib/rv32i/ilp32/libc.a(libc_a-rand.o)
 .data          0x00000000        0x0 /opt/xpack-riscv-none-elf-gcc-14.2.0-2/bin/../lib/gcc/riscv-none-elf/14.2.0/../../../../riscv-none-elf/lib/rv32i/ilp32/libc.a(libc_a-rand.o)
 .bss           0x00000000        0x0 /opt/xpack-riscv-none-elf-gcc-14.2.0-2/bin/../lib/gcc/riscv-none-elf/14.2.0/../../../../riscv-none-elf/lib/rv32i/ilp32/libc.a(libc_a-rand.o)
 .text.srand    0x00000000       0x14 /opt/xpack-riscv-none-elf-gcc-14.2.0-2/bin/../lib/gcc/riscv-none-elf/14.2.0/../../../../riscv-none-elf/lib/rv32i/ilp32/libc.a(libc_a-rand.o)
 .text          0x00000000        0x0 /opt/xpack-riscv-none-elf-gcc-14.2.0-2/bin/../lib/gcc/riscv-none-elf/14.2.0/../../../../riscv-none-elf/lib/rv32i/ilp32/libc.a(libc_a-impure.o)
 .data          0x00000000        0x0 /opt/xpack-riscv-none-elf-gcc-14.2.0-2/bin/../lib/gcc/riscv-none-elf/14.2.0/../../../../riscv-none-elf/lib/rv32i/ilp32/libc.a(libc_a-impure.o)
 .bss           0x00000000        0x0 /opt/xpack-riscv-none-elf-gcc-14.2.0-2/bin/../lib/gcc/riscv-none-elf/14.2.0/../../../../riscv-none-elf/lib/rv32i/ilp32/libc.a(libc_a-impure.o)
 .text          0x00000000        0x0 /opt/xpack-riscv-none-elf-gcc-14.2.0-2/bin/../lib/gcc/riscv-none-elf/14.2.0/../../../../riscv-none-elf/lib/rv32i/ilp32/libc.a(libc_a-sbrkr.o)
 .data          0x00000000        0x0 /opt/xpack-riscv-none-elf-gcc-14.2.0-2/bin/../lib/gcc/riscv-none-elf/14.2.0/../../../../riscv-none-elf/lib/rv32i/ilp32/libc.a(libc_a-sbrkr.o)
 .bss           0x00000000        0x0 /opt/xpack-riscv-none-elf-gcc-14.2.0-2/bin/../lib/gcc/riscv-none-elf/14.2.0/../../../../riscv-none-elf/lib/rv32i/ilp32/libc.a(libc_a-sbrkr.o)
 .data          0x00000000        0x0 /opt/xpack-riscv-none-elf-gcc-14.2.0-2/bin/../lib/gcc/riscv-none-elf/14.2.0/../../../../riscv-none-elf/lib/rv32i/ilp32/libc.a(libc_a-setjmp.o)
 .bss           0x00000000        0x0 /opt/xpack-riscv-none-elf-gcc-14.2.0-2/bin/../lib/gcc/riscv-none-elf/14.2.0/../../../../riscv-none-elf/lib/rv32i/ilp32/libc.a(libc_a-setjmp.o)
 .text          0x00000000        0x0 /opt/xpack-riscv-none-elf-gcc-14.2.0-2/bin/../lib/gcc/riscv-none-elf/14.2.0/../../../../riscv-none-elf/lib/rv32i/ilp32/libc.a(libc_a-freer.o)
 .data          0x00000000        0x0 /opt/xpack-riscv-none-elf-gcc-14.2.0-2/bin/../lib/gcc/riscv-none-elf/14.2.0/../../../../riscv-none-elf/lib/rv32i/ilp32/libc.a(libc_a-freer.o)
 .bss           0x00000000        0x0 /opt/xpack-riscv-none-elf-gcc-14.2.0-2/bin/../lib/gcc/riscv-none-elf/14.2.0/../../../../riscv-none-elf/lib/rv32i/ilp32/libc.a(libc_a-freer.o)
 .text          0x00000000        0x0 /opt/xpack-riscv-none-elf-gcc-14.2.0-2/bin/../lib/gcc/riscv-none-elf/14.2.0/../../../../riscv-none-elf/lib/rv32i/ilp32/libc.a(libc_a-findfp.o)
 .data          0x00000000        0x0 /opt/xpack-riscv-none-elf-gcc-14.2.0-2/bin/../lib/gcc/riscv-none-elf/14.2.0/../../../../riscv-none-elf/lib/rv32i/ilp32/libc.a(libc_a-findfp.o)
 .bss           0x00000000        0x0 /opt/xpack-riscv-none-elf-gcc-14.2.0-2/bin/../lib/gcc/riscv-none-elf/14.2.0/../../../../riscv-none-elf/lib/rv32i/ilp32/libc.a(libc_a-findfp.o)
 .text.stdio_exit_handler
                0x00000000       0x20 /opt/xpack-riscv-none-elf-gcc-14.2.0-2/bin/../lib/gcc/riscv-none-elf/14.2.0/../../../../riscv-none-elf/lib/rv32i/ilp32/libc.a(libc_a-findfp.o)
 .text.cleanup_stdio
                0x00000000       0x7c /opt/xpack-riscv-none-elf-gcc-14.2.0-2/bin/../lib/gcc/riscv-none-elf/14.2.0/../../../../riscv-none-elf/lib/rv32i/ilp32/libc.a(libc_a-findfp.o)
 .text.__fp_lock
                0x00000000       0x44 /opt/xpack-riscv-none-elf-gcc-14.2.0-2/bin/../lib/gcc/riscv-none-elf/14.2.0/../../../../riscv-none-elf/lib/rv32i/ilp32/libc.a(libc_a-findfp.o)
 .text.__fp_unlock
                0x00000000       0x44 /opt/xpack-riscv-none-elf-gcc-14.2.0-2/bin/../lib/gcc/riscv-none-elf/14.2.0/../../../../riscv-none-elf/lib/rv32i/ilp32/libc.a(libc_a-findfp.o)
 .text.global_stdio_init.part.0
                0x00000000      0x1a8 /opt/xpack-riscv-none-elf-gcc-14.2.0-2/bin/../lib/gcc/riscv-none-elf/14.2.0/../../../../riscv-none-elf/lib/rv32i/ilp32/libc.a(libc_a-findfp.o)
 .text.__sfp    0x00000000      0x178 /opt/xpack-riscv-none-elf-gcc-14.2.0-2/bin/../lib/gcc/riscv-none-elf/14.2.0/../../../../riscv-none-elf/lib/rv32i/ilp32/libc.a(libc_a-findfp.o)
 .text.__sinit  0x00000000       0x80 /opt/xpack-riscv-none-elf-gcc-14.2.0-2/bin/../lib/gcc/riscv-none-elf/14.2.0/../../../../riscv-none-elf/lib/rv32i/ilp32/libc.a(libc_a-findfp.o)
 .text.__sfp_lock_acquire
                0x00000000       0x10 /opt/xpack-riscv-none-elf-gcc-14.2.0-2/bin/../lib/gcc/riscv-none-elf/14.2.0/../../../../riscv-none-elf/lib/rv32i/ilp32/libc.a(libc_a-findfp.o)
 .text.__sfp_lock_release
                0x00000000       0x10 /opt/xpack-riscv-none-elf-gcc-14.2.0-2/bin/../lib/gcc/riscv-none-elf/14.2.0/../../../../riscv-none-elf/lib/rv32i/ilp32/libc.a(libc_a-findfp.o)
 .text.__fp_lock_all
                0x00000000       0x3c /opt/xpack-riscv-none-elf-gcc-14.2.0-2/bin/../lib/gcc/riscv-none-elf/14.2.0/../../../../riscv-none-elf/lib/rv32i/ilp32/libc.a(libc_a-findfp.o)
 .text.__fp_unlock_all
                0x00000000       0x3c /opt/xpack-riscv-none-elf-gcc-14.2.0-2/bin/../lib/gcc/riscv-none-elf/14.2.0/../../../../riscv-none-elf/lib/rv32i/ilp32/libc.a(libc_a-findfp.o)
 .data.__sglue  0x00000000        0xc /opt/xpack-riscv-none-elf-gcc-14.2.0-2/bin/../lib/gcc/riscv-none-elf/14.2.0/../../../../riscv-none-elf/lib/rv32i/ilp32/libc.a(libc_a-findfp.o)
 .sbss.__stdio_exit_handler
                0x00000000        0x4 /opt/xpack-riscv-none-elf-gcc-14.2.0-2/bin/../lib/gcc/riscv-none-elf/14.2.0/../../../../riscv-none-elf/lib/rv32i/ilp32/libc.a(libc_a-findfp.o)
 .text          0x00000000        0x0 /opt/xpack-riscv-none-elf-gcc-14.2.0-2/bin/../lib/gcc/riscv-none-elf/14.2.0/../../../../riscv-none-elf/lib/rv32i/ilp32/libc.a(libc_a-fwalk.o)
 .data          0x00000000        0x0 /opt/xpack-riscv-none-elf-gcc-14.2.0-2/bin/../lib/gcc/riscv-none-elf/14.2.0/../../../../riscv-none-elf/lib/rv32i/ilp32/libc.a(libc_a-fwalk.o)
 .bss           0x00000000        0x0 /opt/xpack-riscv-none-elf-gcc-14.2.0-2/bin/../lib/gcc/riscv-none-elf/14.2.0/../../../../riscv-none-elf/lib/rv32i/ilp32/libc.a(libc_a-fwalk.o)
 .text._fwalk_sglue
                0x00000000       0xb4 /opt/xpack-riscv-none-elf-gcc-14.2.0-2/bin/../lib/gcc/riscv-none-elf/14.2.0/../../../../riscv-none-elf/lib/rv32i/ilp32/libc.a(libc_a-fwalk.o)
 .comment       0x00000000       0x35 /opt/xpack-riscv-none-elf-gcc-14.2.0-2/bin/../lib/gcc/riscv-none-elf/14.2.0/../../../../riscv-none-elf/lib/rv32i/ilp32/libc.a(libc_a-fwalk.o)
 .note.GNU-stack
                0x00000000        0x0 /opt/xpack-riscv-none-elf-gcc-14.2.0-2/bin/../lib/gcc/riscv-none-elf/14.2.0/../../../../riscv-none-elf/lib/rv32i/ilp32/libc.a(libc_a-fwalk.o)
 .riscv.attributes
                0x00000000       0x1c /opt/xpack-riscv-none-elf-gcc-14.2.0-2/bin/../lib/gcc/riscv-none-elf/14.2.0/../../../../riscv-none-elf/lib/rv32i/ilp32/libc.a(libc_a-fwalk.o)
 .text          0x00000000        0x0 /opt/xpack-riscv-none-elf-gcc-14.2.0-2/bin/../lib/gcc/riscv-none-elf/14.2.0/../../../../riscv-none-elf/lib/rv32i/ilp32/libc.a(libc_a-stdio.o)
 .data          0x00000000        0x0 /opt/xpack-riscv-none-elf-gcc-14.2.0-2/bin/../lib/gcc/riscv-none-elf/14.2.0/../../../../riscv-none-elf/lib/rv32i/ilp32/libc.a(libc_a-stdio.o)
 .bss           0x00000000        0x0 /opt/xpack-riscv-none-elf-gcc-14.2.0-2/bin/../lib/gcc/riscv-none-elf/14.2.0/../../../../riscv-none-elf/lib/rv32i/ilp32/libc.a(libc_a-stdio.o)
 .text.__sread  0x00000000       0x60 /opt/xpack-riscv-none-elf-gcc-14.2.0-2/bin/../lib/gcc/riscv-none-elf/14.2.0/../../../../riscv-none-elf/lib/rv32i/ilp32/libc.a(libc_a-stdio.o)
 .text.__seofread
                0x00000000        0x8 /opt/xpack-riscv-none-elf-gcc-14.2.0-2/bin/../lib/gcc/riscv-none-elf/14.2.0/../../../../riscv-none-elf/lib/rv32i/ilp32/libc.a(libc_a-stdio.o)
 .text.__swrite
                0x00000000       0x90 /opt/xpack-riscv-none-elf-gcc-14.2.0-2/bin/../lib/gcc/riscv-none-elf/14.2.0/../../../../riscv-none-elf/lib/rv32i/ilp32/libc.a(libc_a-stdio.o)
 .text.__sseek  0x00000000       0x68 /opt/xpack-riscv-none-elf-gcc-14.2.0-2/bin/../lib/gcc/riscv-none-elf/14.2.0/../../../../riscv-none-elf/lib/rv32i/ilp32/libc.a(libc_a-stdio.o)
 .text.__sclose
                0x00000000        0xc /opt/xpack-riscv-none-elf-gcc-14.2.0-2/bin/../lib/gcc/riscv-none-elf/14.2.0/../../../../riscv-none-elf/lib/rv32i/ilp32/libc.a(libc_a-stdio.o)
 .comment       0x00000000       0x35 /opt/xpack-riscv-none-elf-gcc-14.2.0-2/bin/../lib/gcc/riscv-none-elf/14.2.0/../../../../riscv-none-elf/lib/rv32i/ilp32/libc.a(libc_a-stdio.o)
 .note.GNU-stack
                0x00000000        0x0 /opt/xpack-riscv-none-elf-gcc-14.2.0-2/bin/../lib/gcc/riscv-none-elf/14.2.0/../../../../riscv-none-elf/lib/rv32i/ilp32/libc.a(libc_a-stdio.o)
 .riscv.attributes
                0x00000000       0x1c /opt/xpack-riscv-none-elf-gcc-14.2.0-2/bin/../lib/gcc/riscv-none-elf/14.2.0/../../../../riscv-none-elf/lib/rv32i/ilp32/libc.a(libc_a-stdio.o)
 .text          0x00000000        0x0 /opt/xpack-riscv-none-elf-gcc-14.2.0-2/bin/../lib/gcc/riscv-none-elf/14.2.0/../../../../riscv-none-elf/lib/rv32i/ilp32/libc.a(libc_a-closer.o)
 .data          0x00000000        0x0 /opt/xpack-riscv-none-elf-gcc-14.2.0-2/bin/../lib/gcc/riscv-none-elf/14.2.0/../../../../riscv-none-elf/lib/rv32i/ilp32/libc.a(libc_a-closer.o)
 .bss           0x00000000        0x0 /opt/xpack-riscv-none-elf-gcc-14.2.0-2/bin/../lib/gcc/riscv-none-elf/14.2.0/../../../../riscv-none-elf/lib/rv32i/ilp32/libc.a(libc_a-closer.o)
 .text._close_r
                0x00000000       0x7c /opt/xpack-riscv-none-elf-gcc-14.2.0-2/bin/../lib/gcc/riscv-none-elf/14.2.0/../../../../riscv-none-elf/lib/rv32i/ilp32/libc.a(libc_a-closer.o)
 .comment       0x00000000       0x35 /opt/xpack-riscv-none-elf-gcc-14.2.0-2/bin/../lib/gcc/riscv-none-elf/14.2.0/../../../../riscv-none-elf/lib/rv32i/ilp32/libc.a(libc_a-closer.o)
 .note.GNU-stack
                0x00000000        0x0 /opt/xpack-riscv-none-elf-gcc-14.2.0-2/bin/../lib/gcc/riscv-none-elf/14.2.0/../../../../riscv-none-elf/lib/rv32i/ilp32/libc.a(libc_a-closer.o)
 .riscv.attributes
                0x00000000       0x1c /opt/xpack-riscv-none-elf-gcc-14.2.0-2/bin/../lib/gcc/riscv-none-elf/14.2.0/../../../../riscv-none-elf/lib/rv32i/ilp32/libc.a(libc_a-closer.o)
 .text          0x00000000        0x0 /opt/xpack-riscv-none-elf-gcc-14.2.0-2/bin/../lib/gcc/riscv-none-elf/14.2.0/../../../../riscv-none-elf/lib/rv32i/ilp32/libc.a(libc_a-reent.o)
 .data          0x00000000        0x0 /opt/xpack-riscv-none-elf-gcc-14.2.0-2/bin/../lib/gcc/riscv-none-elf/14.2.0/../../../../riscv-none-elf/lib/rv32i/ilp32/libc.a(libc_a-reent.o)
 .bss           0x00000000        0x0 /opt/xpack-riscv-none-elf-gcc-14.2.0-2/bin/../lib/gcc/riscv-none-elf/14.2.0/../../../../riscv-none-elf/lib/rv32i/ilp32/libc.a(libc_a-reent.o)
 .text._reclaim_reent
                0x00000000       0xfc /opt/xpack-riscv-none-elf-gcc-14.2.0-2/bin/../lib/gcc/riscv-none-elf/14.2.0/../../../../riscv-none-elf/lib/rv32i/ilp32/libc.a(libc_a-reent.o)
 .text          0x00000000        0x0 /opt/xpack-riscv-none-elf-gcc-14.2.0-2/bin/../lib/gcc/riscv-none-elf/14.2.0/../../../../riscv-none-elf/lib/rv32i/ilp32/libc.a(libc_a-lseekr.o)
 .data          0x00000000        0x0 /opt/xpack-riscv-none-elf-gcc-14.2.0-2/bin/../lib/gcc/riscv-none-elf/14.2.0/../../../../riscv-none-elf/lib/rv32i/ilp32/libc.a(libc_a-lseekr.o)
 .bss           0x00000000        0x0 /opt/xpack-riscv-none-elf-gcc-14.2.0-2/bin/../lib/gcc/riscv-none-elf/14.2.0/../../../../riscv-none-elf/lib/rv32i/ilp32/libc.a(libc_a-lseekr.o)
 .text._lseek_r
                0x00000000       0x88 /opt/xpack-riscv-none-elf-gcc-14.2.0-2/bin/../lib/gcc/riscv-none-elf/14.2.0/../../../../riscv-none-elf/lib/rv32i/ilp32/libc.a(libc_a-lseekr.o)
 .comment       0x00000000       0x35 /opt/xpack-riscv-none-elf-gcc-14.2.0-2/bin/../lib/gcc/riscv-none-elf/14.2.0/../../../../riscv-none-elf/lib/rv32i/ilp32/libc.a(libc_a-lseekr.o)
 .note.GNU-stack
                0x00000000        0x0 /opt/xpack-riscv-none-elf-gcc-14.2.0-2/bin/../lib/gcc/riscv-none-elf/14.2.0/../../../../riscv-none-elf/lib/rv32i/ilp32/libc.a(libc_a-lseekr.o)
 .riscv.attributes
                0x00000000       0x1c /opt/xpack-riscv-none-elf-gcc-14.2.0-2/bin/../lib/gcc/riscv-none-elf/14.2.0/../../../../riscv-none-elf/lib/rv32i/ilp32/libc.a(libc_a-lseekr.o)
 .text          0x00000000        0x0 /opt/xpack-riscv-none-elf-gcc-14.2.0-2/bin/../lib/gcc/riscv-none-elf/14.2.0/../../../../riscv-none-elf/lib/rv32i/ilp32/libc.a(libc_a-readr.o)
 .data          0x00000000        0x0 /opt/xpack-riscv-none-elf-gcc-14.2.0-2/bin/../lib/gcc/riscv-none-elf/14.2.0/../../../../riscv-none-elf/lib/rv32i/ilp32/libc.a(libc_a-readr.o)
 .bss           0x00000000        0x0 /opt/xpack-riscv-none-elf-gcc-14.2.0-2/bin/../lib/gcc/riscv-none-elf/14.2.0/../../../../riscv-none-elf/lib/rv32i/ilp32/libc.a(libc_a-readr.o)
 .text._read_r  0x00000000       0x88 /opt/xpack-riscv-none-elf-gcc-14.2.0-2/bin/../lib/gcc/riscv-none-elf/14.2.0/../../../../riscv-none-elf/lib/rv32i/ilp32/libc.a(libc_a-readr.o)
 .comment       0x00000000       0x35 /opt/xpack-riscv-none-elf-gcc-14.2.0-2/bin/../lib/gcc/riscv-none-elf/14.2.0/../../../../riscv-none-elf/lib/rv32i/ilp32/libc.a(libc_a-readr.o)
 .note.GNU-stack
                0x00000000        0x0 /opt/xpack-riscv-none-elf-gcc-14.2.0-2/bin/../lib/gcc/riscv-none-elf/14.2.0/../../../../riscv-none-elf/lib/rv32i/ilp32/libc.a(libc_a-readr.o)
 .riscv.attributes
                0x00000000       0x1c /opt/xpack-riscv-none-elf-gcc-14.2.0-2/bin/../lib/gcc/riscv-none-elf/14.2.0/../../../../riscv-none-elf/lib/rv32i/ilp32/libc.a(libc_a-readr.o)
 .text          0x00000000        0x0 /opt/xpack-riscv-none-elf-gcc-14.2.0-2/bin/../lib/gcc/riscv-none-elf/14.2.0/../../../../riscv-none-elf/lib/rv32i/ilp32/libc.a(libc_a-writer.o)
 .data          0x00000000        0x0 /opt/xpack-riscv-none-elf-gcc-14.2.0-2/bin/../lib/gcc/riscv-none-elf/14.2.0/../../../../riscv-none-elf/lib/rv32i/ilp32/libc.a(libc_a-writer.o)
 .bss           0x00000000        0x0 /opt/xpack-riscv-none-elf-gcc-14.2.0-2/bin/../lib/gcc/riscv-none-elf/14.2.0/../../../../riscv-none-elf/lib/rv32i/ilp32/libc.a(libc_a-writer.o)
 .text._write_r
                0x00000000       0x88 /opt/xpack-riscv-none-elf-gcc-14.2.0-2/bin/../lib/gcc/riscv-none-elf/14.2.0/../../../../riscv-none-elf/lib/rv32i/ilp32/libc.a(libc_a-writer.o)
 .comment       0x00000000       0x35 /opt/xpack-riscv-none-elf-gcc-14.2.0-2/bin/../lib/gcc/riscv-none-elf/14.2.0/../../../../riscv-none-elf/lib/rv32i/ilp32/libc.a(libc_a-writer.o)
 .note.GNU-stack
                0x00000000        0x0 /opt/xpack-riscv-none-elf-gcc-14.2.0-2/bin/../lib/gcc/riscv-none-elf/14.2.0/../../../../riscv-none-elf/lib/rv32i/ilp32/libc.a(libc_a-writer.o)
 .riscv.attributes
                0x00000000       0x1c /opt/xpack-riscv-none-elf-gcc-14.2.0-2/bin/../lib/gcc/riscv-none-elf/14.2.0/../../../../riscv-none-elf/lib/rv32i/ilp32/libc.a(libc_a-writer.o)
 .text          0x00000000        0x0 /opt/xpack-riscv-none-elf-gcc-14.2.0-2/bin/../lib/gcc/riscv-none-elf/14.2.0/../../../../riscv-none-elf/lib/rv32i/ilp32/libc.a(libc_a-lock.o)
 .data          0x00000000        0x0 /opt/xpack-riscv-none-elf-gcc-14.2.0-2/bin/../lib/gcc/riscv-none-elf/14.2.0/../../../../riscv-none-elf/lib/rv32i/ilp32/libc.a(libc_a-lock.o)
 .bss           0x00000000        0x0 /opt/xpack-riscv-none-elf-gcc-14.2.0-2/bin/../lib/gcc/riscv-none-elf/14.2.0/../../../../riscv-none-elf/lib/rv32i/ilp32/libc.a(libc_a-lock.o)
 .text.__retarget_lock_init
                0x00000000        0x4 /opt/xpack-riscv-none-elf-gcc-14.2.0-2/bin/../lib/gcc/riscv-none-elf/14.2.0/../../../../riscv-none-elf/lib/rv32i/ilp32/libc.a(libc_a-lock.o)
 .text.__retarget_lock_init_recursive
                0x00000000        0x4 /opt/xpack-riscv-none-elf-gcc-14.2.0-2/bin/../lib/gcc/riscv-none-elf/14.2.0/../../../../riscv-none-elf/lib/rv32i/ilp32/libc.a(libc_a-lock.o)
 .text.__retarget_lock_close
                0x00000000        0x4 /opt/xpack-riscv-none-elf-gcc-14.2.0-2/bin/../lib/gcc/riscv-none-elf/14.2.0/../../../../riscv-none-elf/lib/rv32i/ilp32/libc.a(libc_a-lock.o)
 .text.__retarget_lock_close_recursive
                0x00000000        0x4 /opt/xpack-riscv-none-elf-gcc-14.2.0-2/bin/../lib/gcc/riscv-none-elf/14.2.0/../../../../riscv-none-elf/lib/rv32i/ilp32/libc.a(libc_a-lock.o)
 .text.__retarget_lock_acquire
                0x00000000        0x4 /opt/xpack-riscv-none-elf-gcc-14.2.0-2/bin/../lib/gcc/riscv-none-elf/14.2.0/../../../../riscv-none-elf/lib/rv32i/ilp32/libc.a(libc_a-lock.o)
 .text.__retarget_lock_acquire_recursive
                0x00000000        0x4 /opt/xpack-riscv-none-elf-gcc-14.2.0-2/bin/../lib/gcc/riscv-none-elf/14.2.0/../../../../riscv-none-elf/lib/rv32i/ilp32/libc.a(libc_a-lock.o)
 .text.__retarget_lock_try_acquire
                0x00000000        0x8 /opt/xpack-riscv-none-elf-gcc-14.2.0-2/bin/../lib/gcc/riscv-none-elf/14.2.0/../../../../riscv-none-elf/lib/rv32i/ilp32/libc.a(libc_a-lock.o)
 .text.__retarget_lock_try_acquire_recursive
                0x00000000        0x8 /opt/xpack-riscv-none-elf-gcc-14.2.0-2/bin/../lib/gcc/riscv-none-elf/14.2.0/../../../../riscv-none-elf/lib/rv32i/ilp32/libc.a(libc_a-lock.o)
 .text.__retarget_lock_release
                0x00000000        0x4 /opt/xpack-riscv-none-elf-gcc-14.2.0-2/bin/../lib/gcc/riscv-none-elf/14.2.0/../../../../riscv-none-elf/lib/rv32i/ilp32/libc.a(libc_a-lock.o)
 .text.__retarget_lock_release_recursive
                0x00000000        0x4 /opt/xpack-riscv-none-elf-gcc-14.2.0-2/bin/../lib/gcc/riscv-none-elf/14.2.0/../../../../riscv-none-elf/lib/rv32i/ilp32/libc.a(libc_a-lock.o)
 .sbss.__lock___arc4random_mutex
                0x00000000        0x1 /opt/xpack-riscv-none-elf-gcc-14.2.0-2/bin/../lib/gcc/riscv-none-elf/14.2.0/../../../../riscv-none-elf/lib/rv32i/ilp32/libc.a(libc_a-lock.o)
 .sbss.__lock___dd_hash_mutex
                0x00000000        0x1 /opt/xpack-riscv-none-elf-gcc-14.2.0-2/bin/../lib/gcc/riscv-none-elf/14.2.0/../../../../riscv-none-elf/lib/rv32i/ilp32/libc.a(libc_a-lock.o)
 .sbss.__lock___tz_mutex
                0x00000000        0x1 /opt/xpack-riscv-none-elf-gcc-14.2.0-2/bin/../lib/gcc/riscv-none-elf/14.2.0/../../../../riscv-none-elf/lib/rv32i/ilp32/libc.a(libc_a-lock.o)
 .sbss.__lock___env_recursive_mutex
                0x00000000        0x1 /opt/xpack-riscv-none-elf-gcc-14.2.0-2/bin/../lib/gcc/riscv-none-elf/14.2.0/../../../../riscv-none-elf/lib/rv32i/ilp32/libc.a(libc_a-lock.o)
 .sbss.__lock___malloc_recursive_mutex
                0x00000000        0x1 /opt/xpack-riscv-none-elf-gcc-14.2.0-2/bin/../lib/gcc/riscv-none-elf/14.2.0/../../../../riscv-none-elf/lib/rv32i/ilp32/libc.a(libc_a-lock.o)
 .sbss.__lock___at_quick_exit_mutex
                0x00000000        0x1 /opt/xpack-riscv-none-elf-gcc-14.2.0-2/bin/../lib/gcc/riscv-none-elf/14.2.0/../../../../riscv-none-elf/lib/rv32i/ilp32/libc.a(libc_a-lock.o)
 .sbss.__lock___atexit_recursive_mutex
                0x00000000        0x1 /opt/xpack-riscv-none-elf-gcc-14.2.0-2/bin/../lib/gcc/riscv-none-elf/14.2.0/../../../../riscv-none-elf/lib/rv32i/ilp32/libc.a(libc_a-lock.o)
 .sbss.__lock___sfp_recursive_mutex
                0x00000000        0x1 /opt/xpack-riscv-none-elf-gcc-14.2.0-2/bin/../lib/gcc/riscv-none-elf/14.2.0/../../../../riscv-none-elf/lib/rv32i/ilp32/libc.a(libc_a-lock.o)
 .comment       0x00000000       0x35 /opt/xpack-riscv-none-elf-gcc-14.2.0-2/bin/../lib/gcc/riscv-none-elf/14.2.0/../../../../riscv-none-elf/lib/rv32i/ilp32/libc.a(libc_a-lock.o)
 .note.GNU-stack
                0x00000000        0x0 /opt/xpack-riscv-none-elf-gcc-14.2.0-2/bin/../lib/gcc/riscv-none-elf/14.2.0/../../../../riscv-none-elf/lib/rv32i/ilp32/libc.a(libc_a-lock.o)
 .riscv.attributes
                0x00000000       0x1c /opt/xpack-riscv-none-elf-gcc-14.2.0-2/bin/../lib/gcc/riscv-none-elf/14.2.0/../../../../riscv-none-elf/lib/rv32i/ilp32/libc.a(libc_a-lock.o)
 .text          0x00000000       0xdc /opt/xpack-riscv-none-elf-gcc-14.2.0-2/bin/../lib/gcc/riscv-none-elf/14.2.0/../../../../riscv-none-elf/lib/rv32i/ilp32/libc.a(libc_a-memset.o)
 .data          0x00000000        0x0 /opt/xpack-riscv-none-elf-gcc-14.2.0-2/bin/../lib/gcc/riscv-none-elf/14.2.0/../../../../riscv-none-elf/lib/rv32i/ilp32/libc.a(libc_a-memset.o)
 .bss           0x00000000        0x0 /opt/xpack-riscv-none-elf-gcc-14.2.0-2/bin/../lib/gcc/riscv-none-elf/14.2.0/../../../../riscv-none-elf/lib/rv32i/ilp32/libc.a(libc_a-memset.o)
 .riscv.attributes
                0x00000000       0x1a /opt/xpack-riscv-none-elf-gcc-14.2.0-2/bin/../lib/gcc/riscv-none-elf/14.2.0/../../../../riscv-none-elf/lib/rv32i/ilp32/libc.a(libc_a-memset.o)
 .text          0x00000000        0x0 /opt/xpack-riscv-none-elf-gcc-14.2.0-2/bin/../lib/gcc/riscv-none-elf/14.2.0/../../../../riscv-none-elf/lib/rv32i/ilp32/libc.a(libc_a-fclose.o)
 .data          0x00000000        0x0 /opt/xpack-riscv-none-elf-gcc-14.2.0-2/bin/../lib/gcc/riscv-none-elf/14.2.0/../../../../riscv-none-elf/lib/rv32i/ilp32/libc.a(libc_a-fclose.o)
 .bss           0x00000000        0x0 /opt/xpack-riscv-none-elf-gcc-14.2.0-2/bin/../lib/gcc/riscv-none-elf/14.2.0/../../../../riscv-none-elf/lib/rv32i/ilp32/libc.a(libc_a-fclose.o)
 .text._fclose_r
                0x00000000      0x198 /opt/xpack-riscv-none-elf-gcc-14.2.0-2/bin/../lib/gcc/riscv-none-elf/14.2.0/../../../../riscv-none-elf/lib/rv32i/ilp32/libc.a(libc_a-fclose.o)
 .text.fclose   0x00000000       0x14 /opt/xpack-riscv-none-elf-gcc-14.2.0-2/bin/../lib/gcc/riscv-none-elf/14.2.0/../../../../riscv-none-elf/lib/rv32i/ilp32/libc.a(libc_a-fclose.o)
 .comment       0x00000000       0x35 /opt/xpack-riscv-none-elf-gcc-14.2.0-2/bin/../lib/gcc/riscv-none-elf/14.2.0/../../../../riscv-none-elf/lib/rv32i/ilp32/libc.a(libc_a-fclose.o)
 .note.GNU-stack
                0x00000000        0x0 /opt/xpack-riscv-none-elf-gcc-14.2.0-2/bin/../lib/gcc/riscv-none-elf/14.2.0/../../../../riscv-none-elf/lib/rv32i/ilp32/libc.a(libc_a-fclose.o)
 .riscv.attributes
                0x00000000       0x1c /opt/xpack-riscv-none-elf-gcc-14.2.0-2/bin/../lib/gcc/riscv-none-elf/14.2.0/../../../../riscv-none-elf/lib/rv32i/ilp32/libc.a(libc_a-fclose.o)
 .text          0x00000000        0x0 /opt/xpack-riscv-none-elf-gcc-14.2.0-2/bin/../lib/gcc/riscv-none-elf/14.2.0/../../../../riscv-none-elf/lib/rv32i/ilp32/libc.a(libc_a-fflush.o)
 .data          0x00000000        0x0 /opt/xpack-riscv-none-elf-gcc-14.2.0-2/bin/../lib/gcc/riscv-none-elf/14.2.0/../../../../riscv-none-elf/lib/rv32i/ilp32/libc.a(libc_a-fflush.o)
 .bss           0x00000000        0x0 /opt/xpack-riscv-none-elf-gcc-14.2.0-2/bin/../lib/gcc/riscv-none-elf/14.2.0/../../../../riscv-none-elf/lib/rv32i/ilp32/libc.a(libc_a-fflush.o)
 .text.__sflush_r
                0x00000000      0x25c /opt/xpack-riscv-none-elf-gcc-14.2.0-2/bin/../lib/gcc/riscv-none-elf/14.2.0/../../../../riscv-none-elf/lib/rv32i/ilp32/libc.a(libc_a-fflush.o)
 .text._fflush_r
                0x00000000       0xf4 /opt/xpack-riscv-none-elf-gcc-14.2.0-2/bin/../lib/gcc/riscv-none-elf/14.2.0/../../../../riscv-none-elf/lib/rv32i/ilp32/libc.a(libc_a-fflush.o)
 .text.fflush   0x00000000       0xe8 /opt/xpack-riscv-none-elf-gcc-14.2.0-2/bin/../lib/gcc/riscv-none-elf/14.2.0/../../../../riscv-none-elf/lib/rv32i/ilp32/libc.a(libc_a-fflush.o)
 .comment       0x00000000       0x35 /opt/xpack-riscv-none-elf-gcc-14.2.0-2/bin/../lib/gcc/riscv-none-elf/14.2.0/../../../../riscv-none-elf/lib/rv32i/ilp32/libc.a(libc_a-fflush.o)
 .note.GNU-stack
                0x00000000        0x0 /opt/xpack-riscv-none-elf-gcc-14.2.0-2/bin/../lib/gcc/riscv-none-elf/14.2.0/../../../../riscv-none-elf/lib/rv32i/ilp32/libc.a(libc_a-fflush.o)
 .riscv.attributes
                0x00000000       0x1c /opt/xpack-riscv-none-elf-gcc-14.2.0-2/bin/../lib/gcc/riscv-none-elf/14.2.0/../../../../riscv-none-elf/lib/rv32i/ilp32/libc.a(libc_a-fflush.o)
 .text          0x00000000        0x0 /opt/xpack-riscv-none-elf-gcc-14.2.0-2/bin/../lib/gcc/riscv-none-elf/14.2.0/rv32i/ilp32/libgcc.a(multi3.o)
 .data          0x00000000        0x0 /opt/xpack-riscv-none-elf-gcc-14.2.0-2/bin/../lib/gcc/riscv-none-elf/14.2.0/rv32i/ilp32/libgcc.a(multi3.o)
 .bss           0x00000000        0x0 /opt/xpack-riscv-none-elf-gcc-14.2.0-2/bin/../lib/gcc/riscv-none-elf/14.2.0/rv32i/ilp32/libgcc.a(multi3.o)

Memory Configuration

Name             Origin             Length             Attributes
ROM              0x00000000         0x00010000         xr
RAM              0x20000000         0x00010000         xrw
STACK            0x2000e000         0x00002000         rw
*default*        0x00000000         0xffffffff

Linker script and memory map

LOAD CMakeFiles/driver.dir/driver.c.obj
LOAD CMakeFiles/driver.dir/home/flexpret/sdk/lib/src/printf_putchar.c.obj
LOAD BINARY_DIR/libfp-sdk.a
LOAD BINARY_DIR/external/printf/lib/libprintf.a
LOAD /opt/xpack-riscv-none-elf-gcc-14.2.0-2/bin/../lib/gcc/riscv-none-elf/14.2.0/rv32i/ilp32/libgcc.a
START GROUP
LOAD /opt/xpack-riscv-none-elf-gcc-14.2.0-2/bin/../lib/gcc/riscv-none-elf/14.2.0/../../../../riscv-none-elf/lib/rv32i/ilp32/libc.a
END GROUP
LOAD /opt/xpack-riscv-none-elf-gcc-14.2.0-2/bin/../lib/gcc/riscv-none-elf/14.2.0/rv32i/ilp32/libgcc.a
START GROUP
LOAD /opt/xpack-riscv-none-elf-gcc-14.2.0-2/bin/../lib/gcc/riscv-none-elf/14.2.0/rv32i/ilp32/libgcc.a
LOAD /opt/xpack-riscv-none-elf-gcc-14.2.0-2/bin/../lib/gcc/riscv-none-elf/14.2.0/../../../../riscv-none-elf/lib/rv32i/ilp32/libc.a
LOAD /opt/xpack-riscv-none-elf-gcc-14.2.0-2/bin/../lib/gcc/riscv-none-elf/14.2.0/../../../../riscv-none-elf/lib/rv32i/ilp32/libnosys.a
END GROUP
                0x00000000                        BOOTLOADER_SIZE = 0x0
                0x00000000                        ISPM_START = 0x0
                0x20000000                        DSPM_START = 0x20000000
                0x40000000                        BUS_START = 0x40000000
                0x00010000                        ISPM_END = (ISPM_START + 0x10000)
                0x20010000                        DSPM_END = (DSPM_START + 0x10000)
                0x40000400                        BUS_END = (BUS_START + 0x400)
                0x00000004                        NUM_THREADS = 0x4
                0x0000000b                        STACKSIZE_BITS = 0xb
                0x00000800                        STACKSIZE = (0x1 << STACKSIZE_BITS)
                0x00010000                        ISPM_SIZE = (ISPM_END - ISPM_START)
                0x00010000                        DSPM_SIZE = (DSPM_END - DSPM_START)
                0x00002000                        TOTAL_STACKSIZES = (STACKSIZE * NUM_THREADS)
                0x00000000                        ISPM_BOOTLOADER_END = (ISPM_START + BOOTLOADER_SIZE)
                0x20000000                        DSPM_BOOTLOADER_END = DSPM_START

.text           0x00000000     0x4014
                0x00000000                        __stext = ABSOLUTE (.)
 *(.zero_addr_function)
 .zero_addr_function
                0x00000000       0x38 BINARY_DIR/libfp-sdk.a(start.S.obj)
                0x00000000                _start
 *(.vectors)
 *(.isr_vector)
 *(.text .text.*)
 .text.read_time_hw
                0x00000038       0x3c CMakeFiles/driver.dir/driver.c.obj
 .text.__gt_get_rdtime
                0x00000074       0x34 CMakeFiles/driver.dir/driver.c.obj
 .text.__gt_delay_for
                0x000000a8       0x9c CMakeFiles/driver.dir/driver.c.obj
 .text.randint  0x00000144       0x60 CMakeFiles/driver.dir/driver.c.obj
 .text._clientreaction_function_2
                0x000001a4      0x268 CMakeFiles/driver.dir/driver.c.obj
                0x000001a4                _clientreaction_function_2
 .text.read_cycle_count
                0x0000040c       0x30 CMakeFiles/driver.dir/driver.c.obj
 .text.main     0x0000043c       0xc4 CMakeFiles/driver.dir/driver.c.obj
                0x0000043c                main
 .text._write_emulation
                0x00000500      0x20c CMakeFiles/driver.dir/home/flexpret/sdk/lib/src/printf_putchar.c.obj
                0x00000500                _write_emulation
 .text.putchar_
                0x0000070c       0x3c CMakeFiles/driver.dir/home/flexpret/sdk/lib/src/printf_putchar.c.obj
                0x0000070c                putchar_
 .text.write_tohost_tid
                0x00000748       0xec BINARY_DIR/libfp-sdk.a(io.c.obj)
                0x00000748                write_tohost_tid
 .text.write_tohost
                0x00000834       0x48 BINARY_DIR/libfp-sdk.a(io.c.obj)
                0x00000834                write_tohost
 .text.gpo_write_0
                0x0000087c       0x30 BINARY_DIR/libfp-sdk.a(io.c.obj)
                0x0000087c                gpo_write_0
 .text.gpo_write_1
                0x000008ac       0x30 BINARY_DIR/libfp-sdk.a(io.c.obj)
                0x000008ac                gpo_write_1
 .text.gpo_write_2
                0x000008dc       0x30 BINARY_DIR/libfp-sdk.a(io.c.obj)
                0x000008dc                gpo_write_2
 .text.gpo_set_ledmask
                0x0000090c       0x6c BINARY_DIR/libfp-sdk.a(io.c.obj)
                0x0000090c                gpo_set_ledmask
 .text.check_bounds_inclusive
                0x00000978       0x5c BINARY_DIR/libfp-sdk.a(startup.c.obj)
 .text.Reset_Handler
                0x000009d4      0x404 BINARY_DIR/libfp-sdk.a(startup.c.obj)
                0x000009d4                Reset_Handler
 .text.__getreent
                0x00000dd8       0x5c BINARY_DIR/libfp-sdk.a(syscalls.c.obj)
                0x00000dd8                __getreent
 .text.__errno  0x00000e34       0x2c BINARY_DIR/libfp-sdk.a(syscalls.c.obj)
                0x00000e34                __errno
 .text._exit    0x00000e60       0x84 BINARY_DIR/libfp-sdk.a(syscalls.c.obj)
                0x00000e60                _exit
 .text._sbrk    0x00000ee4       0xa0 BINARY_DIR/libfp-sdk.a(syscalls.c.obj)
                0x00000ee4                _sbrk
 .text.__malloc_lock
                0x00000f84       0x30 BINARY_DIR/libfp-sdk.a(syscalls.c.obj)
                0x00000f84                __malloc_lock
 .text.__malloc_unlock
                0x00000fb4       0x30 BINARY_DIR/libfp-sdk.a(syscalls.c.obj)
                0x00000fb4                __malloc_unlock
 .text.slot_set
                0x00000fe4       0xd4 BINARY_DIR/libfp-sdk.a(thread.c.obj)
                0x00000fe4                slot_set
 .text.tmode_set
                0x000010b8       0x98 BINARY_DIR/libfp-sdk.a(thread.c.obj)
                0x000010b8                tmode_set
 .text.worker_main
                0x00001150      0x1ac BINARY_DIR/libfp-sdk.a(thread.c.obj)
                0x00001150                worker_main
 .text.register_exception_handler
                0x000012fc       0x30 BINARY_DIR/libfp-sdk.a(exceptions.c.obj)
 .text.exception_to_str
                0x0000132c      0x148 BINARY_DIR/libfp-sdk.a(exceptions.c.obj)
 .text.fp_exception_handler
                0x00001474      0x214 BINARY_DIR/libfp-sdk.a(exceptions.c.obj)
                0x00001474                fp_exception_handler
 .text.setup_exceptions
                0x00001688       0x30 BINARY_DIR/libfp-sdk.a(exceptions.c.obj)
                0x00001688                setup_exceptions
 .text.fp_hwlock_acquire
                0x000016b8       0x40 BINARY_DIR/libfp-sdk.a(lock.c.obj)
                0x000016b8                fp_hwlock_acquire
 .text.fp_hwlock_release
                0x000016f8       0x6c BINARY_DIR/libfp-sdk.a(lock.c.obj)
                0x000016f8                fp_hwlock_release
 .text.do_acquire
                0x00001764       0xb4 BINARY_DIR/libfp-sdk.a(lock.c.obj)
 .text.fp_lock_acquire
                0x00001818       0x40 BINARY_DIR/libfp-sdk.a(lock.c.obj)
                0x00001818                fp_lock_acquire
 .text.fp_lock_release
                0x00001858      0x110 BINARY_DIR/libfp-sdk.a(lock.c.obj)
                0x00001858                fp_lock_release
 .text          0x00001968      0x144 BINARY_DIR/libfp-sdk.a(ctx_switch.S.obj)
                0x00001968                thread_ctx_switch_store
                0x00001a0c                thread_ctx_switch_load
 .text.putchar_via_gadget
                0x00001aac       0xa4 BINARY_DIR/external/printf/lib/libprintf.a(printf.c.obj)
 .text.append_termination_with_gadget
                0x00001b50       0x9c BINARY_DIR/external/printf/lib/libprintf.a(printf.c.obj)
 .text.putchar_wrapper
                0x00001bec       0x3c BINARY_DIR/external/printf/lib/libprintf.a(printf.c.obj)
 .text.discarding_gadget
                0x00001c28       0x68 BINARY_DIR/external/printf/lib/libprintf.a(printf.c.obj)
 .text.function_gadget
                0x00001c90       0x84 BINARY_DIR/external/printf/lib/libprintf.a(printf.c.obj)
 .text.extern_putchar_gadget
                0x00001d14       0x40 BINARY_DIR/external/printf/lib/libprintf.a(printf.c.obj)
 .text.strnlen_s_
                0x00001d54       0x6c BINARY_DIR/external/printf/lib/libprintf.a(printf.c.obj)
 .text.is_digit_
                0x00001dc0       0x58 BINARY_DIR/external/printf/lib/libprintf.a(printf.c.obj)
 .text.atou_    0x00001e18       0x8c BINARY_DIR/external/printf/lib/libprintf.a(printf.c.obj)
 .text.out_rev_
                0x00001ea4       0xf4 BINARY_DIR/external/printf/lib/libprintf.a(printf.c.obj)
 .text.print_integer_finalization
                0x00001f98      0x350 BINARY_DIR/external/printf/lib/libprintf.a(printf.c.obj)
 .text.print_integer
                0x000022e8      0x17c BINARY_DIR/external/printf/lib/libprintf.a(printf.c.obj)
 .text.parse_flags
                0x00002464      0x118 BINARY_DIR/external/printf/lib/libprintf.a(printf.c.obj)
 .text.format_string_loop
                0x0000257c      0xa5c BINARY_DIR/external/printf/lib/libprintf.a(printf.c.obj)
 .text.vsnprintf_impl
                0x00002fd8       0x50 BINARY_DIR/external/printf/lib/libprintf.a(printf.c.obj)
 .text.vprintf  0x00003028       0x50 BINARY_DIR/external/printf/lib/libprintf.a(printf.c.obj)
                0x00003028                vprintf
 .text.printf   0x00003078       0x70 BINARY_DIR/external/printf/lib/libprintf.a(printf.c.obj)
                0x00003078                printf
 .text          0x000030e8       0x24 /opt/xpack-riscv-none-elf-gcc-14.2.0-2/bin/../lib/gcc/riscv-none-elf/14.2.0/rv32i/ilp32/libgcc.a(muldi3.o)
                0x000030e8                __mulsi3
 .text          0x0000310c       0xb4 /opt/xpack-riscv-none-elf-gcc-14.2.0-2/bin/../lib/gcc/riscv-none-elf/14.2.0/rv32i/ilp32/libgcc.a(div.o)
                0x0000310c                __divsi3
                0x00003114                __hidden___udivsi3
                0x00003114                __udivsi3
                0x0000315c                __umodsi3
                0x00003190                __modsi3
 .text.malloc   0x000031c0        0xc /opt/xpack-riscv-none-elf-gcc-14.2.0-2/bin/../lib/gcc/riscv-none-elf/14.2.0/../../../../riscv-none-elf/lib/rv32i/ilp32/libc.a(libc_a-malloc.o)
                0x000031c0                malloc
 .text._malloc_r
                0x000031cc      0x828 /opt/xpack-riscv-none-elf-gcc-14.2.0-2/bin/../lib/gcc/riscv-none-elf/14.2.0/../../../../riscv-none-elf/lib/rv32i/ilp32/libc.a(libc_a-mallocr.o)
                0x000031cc                _malloc_r
 .text.rand     0x000039f4       0x58 /opt/xpack-riscv-none-elf-gcc-14.2.0-2/bin/../lib/gcc/riscv-none-elf/14.2.0/../../../../riscv-none-elf/lib/rv32i/ilp32/libc.a(libc_a-rand.o)
                0x000039f4                rand
 .text._sbrk_r  0x00003a4c       0x78 /opt/xpack-riscv-none-elf-gcc-14.2.0-2/bin/../lib/gcc/riscv-none-elf/14.2.0/../../../../riscv-none-elf/lib/rv32i/ilp32/libc.a(libc_a-sbrkr.o)
                0x00003a4c                _sbrk_r
 .text          0x00003ac4       0x84 /opt/xpack-riscv-none-elf-gcc-14.2.0-2/bin/../lib/gcc/riscv-none-elf/14.2.0/../../../../riscv-none-elf/lib/rv32i/ilp32/libc.a(libc_a-setjmp.o)
                0x00003ac4                setjmp
                0x00003b04                longjmp
 .text._malloc_trim_r
                0x00003b48      0x140 /opt/xpack-riscv-none-elf-gcc-14.2.0-2/bin/../lib/gcc/riscv-none-elf/14.2.0/../../../../riscv-none-elf/lib/rv32i/ilp32/libc.a(libc_a-freer.o)
                0x00003b48                _malloc_trim_r
 .text._free_r  0x00003c88      0x2f4 /opt/xpack-riscv-none-elf-gcc-14.2.0-2/bin/../lib/gcc/riscv-none-elf/14.2.0/../../../../riscv-none-elf/lib/rv32i/ilp32/libc.a(libc_a-freer.o)
                0x00003c88                _free_r
 .text.__muldi3
                0x00003f7c       0x98 /opt/xpack-riscv-none-elf-gcc-14.2.0-2/bin/../lib/gcc/riscv-none-elf/14.2.0/rv32i/ilp32/libgcc.a(multi3.o)
                0x00003f7c                __muldi3
 *(.eh_frame)
                0x00004014                        . = ALIGN (0x4)
                0x00004014                        __etext = ABSOLUTE (.)

.rela.dyn       0x00004014        0x0
 .rela.text.Reset_Handler
                0x00004014        0x0 CMakeFiles/driver.dir/driver.c.obj
 .rela.text._sbrk
                0x00004014        0x0 CMakeFiles/driver.dir/driver.c.obj

.data           0x20000000      0xde0 load address 0x00004014
                0x20000000                        __sdata = ABSOLUTE (.)
 *(.data .data.*)
 .data.malloc_lock
                0x20000000        0xc BINARY_DIR/libfp-sdk.a(syscalls.c.obj)
 .data.__malloc_av_
                0x2000000c      0x408 /opt/xpack-riscv-none-elf-gcc-14.2.0-2/bin/../lib/gcc/riscv-none-elf/14.2.0/../../../../riscv-none-elf/lib/rv32i/ilp32/libc.a(libc_a-mallocr.o)
                0x2000000c                __malloc_av_
 *fill*         0x20000414        0x4 
 .data._impure_data
                0x20000418      0x120 /opt/xpack-riscv-none-elf-gcc-14.2.0-2/bin/../lib/gcc/riscv-none-elf/14.2.0/../../../../riscv-none-elf/lib/rv32i/ilp32/libc.a(libc_a-impure.o)
                0x20000418                _impure_data
 *(.sdata .sdata.* .sdata2.*)
 .sdata.first_character.2
                0x20000538        0x4 CMakeFiles/driver.dir/home/flexpret/sdk/lib/src/printf_putchar.c.obj
 .sdata.__malloc_sbrk_base
                0x2000053c        0x4 /opt/xpack-riscv-none-elf-gcc-14.2.0-2/bin/../lib/gcc/riscv-none-elf/14.2.0/../../../../riscv-none-elf/lib/rv32i/ilp32/libc.a(libc_a-mallocr.o)
                0x2000053c                __malloc_sbrk_base
 .sdata.__malloc_trim_threshold
                0x20000540        0x4 /opt/xpack-riscv-none-elf-gcc-14.2.0-2/bin/../lib/gcc/riscv-none-elf/14.2.0/../../../../riscv-none-elf/lib/rv32i/ilp32/libc.a(libc_a-mallocr.o)
                0x20000540                __malloc_trim_threshold
 .sdata._impure_ptr
                0x20000544        0x4 /opt/xpack-riscv-none-elf-gcc-14.2.0-2/bin/../lib/gcc/riscv-none-elf/14.2.0/../../../../riscv-none-elf/lib/rv32i/ilp32/libc.a(libc_a-impure.o)
                0x20000544                _impure_ptr
 *(.rodata .rodata.* .srodata .srodata.*)
 .rodata        0x20000548       0x54 CMakeFiles/driver.dir/driver.c.obj
 .rodata        0x2000059c       0x66 BINARY_DIR/libfp-sdk.a(io.c.obj)
 *fill*         0x20000602        0x2 
 .rodata.write_tohost_tid
                0x20000604       0x20 BINARY_DIR/libfp-sdk.a(io.c.obj)
 .rodata.__func__.5
                0x20000624       0x11 BINARY_DIR/libfp-sdk.a(io.c.obj)
 *fill*         0x20000635        0x3 
 .rodata        0x20000638      0x136 BINARY_DIR/libfp-sdk.a(startup.c.obj)
 *fill*         0x2000076e        0x2 
 .rodata.__func__.0
                0x20000770        0xe BINARY_DIR/libfp-sdk.a(startup.c.obj)
 *fill*         0x2000077e        0x2 
 .rodata        0x20000780       0x73 BINARY_DIR/libfp-sdk.a(syscalls.c.obj)
 *fill*         0x200007f3        0x1 
 .srodata.__func__.1
                0x200007f4        0x6 BINARY_DIR/libfp-sdk.a(syscalls.c.obj)
 *fill*         0x200007fa        0x2 
 .rodata        0x200007fc       0xc5 BINARY_DIR/libfp-sdk.a(thread.c.obj)
 *fill*         0x200008c1        0x3 
 .rodata.__func__.2
                0x200008c4        0x9 BINARY_DIR/libfp-sdk.a(thread.c.obj)
 *fill*         0x200008cd        0x3 
 .rodata.__func__.0
                0x200008d0        0xc BINARY_DIR/libfp-sdk.a(thread.c.obj)
 .rodata        0x200008dc      0x2c9 BINARY_DIR/libfp-sdk.a(exceptions.c.obj)
 *fill*         0x20000ba5        0x3 
 .rodata.exception_to_str
                0x20000ba8       0x60 BINARY_DIR/libfp-sdk.a(exceptions.c.obj)
 .rodata.__func__.1
                0x20000c08       0x15 BINARY_DIR/libfp-sdk.a(exceptions.c.obj)
 *fill*         0x20000c1d        0x3 
 .rodata        0x20000c20       0xf3 BINARY_DIR/libfp-sdk.a(lock.c.obj)
 *fill*         0x20000d13        0x1 
 .rodata.__func__.1
                0x20000d14       0x12 BINARY_DIR/libfp-sdk.a(lock.c.obj)
 *fill*         0x20000d26        0x2 
 .rodata.__func__.0
                0x20000d28       0x10 BINARY_DIR/libfp-sdk.a(lock.c.obj)
 .rodata.parse_flags
                0x20000d38       0x44 BINARY_DIR/external/printf/lib/libprintf.a(printf.c.obj)
 .rodata        0x20000d7c        0xe BINARY_DIR/external/printf/lib/libprintf.a(printf.c.obj)
 *fill*         0x20000d8a        0x2 
 .rodata.format_string_loop
                0x20000d8c       0x4c BINARY_DIR/external/printf/lib/libprintf.a(printf.c.obj)
 .srodata.cst8  0x20000dd8        0x8 /opt/xpack-riscv-none-elf-gcc-14.2.0-2/bin/../lib/gcc/riscv-none-elf/14.2.0/../../../../riscv-none-elf/lib/rv32i/ilp32/libc.a(libc_a-rand.o)
 *(.gnu.linkonce.d.*)
 *(.gnu.linkonce.s.*)
                0x20000de0                        . = ALIGN (0x4)
                0x20000de0                        __edata = ABSOLUTE (.)
                0x200006f0                        PROVIDE (__global_pointer$ = (__sdata + ((__edata - __sdata) / 0x2)))

.bss            0x20000de0     0x13a0 load address 0x00004df4
                0x20000de0                        __sbss = ABSOLUTE (.)
 *(.bss .bss.*)
 .bss.inp       0x20000de0        0xc CMakeFiles/driver.dir/driver.c.obj
                0x20000de0                inp
 .bss.word.1    0x20000dec       0x10 CMakeFiles/driver.dir/home/flexpret/sdk/lib/src/printf_putchar.c.obj
 .bss.word_idx.0
                0x20000dfc       0x10 CMakeFiles/driver.dir/home/flexpret/sdk/lib/src/printf_putchar.c.obj
 .bss._reents   0x20000e0c      0x130 BINARY_DIR/libfp-sdk.a(syscalls.c.obj)
                0x20000e0c                _reents
 .bss.routines  0x20000f3c       0x10 BINARY_DIR/libfp-sdk.a(thread.c.obj)
 .bss.args      0x20000f4c       0x10 BINARY_DIR/libfp-sdk.a(thread.c.obj)
 *fill*         0x20000f5c        0x4 
 .bss.envs      0x20000f60      0x4c0 BINARY_DIR/libfp-sdk.a(thread.c.obj)
 .bss.ext_int_handler
                0x20001420       0x10 BINARY_DIR/libfp-sdk.a(exceptions.c.obj)
 .bss.ie_int_handler
                0x20001430       0x10 BINARY_DIR/libfp-sdk.a(exceptions.c.obj)
 .bss.ee_int_handler
                0x20001440       0x10 BINARY_DIR/libfp-sdk.a(exceptions.c.obj)
 .bss.contexts  0x20001450      0x200 BINARY_DIR/libfp-sdk.a(exceptions.c.obj)
                0x20001450                contexts
 .bss.__ie_jmp_buf
                0x20001650      0x4c0 BINARY_DIR/libfp-sdk.a(exceptions.c.obj)
                0x20001650                __ie_jmp_buf
 .bss.__ee_jmp_buf
                0x20001b10      0x4c0 BINARY_DIR/libfp-sdk.a(exceptions.c.obj)
                0x20001b10                __ee_jmp_buf
 .bss.__malloc_current_mallinfo
                0x20001fd0       0x28 /opt/xpack-riscv-none-elf-gcc-14.2.0-2/bin/../lib/gcc/riscv-none-elf/14.2.0/../../../../riscv-none-elf/lib/rv32i/ilp32/libc.a(libc_a-mallocr.o)
                0x20001fd0                __malloc_current_mallinfo
 .bss.__sf      0x20001ff8      0x138 /opt/xpack-riscv-none-elf-gcc-14.2.0-2/bin/../lib/gcc/riscv-none-elf/14.2.0/../../../../riscv-none-elf/lib/rv32i/ilp32/libc.a(libc_a-findfp.o)
                0x20001ff8                __sf
 *(.sbss .sbss.*)
 .sbss.period_val
                0x20002130        0x8 CMakeFiles/driver.dir/driver.c.obj
                0x20002130                period_val
 .sbss.id_val   0x20002138        0x4 CMakeFiles/driver.dir/driver.c.obj
                0x20002138                id_val
 *fill*         0x2000213c        0x4 
 .sbss.__symbolic_elapsed_time
                0x20002140        0x8 CMakeFiles/driver.dir/driver.c.obj
                0x20002140                __symbolic_elapsed_time
 .sbss.__symbolic_microstep
                0x20002148        0x4 CMakeFiles/driver.dir/driver.c.obj
                0x20002148                __symbolic_microstep
 .sbss.__ready__
                0x2000214c        0x1 BINARY_DIR/libfp-sdk.a(startup.c.obj)
 *fill*         0x2000214d        0x3 
 .sbss.heap_end.0
                0x20002150        0x4 BINARY_DIR/libfp-sdk.a(syscalls.c.obj)
 .sbss.in_use   0x20002154        0x4 BINARY_DIR/libfp-sdk.a(thread.c.obj)
 .sbss.exit_requested
                0x20002158        0x4 BINARY_DIR/libfp-sdk.a(thread.c.obj)
                0x20002158                exit_requested
 .sbss.num_threads_busy
                0x2000215c        0x4 BINARY_DIR/libfp-sdk.a(thread.c.obj)
                0x2000215c                num_threads_busy
 .sbss.num_threads_exited
                0x20002160        0x4 BINARY_DIR/libfp-sdk.a(thread.c.obj)
                0x20002160                num_threads_exited
 .sbss.__ie_jmp_buf_active
                0x20002164        0x4 BINARY_DIR/libfp-sdk.a(exceptions.c.obj)
                0x20002164                __ie_jmp_buf_active
 .sbss.__ee_jmp_buf_active
                0x20002168        0x4 BINARY_DIR/libfp-sdk.a(exceptions.c.obj)
                0x20002168                __ee_jmp_buf_active
 .sbss.__malloc_max_total_mem
                0x2000216c        0x4 /opt/xpack-riscv-none-elf-gcc-14.2.0-2/bin/../lib/gcc/riscv-none-elf/14.2.0/../../../../riscv-none-elf/lib/rv32i/ilp32/libc.a(libc_a-mallocr.o)
                0x2000216c                __malloc_max_total_mem
 .sbss.__malloc_max_sbrked_mem
                0x20002170        0x4 /opt/xpack-riscv-none-elf-gcc-14.2.0-2/bin/../lib/gcc/riscv-none-elf/14.2.0/../../../../riscv-none-elf/lib/rv32i/ilp32/libc.a(libc_a-mallocr.o)
                0x20002170                __malloc_max_sbrked_mem
 .sbss.__malloc_top_pad
                0x20002174        0x4 /opt/xpack-riscv-none-elf-gcc-14.2.0-2/bin/../lib/gcc/riscv-none-elf/14.2.0/../../../../riscv-none-elf/lib/rv32i/ilp32/libc.a(libc_a-mallocr.o)
                0x20002174                __malloc_top_pad
 .sbss.errno    0x20002178        0x4 /opt/xpack-riscv-none-elf-gcc-14.2.0-2/bin/../lib/gcc/riscv-none-elf/14.2.0/../../../../riscv-none-elf/lib/rv32i/ilp32/libc.a(libc_a-reent.o)
                0x20002178                errno
 *(.gnu.linkonce.b.*)
 *(.gnu.linkonce.sb.*)
 *(COMMON)
                0x20002180                        . = ALIGN (0x20)
 *fill*         0x2000217c        0x4 
                0x20002180                        __ebss = ABSOLUTE (.)
                0x20002180                        __end = ABSOLUTE (.)

.heap           0x20002180        0x0 load address 0x00004df4
                0x20002180                        __sheap = ABSOLUTE (.)
                0x2000e000                        __eheap = ABSOLUTE ((DSPM_END - TOTAL_STACKSIZES))

.stack          0x2000e000        0x0
                0x2000e000                        __estack = ABSOLUTE (.)
                0x20010000                        __sstack = ABSOLUTE ((. + TOTAL_STACKSIZES))
                0x20010000                        PROVIDE (__stack_start$ = __sstack)
OUTPUT(driver elf32-littleriscv)

.debug_info     0x00000000     0x3d26
 .debug_info    0x00000000      0x391 CMakeFiles/driver.dir/driver.c.obj
 .debug_info    0x00000391      0x1df CMakeFiles/driver.dir/home/flexpret/sdk/lib/src/printf_putchar.c.obj
 .debug_info    0x00000570      0x8f7 BINARY_DIR/libfp-sdk.a(io.c.obj)
 .debug_info    0x00000e67      0x514 BINARY_DIR/libfp-sdk.a(startup.c.obj)
 .debug_info    0x0000137b      0xf18 BINARY_DIR/libfp-sdk.a(syscalls.c.obj)
 .debug_info    0x00002293      0x8d9 BINARY_DIR/libfp-sdk.a(thread.c.obj)
 .debug_info    0x00002b6c      0x43a BINARY_DIR/libfp-sdk.a(exceptions.c.obj)
 .debug_info    0x00002fa6      0x2ae BINARY_DIR/libfp-sdk.a(lock.c.obj)
 .debug_info    0x00003254       0x25 BINARY_DIR/libfp-sdk.a(ctx_switch.S.obj)
 .debug_info    0x00003279      0xaad BINARY_DIR/external/printf/lib/libprintf.a(printf.c.obj)

.debug_abbrev   0x00000000     0x10a4
 .debug_abbrev  0x00000000      0x1d1 CMakeFiles/driver.dir/driver.c.obj
 .debug_abbrev  0x000001d1       0xdd CMakeFiles/driver.dir/home/flexpret/sdk/lib/src/printf_putchar.c.obj
 .debug_abbrev  0x000002ae      0x174 BINARY_DIR/libfp-sdk.a(io.c.obj)
 .debug_abbrev  0x00000422      0x200 BINARY_DIR/libfp-sdk.a(startup.c.obj)
 .debug_abbrev  0x00000622      0x2cc BINARY_DIR/libfp-sdk.a(syscalls.c.obj)
 .debug_abbrev  0x000008ee      0x28a BINARY_DIR/libfp-sdk.a(thread.c.obj)
 .debug_abbrev  0x00000b78      0x1d5 BINARY_DIR/libfp-sdk.a(exceptions.c.obj)
 .debug_abbrev  0x00000d4d      0x14d BINARY_DIR/libfp-sdk.a(lock.c.obj)
 .debug_abbrev  0x00000e9a       0x14 BINARY_DIR/libfp-sdk.a(ctx_switch.S.obj)
 .debug_abbrev  0x00000eae      0x1f6 BINARY_DIR/external/printf/lib/libprintf.a(printf.c.obj)

.debug_aranges  0x00000000      0x4d0
 .debug_aranges
                0x00000000       0x50 CMakeFiles/driver.dir/driver.c.obj
 .debug_aranges
                0x00000050       0x30 CMakeFiles/driver.dir/home/flexpret/sdk/lib/src/printf_putchar.c.obj
 .debug_aranges
                0x00000080      0x108 BINARY_DIR/libfp-sdk.a(io.c.obj)
 .debug_aranges
                0x00000188       0x28 BINARY_DIR/libfp-sdk.a(startup.c.obj)
 .debug_aranges
                0x000001b0      0x100 BINARY_DIR/libfp-sdk.a(syscalls.c.obj)
 .debug_aranges
                0x000002b0       0xa0 BINARY_DIR/libfp-sdk.a(thread.c.obj)
 .debug_aranges
                0x00000350       0x48 BINARY_DIR/libfp-sdk.a(exceptions.c.obj)
 .debug_aranges
                0x00000398       0x40 BINARY_DIR/libfp-sdk.a(lock.c.obj)
 .debug_aranges
                0x000003d8       0x20 BINARY_DIR/libfp-sdk.a(ctx_switch.S.obj)
 .debug_aranges
                0x000003f8       0xd8 BINARY_DIR/external/printf/lib/libprintf.a(printf.c.obj)

.debug_rnglists
                0x00000000      0x393
 .debug_rnglists
                0x00000000       0x3a CMakeFiles/driver.dir/driver.c.obj
 .debug_rnglists
                0x0000003a       0x20 CMakeFiles/driver.dir/home/flexpret/sdk/lib/src/printf_putchar.c.obj
 .debug_rnglists
                0x0000005a       0xc7 BINARY_DIR/libfp-sdk.a(io.c.obj)
 .debug_rnglists
                0x00000121       0x1a BINARY_DIR/libfp-sdk.a(startup.c.obj)
 .debug_rnglists
                0x0000013b       0xbf BINARY_DIR/libfp-sdk.a(syscalls.c.obj)
 .debug_rnglists
                0x000001fa       0x80 BINARY_DIR/libfp-sdk.a(thread.c.obj)
 .debug_rnglists
                0x0000027a       0x35 BINARY_DIR/libfp-sdk.a(exceptions.c.obj)
 .debug_rnglists
                0x000002af       0x2e BINARY_DIR/libfp-sdk.a(lock.c.obj)
 .debug_rnglists
                0x000002dd       0xb6 BINARY_DIR/external/printf/lib/libprintf.a(printf.c.obj)

.debug_line     0x00000000     0x3c20
 .debug_line    0x00000000      0x28b CMakeFiles/driver.dir/driver.c.obj
 .debug_line    0x0000028b      0x19c CMakeFiles/driver.dir/home/flexpret/sdk/lib/src/printf_putchar.c.obj
 .debug_line    0x00000427      0x782 BINARY_DIR/libfp-sdk.a(io.c.obj)
 .debug_line    0x00000ba9      0x41e BINARY_DIR/libfp-sdk.a(startup.c.obj)
 .debug_line    0x00000fc7      0x77a BINARY_DIR/libfp-sdk.a(syscalls.c.obj)
 .debug_line    0x00001741      0x991 BINARY_DIR/libfp-sdk.a(thread.c.obj)
 .debug_line    0x000020d2      0x3c1 BINARY_DIR/libfp-sdk.a(exceptions.c.obj)
 .debug_line    0x00002493      0x26b BINARY_DIR/libfp-sdk.a(lock.c.obj)
 .debug_line    0x000026fe      0x1fa BINARY_DIR/libfp-sdk.a(ctx_switch.S.obj)
 .debug_line    0x000028f8     0x1328 BINARY_DIR/external/printf/lib/libprintf.a(printf.c.obj)

.debug_str      0x00000000     0x10b6
 .debug_str     0x00000000     0x10b6 CMakeFiles/driver.dir/driver.c.obj
                                0x26e (size before relaxing)
 .debug_str     0x000010b6      0x1c3 CMakeFiles/driver.dir/home/flexpret/sdk/lib/src/printf_putchar.c.obj
 .debug_str     0x000010b6      0x2d6 BINARY_DIR/libfp-sdk.a(io.c.obj)
 .debug_str     0x000010b6      0x39a BINARY_DIR/libfp-sdk.a(startup.c.obj)
 .debug_str     0x000010b6      0x6e2 BINARY_DIR/libfp-sdk.a(syscalls.c.obj)
 .debug_str     0x000010b6      0x3f0 BINARY_DIR/libfp-sdk.a(thread.c.obj)
 .debug_str     0x000010b6      0x2f0 BINARY_DIR/libfp-sdk.a(exceptions.c.obj)
 .debug_str     0x000010b6      0x1f8 BINARY_DIR/libfp-sdk.a(lock.c.obj)
 .debug_str     0x000010b6       0xc5 BINARY_DIR/libfp-sdk.a(ctx_switch.S.obj)
 .debug_str     0x000010b6      0x41f BINARY_DIR/external/printf/lib/libprintf.a(printf.c.obj)

.debug_line_str
                0x00000000      0x623
 .debug_line_str
                0x00000000      0x623 CMakeFiles/driver.dir/driver.c.obj
                                0x311 (size before relaxing)
 .debug_line_str
                0x00000623      0x248 CMakeFiles/driver.dir/home/flexpret/sdk/lib/src/printf_putchar.c.obj
 .debug_line_str
                0x00000623      0x26c BINARY_DIR/libfp-sdk.a(io.c.obj)
 .debug_line_str
                0x00000623      0x29f BINARY_DIR/libfp-sdk.a(startup.c.obj)
 .debug_line_str
                0x00000623      0x314 BINARY_DIR/libfp-sdk.a(syscalls.c.obj)
 .debug_line_str
                0x00000623      0x2d5 BINARY_DIR/libfp-sdk.a(thread.c.obj)
 .debug_line_str
                0x00000623      0x2df BINARY_DIR/libfp-sdk.a(exceptions.c.obj)
 .debug_line_str
                0x00000623      0x277 BINARY_DIR/libfp-sdk.a(lock.c.obj)
 .debug_line_str
                0x00000623       0xb7 BINARY_DIR/libfp-sdk.a(ctx_switch.S.obj)
 .debug_line_str
                0x00000623      0x2c0 BINARY_DIR/external/printf/lib/libprintf.a(printf.c.obj)

.comment        0x00000000       0x34
 .comment       0x00000000       0x34 CMakeFiles/driver.dir/driver.c.obj
                                 0x35 (size before relaxing)
 .comment       0x00000034       0x35 CMakeFiles/driver.dir/home/flexpret/sdk/lib/src/printf_putchar.c.obj
 .comment       0x00000034       0x35 BINARY_DIR/libfp-sdk.a(io.c.obj)
 .comment       0x00000034       0x35 BINARY_DIR/libfp-sdk.a(startup.c.obj)
 .comment       0x00000034       0x35 BINARY_DIR/libfp-sdk.a(syscalls.c.obj)
 .comment       0x00000034       0x35 BINARY_DIR/libfp-sdk.a(thread.c.obj)
 .comment       0x00000034       0x35 BINARY_DIR/libfp-sdk.a(exceptions.c.obj)
 .comment       0x00000034       0x35 BINARY_DIR/libfp-sdk.a(lock.c.obj)
 .comment       0x00000034       0x35 BINARY_DIR/external/printf/lib/libprintf.a(printf.c.obj)
 .comment       0x00000034       0x35 /opt/xpack-riscv-none-elf-gcc-14.2.0-2/bin/../lib/gcc/riscv-none-elf/14.2.0/../../../../riscv-none-elf/lib/rv32i/ilp32/libc.a(libc_a-malloc.o)
 .comment       0x00000034       0x35 /opt/xpack-riscv-none-elf-gcc-14.2.0-2/bin/../lib/gcc/riscv-none-elf/14.2.0/../../../../riscv-none-elf/lib/rv32i/ilp32/libc.a(libc_a-mallocr.o)
 .comment       0x00000034       0x35 /opt/xpack-riscv-none-elf-gcc-14.2.0-2/bin/../lib/gcc/riscv-none-elf/14.2.0/../../../../riscv-none-elf/lib/rv32i/ilp32/libc.a(libc_a-rand.o)
 .comment       0x00000034       0x35 /opt/xpack-riscv-none-elf-gcc-14.2.0-2/bin/../lib/gcc/riscv-none-elf/14.2.0/../../../../riscv-none-elf/lib/rv32i/ilp32/libc.a(libc_a-impure.o)
 .comment       0x00000034       0x35 /opt/xpack-riscv-none-elf-gcc-14.2.0-2/bin/../lib/gcc/riscv-none-elf/14.2.0/../../../../riscv-none-elf/lib/rv32i/ilp32/libc.a(libc_a-sbrkr.o)
 .comment       0x00000034       0x35 /opt/xpack-riscv-none-elf-gcc-14.2.0-2/bin/../lib/gcc/riscv-none-elf/14.2.0/../../../../riscv-none-elf/lib/rv32i/ilp32/libc.a(libc_a-freer.o)
 .comment       0x00000034       0x35 /opt/xpack-riscv-none-elf-gcc-14.2.0-2/bin/../lib/gcc/riscv-none-elf/14.2.0/../../../../riscv-none-elf/lib/rv32i/ilp32/libc.a(libc_a-findfp.o)
 .comment       0x00000034       0x35 /opt/xpack-riscv-none-elf-gcc-14.2.0-2/bin/../lib/gcc/riscv-none-elf/14.2.0/../../../../riscv-none-elf/lib/rv32i/ilp32/libc.a(libc_a-reent.o)
 .comment       0x00000034       0x35 /opt/xpack-riscv-none-elf-gcc-14.2.0-2/bin/../lib/gcc/riscv-none-elf/14.2.0/rv32i/ilp32/libgcc.a(multi3.o)

.note.GNU-stack
                0x00000000        0x0
 .note.GNU-stack
                0x00000000        0x0 CMakeFiles/driver.dir/driver.c.obj
 .note.GNU-stack
                0x00000000        0x0 CMakeFiles/driver.dir/home/flexpret/sdk/lib/src/printf_putchar.c.obj
 .note.GNU-stack
                0x00000000        0x0 BINARY_DIR/libfp-sdk.a(io.c.obj)
 .note.GNU-stack
                0x00000000        0x0 BINARY_DIR/libfp-sdk.a(startup.c.obj)
 .note.GNU-stack
                0x00000000        0x0 BINARY_DIR/libfp-sdk.a(syscalls.c.obj)
 .note.GNU-stack
                0x00000000        0x0 BINARY_DIR/libfp-sdk.a(thread.c.obj)
 .note.GNU-stack
                0x00000000        0x0 BINARY_DIR/libfp-sdk.a(exceptions.c.obj)
 .note.GNU-stack
                0x00000000        0x0 BINARY_DIR/libfp-sdk.a(lock.c.obj)
 .note.GNU-stack
                0x00000000        0x0 BINARY_DIR/external/printf/lib/libprintf.a(printf.c.obj)
 .note.GNU-stack
                0x00000000        0x0 /opt/xpack-riscv-none-elf-gcc-14.2.0-2/bin/../lib/gcc/riscv-none-elf/14.2.0/../../../../riscv-none-elf/lib/rv32i/ilp32/libc.a(libc_a-malloc.o)
 .note.GNU-stack
                0x00000000        0x0 /opt/xpack-riscv-none-elf-gcc-14.2.0-2/bin/../lib/gcc/riscv-none-elf/14.2.0/../../../../riscv-none-elf/lib/rv32i/ilp32/libc.a(libc_a-mallocr.o)
 .note.GNU-stack
                0x00000000        0x0 /opt/xpack-riscv-none-elf-gcc-14.2.0-2/bin/../lib/gcc/riscv-none-elf/14.2.0/../../../../riscv-none-elf/lib/rv32i/ilp32/libc.a(libc_a-rand.o)
 .note.GNU-stack
                0x00000000        0x0 /opt/xpack-riscv-none-elf-gcc-14.2.0-2/bin/../lib/gcc/riscv-none-elf/14.2.0/../../../../riscv-none-elf/lib/rv32i/ilp32/libc.a(libc_a-impure.o)
 .note.GNU-stack
                0x00000000        0x0 /opt/xpack-riscv-none-elf-gcc-14.2.0-2/bin/../lib/gcc/riscv-none-elf/14.2.0/../../../../riscv-none-elf/lib/rv32i/ilp32/libc.a(libc_a-sbrkr.o)
 .note.GNU-stack
                0x00000000        0x0 /opt/xpack-riscv-none-elf-gcc-14.2.0-2/bin/../lib/gcc/riscv-none-elf/14.2.0/../../../../riscv-none-elf/lib/rv32i/ilp32/libc.a(libc_a-freer.o)
 .note.GNU-stack
                0x00000000        0x0 /opt/xpack-riscv-none-elf-gcc-14.2.0-2/bin/../lib/gcc/riscv-none-elf/14.2.0/../../../../riscv-none-elf/lib/rv32i/ilp32/libc.a(libc_a-findfp.o)
 .note.GNU-stack
                0x00000000        0x0 /opt/xpack-riscv-none-elf-gcc-14.2.0-2/bin/../lib/gcc/riscv-none-elf/14.2.0/../../../../riscv-none-elf/lib/rv32i/ilp32/libc.a(libc_a-reent.o)
 .note.GNU-stack
                0x00000000        0x0 /opt/xpack-riscv-none-elf-gcc-14.2.0-2/bin/../lib/gcc/riscv-none-elf/14.2.0/rv32i/ilp32/libgcc.a(multi3.o)

.riscv.attributes
                0x00000000       0x29
 .riscv.attributes
                0x00000000       0x25 CMakeFiles/driver.dir/driver.c.obj
 .riscv.attributes
                0x00000025       0x29 CMakeFiles/driver.dir/home/flexpret/sdk/lib/src/printf_putchar.c.obj
 .riscv.attributes
                0x0000004e       0x29 BINARY_DIR/libfp-sdk.a(io.c.obj)
 .riscv.attributes
                0x00000077       0x29 BINARY_DIR/libfp-sdk.a(startup.c.obj)
 .riscv.attributes
                0x000000a0       0x29 BINARY_DIR/libfp-sdk.a(syscalls.c.obj)
 .riscv.attributes
                0x000000c9       0x29 BINARY_DIR/libfp-sdk.a(thread.c.obj)
 .riscv.attributes
                0x000000f2       0x29 BINARY_DIR/libfp-sdk.a(exceptions.c.obj)
 .riscv.attributes
                0x0000011b       0x29 BINARY_DIR/libfp-sdk.a(lock.c.obj)
 .riscv.attributes
                0x00000144       0x27 BINARY_DIR/libfp-sdk.a(ctx_switch.S.obj)
 .riscv.attributes
                0x0000016b       0x25 BINARY_DIR/external/printf/lib/libprintf.a(printf.c.obj)
 .riscv.attributes
                0x00000190       0x1a /opt/xpack-riscv-none-elf-gcc-14.2.0-2/bin/../lib/gcc/riscv-none-elf/14.2.0/rv32i/ilp32/libgcc.a(muldi3.o)
 .riscv.attributes
                0x000001aa       0x1a /opt/xpack-riscv-none-elf-gcc-14.2.0-2/bin/../lib/gcc/riscv-none-elf/14.2.0/rv32i/ilp32/libgcc.a(div.o)
 .riscv.attributes
                0x000001c4       0x1c /opt/xpack-riscv-none-elf-gcc-14.2.0-2/bin/../lib/gcc/riscv-none-elf/14.2.0/../../../../riscv-none-elf/lib/rv32i/ilp32/libc.a(libc_a-malloc.o)
 .riscv.attributes
                0x000001e0       0x1c /opt/xpack-riscv-none-elf-gcc-14.2.0-2/bin/../lib/gcc/riscv-none-elf/14.2.0/../../../../riscv-none-elf/lib/rv32i/ilp32/libc.a(libc_a-mallocr.o)
 .riscv.attributes
                0x000001fc       0x1c /opt/xpack-riscv-none-elf-gcc-14.2.0-2/bin/../lib/gcc/riscv-none-elf/14.2.0/../../../../riscv-none-elf/lib/rv32i/ilp32/libc.a(libc_a-rand.o)
 .riscv.attributes
                0x00000218       0x1c /opt/xpack-riscv-none-elf-gcc-14.2.0-2/bin/../lib/gcc/riscv-none-elf/14.2.0/../../../../riscv-none-elf/lib/rv32i/ilp32/libc.a(libc_a-impure.o)
 .riscv.attributes
                0x00000234       0x1c /opt/xpack-riscv-none-elf-gcc-14.2.0-2/bin/../lib/gcc/riscv-none-elf/14.2.0/../../../../riscv-none-elf/lib/rv32i/ilp32/libc.a(libc_a-sbrkr.o)
 .riscv.attributes
                0x00000250       0x1a /opt/xpack-riscv-none-elf-gcc-14.2.0-2/bin/../lib/gcc/riscv-none-elf/14.2.0/../../../../riscv-none-elf/lib/rv32i/ilp32/libc.a(libc_a-setjmp.o)
 .riscv.attributes
                0x0000026a       0x1c /opt/xpack-riscv-none-elf-gcc-14.2.0-2/bin/../lib/gcc/riscv-none-elf/14.2.0/../../../../riscv-none-elf/lib/rv32i/ilp32/libc.a(libc_a-freer.o)
 .riscv.attributes
                0x00000286       0x1c /opt/xpack-riscv-none-elf-gcc-14.2.0-2/bin/../lib/gcc/riscv-none-elf/14.2.0/../../../../riscv-none-elf/lib/rv32i/ilp32/libc.a(libc_a-findfp.o)
 .riscv.attributes
                0x000002a2       0x1c /opt/xpack-riscv-none-elf-gcc-14.2.0-2/bin/../lib/gcc/riscv-none-elf/14.2.0/../../../../riscv-none-elf/lib/rv32i/ilp32/libc.a(libc_a-reent.o)
 .riscv.attributes
                0x000002be       0x1c /opt/xpack-riscv-none-elf-gcc-14.2.0-2/bin/../lib/gcc/riscv-none-elf/14.2.0/rv32i/ilp32/libgcc.a(multi3.o)

.debug_frame    0x00000000     0x13e4
 .debug_frame   0x00000000      0x158 CMakeFiles/driver.dir/driver.c.obj
 .debug_frame   0x00000158       0x88 CMakeFiles/driver.dir/home/flexpret/sdk/lib/src/printf_putchar.c.obj
 .debug_frame   0x000001e0      0x4c0 BINARY_DIR/libfp-sdk.a(io.c.obj)
 .debug_frame   0x000006a0       0x58 BINARY_DIR/libfp-sdk.a(startup.c.obj)
 .debug_frame   0x000006f8      0x48c BINARY_DIR/libfp-sdk.a(syscalls.c.obj)
 .debug_frame   0x00000b84      0x2b8 BINARY_DIR/libfp-sdk.a(thread.c.obj)
 .debug_frame   0x00000e3c      0x100 BINARY_DIR/libfp-sdk.a(exceptions.c.obj)
 .debug_frame   0x00000f3c       0xd8 BINARY_DIR/libfp-sdk.a(lock.c.obj)
 .debug_frame   0x00001014      0x3d0 BINARY_DIR/external/printf/lib/libprintf.a(printf.c.obj)
