The target system is: Generic -  - riscv64
The host system is: Linux - 6.10.14-linuxkit - aarch64
Compiling the C compiler identification source file "CMakeCCompilerId.c" succeeded.
Compiler: /opt/xpack-riscv-none-elf-gcc-14.2.0-2/bin/riscv-none-elf-gcc 
Build flags: -g;-Os;-static;-march=rv32i_zicsr;-mabi=ilp32;-nostartfiles;--specs=nosys.specs;-ffunction-sections;-fdata-sections;-Wl,--gc-sections;
Id flags:  

The output was:
0
/opt/xpack-riscv-none-elf-gcc-14.2.0-2/bin/../lib/gcc/riscv-none-elf/14.2.0/../../../../riscv-none-elf/bin/ld: warning: cannot find entry symbol _start; not setting start address


Compilation of the C compiler identification source "CMakeCCompilerId.c" produced "a.out"

Compiling the C compiler identification source file "CMakeCCompilerId.c" succeeded.
Compiler: /opt/xpack-riscv-none-elf-gcc-14.2.0-2/bin/riscv-none-elf-gcc 
Build flags: -g;-Os;-static;-march=rv32i_zicsr;-mabi=ilp32;-nostartfiles;--specs=nosys.specs;-ffunction-sections;-fdata-sections;-Wl,--gc-sections;
Id flags: -c 

The output was:
0


Compilation of the C compiler identification source "CMakeCCompilerId.c" produced "CMakeCCompilerId.o"

The C compiler identification is GNU, found in "/home/gametime/test/lf-gametime-TCP2/server_reaction_function_0_analysis/server_reaction_function_0gt/feasible-path5/Flexpret/build/CMakeFiles/3.22.1/CompilerIdC/CMakeCCompilerId.o"

Detecting C compiler ABI info compiled with the following output:
Change Dir: /home/gametime/test/lf-gametime-TCP2/server_reaction_function_0_analysis/server_reaction_function_0gt/feasible-path5/Flexpret/build/CMakeFiles/CMakeTmp

Run Build Command(s):/usr/bin/gmake -f Makefile cmTC_59912/fast && /usr/bin/gmake  -f CMakeFiles/cmTC_59912.dir/build.make CMakeFiles/cmTC_59912.dir/build
gmake[1]: Entering directory '/home/gametime/test/lf-gametime-TCP2/server_reaction_function_0_analysis/server_reaction_function_0gt/feasible-path5/Flexpret/build/CMakeFiles/CMakeTmp'
Building C object CMakeFiles/cmTC_59912.dir/CMakeCCompilerABI.c.obj
/opt/xpack-riscv-none-elf-gcc-14.2.0-2/bin/riscv-none-elf-gcc   -g -Os -static -march=rv32i_zicsr -mabi=ilp32 -nostartfiles --specs=nosys.specs -ffunction-sections -fdata-sections -Wl,--gc-sections     -v -o CMakeFiles/cmTC_59912.dir/CMakeCCompilerABI.c.obj -c /usr/share/cmake-3.22/Modules/CMakeCCompilerABI.c
Using built-in specs.
Reading specs from /opt/xpack-riscv-none-elf-gcc-14.2.0-2/bin/../lib/gcc/riscv-none-elf/14.2.0/../../../../riscv-none-elf/lib/nosys.specs
rename spec link_gcc_c_sequence to nosys_link_gcc_c_sequence
COLLECT_GCC=/opt/xpack-riscv-none-elf-gcc-14.2.0-2/bin/riscv-none-elf-gcc
Target: riscv-none-elf
Configured with: /__w/riscv-none-elf-gcc-xpack/riscv-none-elf-gcc-xpack/build-assets/build/linux-arm64/sources/gcc-14.2.0/configure --prefix=/__w/riscv-none-elf-gcc-xpack/riscv-none-elf-gcc-xpack/build-assets/build/linux-arm64/application --with-sysroot=/__w/riscv-none-elf-gcc-xpack/riscv-none-elf-gcc-xpack/build-assets/build/linux-arm64/application/riscv-none-elf --with-native-system-header-dir=/include --infodir=/__w/riscv-none-elf-gcc-xpack/riscv-none-elf-gcc-xpack/build-assets/build/linux-arm64/aarch64-unknown-linux-gnu/install/share/info --mandir=/__w/riscv-none-elf-gcc-xpack/riscv-none-elf-gcc-xpack/build-assets/build/linux-arm64/aarch64-unknown-linux-gnu/install/share/man --htmldir=/__w/riscv-none-elf-gcc-xpack/riscv-none-elf-gcc-xpack/build-assets/build/linux-arm64/aarch64-unknown-linux-gnu/install/share/html --pdfdir=/__w/riscv-none-elf-gcc-xpack/riscv-none-elf-gcc-xpack/build-assets/build/linux-arm64/aarch64-unknown-linux-gnu/install/share/pdf --build=aarch64-unknown-linux-gnu --host=aarch64-unknown-linux-gnu --target=riscv-none-elf --disable-nls --disable-shared --disable-threads --disable-tls --enable-checking=release --enable-languages=c,c++ --with-gmp=/__w/riscv-none-elf-gcc-xpack/riscv-none-elf-gcc-xpack/build-assets/build/linux-arm64/aarch64-unknown-linux-gnu/install --with-newlib --with-pkgversion='xPack GNU RISC-V Embedded GCC aarch64' --with-gnu-as --with-gnu-ld --with-system-zlib --with-abi=ilp32 --with-arch=rv32imac --enable-multilib
Thread model: single
Supported LTO compression algorithms: zlib zstd
gcc version 14.2.0 (xPack GNU RISC-V Embedded GCC aarch64) 
COLLECT_GCC_OPTIONS='-g' '-Os' '-static' '-march=rv32i_zicsr' '-mabi=ilp32' '-nostartfiles' '-specs=nosys.specs' '-ffunction-sections' '-fdata-sections' '-v' '-o' 'CMakeFiles/cmTC_59912.dir/CMakeCCompilerABI.c.obj' '-c' '-misa-spec=20191213' '-march=rv32i_zicsr' '-dumpdir' 'CMakeFiles/cmTC_59912.dir/'
 /opt/xpack-riscv-none-elf-gcc-14.2.0-2/bin/../libexec/gcc/riscv-none-elf/14.2.0/cc1 -quiet -v -imultilib rv32i/ilp32 -iprefix /opt/xpack-riscv-none-elf-gcc-14.2.0-2/bin/../lib/gcc/riscv-none-elf/14.2.0/ -isysroot /opt/xpack-riscv-none-elf-gcc-14.2.0-2/bin/../riscv-none-elf /usr/share/cmake-3.22/Modules/CMakeCCompilerABI.c -quiet -dumpdir CMakeFiles/cmTC_59912.dir/ -dumpbase CMakeCCompilerABI.c.c -dumpbase-ext .c -march=rv32i_zicsr -mabi=ilp32 -misa-spec=20191213 -march=rv32i_zicsr -g -Os -version -ffunction-sections -fdata-sections -o /tmp/ccEe566j.s
GNU C17 (xPack GNU RISC-V Embedded GCC aarch64) version 14.2.0 (riscv-none-elf)
	compiled by GNU C version 13.2.0, GMP version 6.3.0, MPFR version 4.2.1, MPC version 1.3.1, isl version isl-0.26-GMP

GGC heuristics: --param ggc-min-expand=100 --param ggc-min-heapsize=131072
ignoring duplicate directory "/opt/xpack-riscv-none-elf-gcc-14.2.0-2/bin/../lib/gcc/../../lib/gcc/riscv-none-elf/14.2.0/include"
ignoring nonexistent directory "/opt/xpack-riscv-none-elf-gcc-14.2.0-2/bin/../riscv-none-elf/usr/local/include"
ignoring duplicate directory "/opt/xpack-riscv-none-elf-gcc-14.2.0-2/bin/../lib/gcc/../../lib/gcc/riscv-none-elf/14.2.0/include-fixed"
ignoring duplicate directory "/opt/xpack-riscv-none-elf-gcc-14.2.0-2/bin/../lib/gcc/../../lib/gcc/riscv-none-elf/14.2.0/../../../../riscv-none-elf/include"
ignoring duplicate directory "/opt/xpack-riscv-none-elf-gcc-14.2.0-2/bin/../riscv-none-elf/include"
#include "..." search starts here:
#include <...> search starts here:
 /opt/xpack-riscv-none-elf-gcc-14.2.0-2/bin/../lib/gcc/riscv-none-elf/14.2.0/include
 /opt/xpack-riscv-none-elf-gcc-14.2.0-2/bin/../lib/gcc/riscv-none-elf/14.2.0/include-fixed
 /opt/xpack-riscv-none-elf-gcc-14.2.0-2/bin/../lib/gcc/riscv-none-elf/14.2.0/../../../../riscv-none-elf/include
End of search list.
Compiler executable checksum: a23541e27c87c07d45b06a617c8b4836
COLLECT_GCC_OPTIONS='-g' '-Os' '-static' '-march=rv32i_zicsr' '-mabi=ilp32' '-nostartfiles' '-specs=nosys.specs' '-ffunction-sections' '-fdata-sections' '-v' '-o' 'CMakeFiles/cmTC_59912.dir/CMakeCCompilerABI.c.obj' '-c' '-misa-spec=20191213' '-march=rv32i_zicsr' '-dumpdir' 'CMakeFiles/cmTC_59912.dir/'
 /opt/xpack-riscv-none-elf-gcc-14.2.0-2/bin/../lib/gcc/riscv-none-elf/14.2.0/../../../../riscv-none-elf/bin/as -v --gdwarf-5 --traditional-format -march=rv32i_zicsr -march=rv32i_zicsr -mabi=ilp32 -misa-spec=20191213 -o CMakeFiles/cmTC_59912.dir/CMakeCCompilerABI.c.obj /tmp/ccEe566j.s
GNU assembler version 2.43.1 (riscv-none-elf) using BFD version (xPack GNU RISC-V Embedded GCC aarch64) 2.43.1
COMPILER_PATH=/opt/xpack-riscv-none-elf-gcc-14.2.0-2/bin/../libexec/gcc/riscv-none-elf/14.2.0/:/opt/xpack-riscv-none-elf-gcc-14.2.0-2/bin/../libexec/gcc/:/opt/xpack-riscv-none-elf-gcc-14.2.0-2/bin/../lib/gcc/riscv-none-elf/14.2.0/../../../../riscv-none-elf/bin/
LIBRARY_PATH=/opt/xpack-riscv-none-elf-gcc-14.2.0-2/bin/../lib/gcc/riscv-none-elf/14.2.0/rv32i/ilp32/:/opt/xpack-riscv-none-elf-gcc-14.2.0-2/bin/../lib/gcc/riscv-none-elf/14.2.0/../../../../riscv-none-elf/lib/rv32i/ilp32/:/opt/xpack-riscv-none-elf-gcc-14.2.0-2/bin/../riscv-none-elf/lib/rv32i/ilp32/:/opt/xpack-riscv-none-elf-gcc-14.2.0-2/bin/../lib/gcc/riscv-none-elf/14.2.0/:/opt/xpack-riscv-none-elf-gcc-14.2.0-2/bin/../lib/gcc/:/opt/xpack-riscv-none-elf-gcc-14.2.0-2/bin/../lib/gcc/riscv-none-elf/14.2.0/../../../../riscv-none-elf/lib/:/opt/xpack-riscv-none-elf-gcc-14.2.0-2/bin/../riscv-none-elf/lib/
COLLECT_GCC_OPTIONS='-g' '-Os' '-static' '-march=rv32i_zicsr' '-mabi=ilp32' '-nostartfiles' '-specs=nosys.specs' '-ffunction-sections' '-fdata-sections' '-v' '-o' 'CMakeFiles/cmTC_59912.dir/CMakeCCompilerABI.c.obj' '-c' '-misa-spec=20191213' '-march=rv32i_zicsr' '-dumpdir' 'CMakeFiles/cmTC_59912.dir/CMakeCCompilerABI.c.'
Linking C executable cmTC_59912
/usr/bin/cmake -E cmake_link_script CMakeFiles/cmTC_59912.dir/link.txt --verbose=1
/opt/xpack-riscv-none-elf-gcc-14.2.0-2/bin/riscv-none-elf-gcc -g -Os -static -march=rv32i_zicsr -mabi=ilp32 -nostartfiles --specs=nosys.specs -ffunction-sections -fdata-sections -Wl,--gc-sections      -v CMakeFiles/cmTC_59912.dir/CMakeCCompilerABI.c.obj -o cmTC_59912 
Using built-in specs.
Reading specs from /opt/xpack-riscv-none-elf-gcc-14.2.0-2/bin/../lib/gcc/riscv-none-elf/14.2.0/../../../../riscv-none-elf/lib/nosys.specs
rename spec link_gcc_c_sequence to nosys_link_gcc_c_sequence
COLLECT_GCC=/opt/xpack-riscv-none-elf-gcc-14.2.0-2/bin/riscv-none-elf-gcc
COLLECT_LTO_WRAPPER=/opt/xpack-riscv-none-elf-gcc-14.2.0-2/bin/../libexec/gcc/riscv-none-elf/14.2.0/lto-wrapper
Target: riscv-none-elf
Configured with: /__w/riscv-none-elf-gcc-xpack/riscv-none-elf-gcc-xpack/build-assets/build/linux-arm64/sources/gcc-14.2.0/configure --prefix=/__w/riscv-none-elf-gcc-xpack/riscv-none-elf-gcc-xpack/build-assets/build/linux-arm64/application --with-sysroot=/__w/riscv-none-elf-gcc-xpack/riscv-none-elf-gcc-xpack/build-assets/build/linux-arm64/application/riscv-none-elf --with-native-system-header-dir=/include --infodir=/__w/riscv-none-elf-gcc-xpack/riscv-none-elf-gcc-xpack/build-assets/build/linux-arm64/aarch64-unknown-linux-gnu/install/share/info --mandir=/__w/riscv-none-elf-gcc-xpack/riscv-none-elf-gcc-xpack/build-assets/build/linux-arm64/aarch64-unknown-linux-gnu/install/share/man --htmldir=/__w/riscv-none-elf-gcc-xpack/riscv-none-elf-gcc-xpack/build-assets/build/linux-arm64/aarch64-unknown-linux-gnu/install/share/html --pdfdir=/__w/riscv-none-elf-gcc-xpack/riscv-none-elf-gcc-xpack/build-assets/build/linux-arm64/aarch64-unknown-linux-gnu/install/share/pdf --build=aarch64-unknown-linux-gnu --host=aarch64-unknown-linux-gnu --target=riscv-none-elf --disable-nls --disable-shared --disable-threads --disable-tls --enable-checking=release --enable-languages=c,c++ --with-gmp=/__w/riscv-none-elf-gcc-xpack/riscv-none-elf-gcc-xpack/build-assets/build/linux-arm64/aarch64-unknown-linux-gnu/install --with-newlib --with-pkgversion='xPack GNU RISC-V Embedded GCC aarch64' --with-gnu-as --with-gnu-ld --with-system-zlib --with-abi=ilp32 --with-arch=rv32imac --enable-multilib
Thread model: single
Supported LTO compression algorithms: zlib zstd
gcc version 14.2.0 (xPack GNU RISC-V Embedded GCC aarch64) 
COMPILER_PATH=/opt/xpack-riscv-none-elf-gcc-14.2.0-2/bin/../libexec/gcc/riscv-none-elf/14.2.0/:/opt/xpack-riscv-none-elf-gcc-14.2.0-2/bin/../libexec/gcc/:/opt/xpack-riscv-none-elf-gcc-14.2.0-2/bin/../lib/gcc/riscv-none-elf/14.2.0/../../../../riscv-none-elf/bin/
LIBRARY_PATH=/opt/xpack-riscv-none-elf-gcc-14.2.0-2/bin/../lib/gcc/riscv-none-elf/14.2.0/rv32i/ilp32/:/opt/xpack-riscv-none-elf-gcc-14.2.0-2/bin/../lib/gcc/riscv-none-elf/14.2.0/../../../../riscv-none-elf/lib/rv32i/ilp32/:/opt/xpack-riscv-none-elf-gcc-14.2.0-2/bin/../riscv-none-elf/lib/rv32i/ilp32/:/opt/xpack-riscv-none-elf-gcc-14.2.0-2/bin/../lib/gcc/riscv-none-elf/14.2.0/:/opt/xpack-riscv-none-elf-gcc-14.2.0-2/bin/../lib/gcc/:/opt/xpack-riscv-none-elf-gcc-14.2.0-2/bin/../lib/gcc/riscv-none-elf/14.2.0/../../../../riscv-none-elf/lib/:/opt/xpack-riscv-none-elf-gcc-14.2.0-2/bin/../riscv-none-elf/lib/
COLLECT_GCC_OPTIONS='-g' '-Os' '-static' '-march=rv32i_zicsr' '-mabi=ilp32' '-nostartfiles' '-specs=nosys.specs' '-ffunction-sections' '-fdata-sections' '-v' '-o' 'cmTC_59912' '-misa-spec=20191213' '-march=rv32i_zicsr' '-dumpdir' 'cmTC_59912.'
 /opt/xpack-riscv-none-elf-gcc-14.2.0-2/bin/../libexec/gcc/riscv-none-elf/14.2.0/collect2 -plugin /opt/xpack-riscv-none-elf-gcc-14.2.0-2/bin/../libexec/gcc/riscv-none-elf/14.2.0/liblto_plugin.so -plugin-opt=/opt/xpack-riscv-none-elf-gcc-14.2.0-2/bin/../libexec/gcc/riscv-none-elf/14.2.0/lto-wrapper -plugin-opt=-fresolution=/tmp/cchtVgpn.res -plugin-opt=-pass-through=-lgcc -plugin-opt=-pass-through=-lc -plugin-opt=-pass-through=-lgcc -plugin-opt=-pass-through=-lgcc -plugin-opt=-pass-through=-lc -plugin-opt=-pass-through=-lnosys --sysroot=/opt/xpack-riscv-none-elf-gcc-14.2.0-2/bin/../riscv-none-elf -melf32lriscv -X -o cmTC_59912 -L/opt/xpack-riscv-none-elf-gcc-14.2.0-2/bin/../lib/gcc/riscv-none-elf/14.2.0/rv32i/ilp32 -L/opt/xpack-riscv-none-elf-gcc-14.2.0-2/bin/../lib/gcc/riscv-none-elf/14.2.0/../../../../riscv-none-elf/lib/rv32i/ilp32 -L/opt/xpack-riscv-none-elf-gcc-14.2.0-2/bin/../riscv-none-elf/lib/rv32i/ilp32 -L/opt/xpack-riscv-none-elf-gcc-14.2.0-2/bin/../lib/gcc/riscv-none-elf/14.2.0 -L/opt/xpack-riscv-none-elf-gcc-14.2.0-2/bin/../lib/gcc -L/opt/xpack-riscv-none-elf-gcc-14.2.0-2/bin/../lib/gcc/riscv-none-elf/14.2.0/../../../../riscv-none-elf/lib -L/opt/xpack-riscv-none-elf-gcc-14.2.0-2/bin/../riscv-none-elf/lib --gc-sections CMakeFiles/cmTC_59912.dir/CMakeCCompilerABI.c.obj -lgcc --start-group -lc --end-group -lgcc --start-group -lgcc -lc -lnosys --end-group
/opt/xpack-riscv-none-elf-gcc-14.2.0-2/bin/../lib/gcc/riscv-none-elf/14.2.0/../../../../riscv-none-elf/bin/ld: warning: cannot find entry symbol _start; not setting start address
COLLECT_GCC_OPTIONS='-g' '-Os' '-static' '-march=rv32i_zicsr' '-mabi=ilp32' '-nostartfiles' '-specs=nosys.specs' '-ffunction-sections' '-fdata-sections' '-v' '-o' 'cmTC_59912' '-misa-spec=20191213' '-march=rv32i_zicsr' '-dumpdir' 'cmTC_59912.'
gmake[1]: Leaving directory '/home/gametime/test/lf-gametime-TCP2/server_reaction_function_0_analysis/server_reaction_function_0gt/feasible-path5/Flexpret/build/CMakeFiles/CMakeTmp'



Parsed C implicit include dir info from above output: rv=done
  found start of include info
  found start of implicit include info
    add: [/opt/xpack-riscv-none-elf-gcc-14.2.0-2/bin/../lib/gcc/riscv-none-elf/14.2.0/include]
    add: [/opt/xpack-riscv-none-elf-gcc-14.2.0-2/bin/../lib/gcc/riscv-none-elf/14.2.0/include-fixed]
    add: [/opt/xpack-riscv-none-elf-gcc-14.2.0-2/bin/../lib/gcc/riscv-none-elf/14.2.0/../../../../riscv-none-elf/include]
  end of search list found
  collapse include dir [/opt/xpack-riscv-none-elf-gcc-14.2.0-2/bin/../lib/gcc/riscv-none-elf/14.2.0/include] ==> [/opt/xpack-riscv-none-elf-gcc-14.2.0-2/lib/gcc/riscv-none-elf/14.2.0/include]
  collapse include dir [/opt/xpack-riscv-none-elf-gcc-14.2.0-2/bin/../lib/gcc/riscv-none-elf/14.2.0/include-fixed] ==> [/opt/xpack-riscv-none-elf-gcc-14.2.0-2/lib/gcc/riscv-none-elf/14.2.0/include-fixed]
  collapse include dir [/opt/xpack-riscv-none-elf-gcc-14.2.0-2/bin/../lib/gcc/riscv-none-elf/14.2.0/../../../../riscv-none-elf/include] ==> [/opt/xpack-riscv-none-elf-gcc-14.2.0-2/riscv-none-elf/include]
  implicit include dirs: [/opt/xpack-riscv-none-elf-gcc-14.2.0-2/lib/gcc/riscv-none-elf/14.2.0/include;/opt/xpack-riscv-none-elf-gcc-14.2.0-2/lib/gcc/riscv-none-elf/14.2.0/include-fixed;/opt/xpack-riscv-none-elf-gcc-14.2.0-2/riscv-none-elf/include]


Parsed C implicit link information from above output:
  link line regex: [^( *|.*[/\])(riscv-none-elf-ld|CMAKE_LINK_STARTFILE-NOTFOUND|([^/\]+-)?ld|collect2)[^/\]*( |$)]
  ignore line: [Change Dir: /home/gametime/test/lf-gametime-TCP2/server_reaction_function_0_analysis/server_reaction_function_0gt/feasible-path5/Flexpret/build/CMakeFiles/CMakeTmp]
  ignore line: []
  ignore line: [Run Build Command(s):/usr/bin/gmake -f Makefile cmTC_59912/fast && /usr/bin/gmake  -f CMakeFiles/cmTC_59912.dir/build.make CMakeFiles/cmTC_59912.dir/build]
  ignore line: [gmake[1]: Entering directory '/home/gametime/test/lf-gametime-TCP2/server_reaction_function_0_analysis/server_reaction_function_0gt/feasible-path5/Flexpret/build/CMakeFiles/CMakeTmp']
  ignore line: [Building C object CMakeFiles/cmTC_59912.dir/CMakeCCompilerABI.c.obj]
  ignore line: [/opt/xpack-riscv-none-elf-gcc-14.2.0-2/bin/riscv-none-elf-gcc   -g -Os -static -march=rv32i_zicsr -mabi=ilp32 -nostartfiles --specs=nosys.specs -ffunction-sections -fdata-sections -Wl --gc-sections     -v -o CMakeFiles/cmTC_59912.dir/CMakeCCompilerABI.c.obj -c /usr/share/cmake-3.22/Modules/CMakeCCompilerABI.c]
  ignore line: [Using built-in specs.]
  ignore line: [Reading specs from /opt/xpack-riscv-none-elf-gcc-14.2.0-2/bin/../lib/gcc/riscv-none-elf/14.2.0/../../../../riscv-none-elf/lib/nosys.specs]
  ignore line: [rename spec link_gcc_c_sequence to nosys_link_gcc_c_sequence]
  ignore line: [COLLECT_GCC=/opt/xpack-riscv-none-elf-gcc-14.2.0-2/bin/riscv-none-elf-gcc]
  ignore line: [Target: riscv-none-elf]
  ignore line: [Configured with: /__w/riscv-none-elf-gcc-xpack/riscv-none-elf-gcc-xpack/build-assets/build/linux-arm64/sources/gcc-14.2.0/configure --prefix=/__w/riscv-none-elf-gcc-xpack/riscv-none-elf-gcc-xpack/build-assets/build/linux-arm64/application --with-sysroot=/__w/riscv-none-elf-gcc-xpack/riscv-none-elf-gcc-xpack/build-assets/build/linux-arm64/application/riscv-none-elf --with-native-system-header-dir=/include --infodir=/__w/riscv-none-elf-gcc-xpack/riscv-none-elf-gcc-xpack/build-assets/build/linux-arm64/aarch64-unknown-linux-gnu/install/share/info --mandir=/__w/riscv-none-elf-gcc-xpack/riscv-none-elf-gcc-xpack/build-assets/build/linux-arm64/aarch64-unknown-linux-gnu/install/share/man --htmldir=/__w/riscv-none-elf-gcc-xpack/riscv-none-elf-gcc-xpack/build-assets/build/linux-arm64/aarch64-unknown-linux-gnu/install/share/html --pdfdir=/__w/riscv-none-elf-gcc-xpack/riscv-none-elf-gcc-xpack/build-assets/build/linux-arm64/aarch64-unknown-linux-gnu/install/share/pdf --build=aarch64-unknown-linux-gnu --host=aarch64-unknown-linux-gnu --target=riscv-none-elf --disable-nls --disable-shared --disable-threads --disable-tls --enable-checking=release --enable-languages=c,c++ --with-gmp=/__w/riscv-none-elf-gcc-xpack/riscv-none-elf-gcc-xpack/build-assets/build/linux-arm64/aarch64-unknown-linux-gnu/install --with-newlib --with-pkgversion='xPack GNU RISC-V Embedded GCC aarch64' --with-gnu-as --with-gnu-ld --with-system-zlib --with-abi=ilp32 --with-arch=rv32imac --enable-multilib]
  ignore line: [Thread model: single]
  ignore line: [Supported LTO compression algorithms: zlib zstd]
  ignore line: [gcc version 14.2.0 (xPack GNU RISC-V Embedded GCC aarch64) ]
  ignore line: [COLLECT_GCC_OPTIONS='-g' '-Os' '-static' '-march=rv32i_zicsr' '-mabi=ilp32' '-nostartfiles' '-specs=nosys.specs' '-ffunction-sections' '-fdata-sections' '-v' '-o' 'CMakeFiles/cmTC_59912.dir/CMakeCCompilerABI.c.obj' '-c' '-misa-spec=20191213' '-march=rv32i_zicsr' '-dumpdir' 'CMakeFiles/cmTC_59912.dir/']
  ignore line: [ /opt/xpack-riscv-none-elf-gcc-14.2.0-2/bin/../libexec/gcc/riscv-none-elf/14.2.0/cc1 -quiet -v -imultilib rv32i/ilp32 -iprefix /opt/xpack-riscv-none-elf-gcc-14.2.0-2/bin/../lib/gcc/riscv-none-elf/14.2.0/ -isysroot /opt/xpack-riscv-none-elf-gcc-14.2.0-2/bin/../riscv-none-elf /usr/share/cmake-3.22/Modules/CMakeCCompilerABI.c -quiet -dumpdir CMakeFiles/cmTC_59912.dir/ -dumpbase CMakeCCompilerABI.c.c -dumpbase-ext .c -march=rv32i_zicsr -mabi=ilp32 -misa-spec=20191213 -march=rv32i_zicsr -g -Os -version -ffunction-sections -fdata-sections -o /tmp/ccEe566j.s]
  ignore line: [GNU C17 (xPack GNU RISC-V Embedded GCC aarch64) version 14.2.0 (riscv-none-elf)]
  ignore line: [	compiled by GNU C version 13.2.0  GMP version 6.3.0  MPFR version 4.2.1  MPC version 1.3.1  isl version isl-0.26-GMP]
  ignore line: []
  ignore line: [GGC heuristics: --param ggc-min-expand=100 --param ggc-min-heapsize=131072]
  ignore line: [ignoring duplicate directory "/opt/xpack-riscv-none-elf-gcc-14.2.0-2/bin/../lib/gcc/../../lib/gcc/riscv-none-elf/14.2.0/include"]
  ignore line: [ignoring nonexistent directory "/opt/xpack-riscv-none-elf-gcc-14.2.0-2/bin/../riscv-none-elf/usr/local/include"]
  ignore line: [ignoring duplicate directory "/opt/xpack-riscv-none-elf-gcc-14.2.0-2/bin/../lib/gcc/../../lib/gcc/riscv-none-elf/14.2.0/include-fixed"]
  ignore line: [ignoring duplicate directory "/opt/xpack-riscv-none-elf-gcc-14.2.0-2/bin/../lib/gcc/../../lib/gcc/riscv-none-elf/14.2.0/../../../../riscv-none-elf/include"]
  ignore line: [ignoring duplicate directory "/opt/xpack-riscv-none-elf-gcc-14.2.0-2/bin/../riscv-none-elf/include"]
  ignore line: [#include "..." search starts here:]
  ignore line: [#include <...> search starts here:]
  ignore line: [ /opt/xpack-riscv-none-elf-gcc-14.2.0-2/bin/../lib/gcc/riscv-none-elf/14.2.0/include]
  ignore line: [ /opt/xpack-riscv-none-elf-gcc-14.2.0-2/bin/../lib/gcc/riscv-none-elf/14.2.0/include-fixed]
  ignore line: [ /opt/xpack-riscv-none-elf-gcc-14.2.0-2/bin/../lib/gcc/riscv-none-elf/14.2.0/../../../../riscv-none-elf/include]
  ignore line: [End of search list.]
  ignore line: [Compiler executable checksum: a23541e27c87c07d45b06a617c8b4836]
  ignore line: [COLLECT_GCC_OPTIONS='-g' '-Os' '-static' '-march=rv32i_zicsr' '-mabi=ilp32' '-nostartfiles' '-specs=nosys.specs' '-ffunction-sections' '-fdata-sections' '-v' '-o' 'CMakeFiles/cmTC_59912.dir/CMakeCCompilerABI.c.obj' '-c' '-misa-spec=20191213' '-march=rv32i_zicsr' '-dumpdir' 'CMakeFiles/cmTC_59912.dir/']
  ignore line: [ /opt/xpack-riscv-none-elf-gcc-14.2.0-2/bin/../lib/gcc/riscv-none-elf/14.2.0/../../../../riscv-none-elf/bin/as -v --gdwarf-5 --traditional-format -march=rv32i_zicsr -march=rv32i_zicsr -mabi=ilp32 -misa-spec=20191213 -o CMakeFiles/cmTC_59912.dir/CMakeCCompilerABI.c.obj /tmp/ccEe566j.s]
  ignore line: [GNU assembler version 2.43.1 (riscv-none-elf) using BFD version (xPack GNU RISC-V Embedded GCC aarch64) 2.43.1]
  ignore line: [COMPILER_PATH=/opt/xpack-riscv-none-elf-gcc-14.2.0-2/bin/../libexec/gcc/riscv-none-elf/14.2.0/:/opt/xpack-riscv-none-elf-gcc-14.2.0-2/bin/../libexec/gcc/:/opt/xpack-riscv-none-elf-gcc-14.2.0-2/bin/../lib/gcc/riscv-none-elf/14.2.0/../../../../riscv-none-elf/bin/]
  ignore line: [LIBRARY_PATH=/opt/xpack-riscv-none-elf-gcc-14.2.0-2/bin/../lib/gcc/riscv-none-elf/14.2.0/rv32i/ilp32/:/opt/xpack-riscv-none-elf-gcc-14.2.0-2/bin/../lib/gcc/riscv-none-elf/14.2.0/../../../../riscv-none-elf/lib/rv32i/ilp32/:/opt/xpack-riscv-none-elf-gcc-14.2.0-2/bin/../riscv-none-elf/lib/rv32i/ilp32/:/opt/xpack-riscv-none-elf-gcc-14.2.0-2/bin/../lib/gcc/riscv-none-elf/14.2.0/:/opt/xpack-riscv-none-elf-gcc-14.2.0-2/bin/../lib/gcc/:/opt/xpack-riscv-none-elf-gcc-14.2.0-2/bin/../lib/gcc/riscv-none-elf/14.2.0/../../../../riscv-none-elf/lib/:/opt/xpack-riscv-none-elf-gcc-14.2.0-2/bin/../riscv-none-elf/lib/]
  ignore line: [COLLECT_GCC_OPTIONS='-g' '-Os' '-static' '-march=rv32i_zicsr' '-mabi=ilp32' '-nostartfiles' '-specs=nosys.specs' '-ffunction-sections' '-fdata-sections' '-v' '-o' 'CMakeFiles/cmTC_59912.dir/CMakeCCompilerABI.c.obj' '-c' '-misa-spec=20191213' '-march=rv32i_zicsr' '-dumpdir' 'CMakeFiles/cmTC_59912.dir/CMakeCCompilerABI.c.']
  ignore line: [Linking C executable cmTC_59912]
  ignore line: [/usr/bin/cmake -E cmake_link_script CMakeFiles/cmTC_59912.dir/link.txt --verbose=1]
  ignore line: [/opt/xpack-riscv-none-elf-gcc-14.2.0-2/bin/riscv-none-elf-gcc -g -Os -static -march=rv32i_zicsr -mabi=ilp32 -nostartfiles --specs=nosys.specs -ffunction-sections -fdata-sections -Wl --gc-sections      -v CMakeFiles/cmTC_59912.dir/CMakeCCompilerABI.c.obj -o cmTC_59912 ]
  ignore line: [Using built-in specs.]
  ignore line: [Reading specs from /opt/xpack-riscv-none-elf-gcc-14.2.0-2/bin/../lib/gcc/riscv-none-elf/14.2.0/../../../../riscv-none-elf/lib/nosys.specs]
  ignore line: [rename spec link_gcc_c_sequence to nosys_link_gcc_c_sequence]
  ignore line: [COLLECT_GCC=/opt/xpack-riscv-none-elf-gcc-14.2.0-2/bin/riscv-none-elf-gcc]
  ignore line: [COLLECT_LTO_WRAPPER=/opt/xpack-riscv-none-elf-gcc-14.2.0-2/bin/../libexec/gcc/riscv-none-elf/14.2.0/lto-wrapper]
  ignore line: [Target: riscv-none-elf]
  ignore line: [Configured with: /__w/riscv-none-elf-gcc-xpack/riscv-none-elf-gcc-xpack/build-assets/build/linux-arm64/sources/gcc-14.2.0/configure --prefix=/__w/riscv-none-elf-gcc-xpack/riscv-none-elf-gcc-xpack/build-assets/build/linux-arm64/application --with-sysroot=/__w/riscv-none-elf-gcc-xpack/riscv-none-elf-gcc-xpack/build-assets/build/linux-arm64/application/riscv-none-elf --with-native-system-header-dir=/include --infodir=/__w/riscv-none-elf-gcc-xpack/riscv-none-elf-gcc-xpack/build-assets/build/linux-arm64/aarch64-unknown-linux-gnu/install/share/info --mandir=/__w/riscv-none-elf-gcc-xpack/riscv-none-elf-gcc-xpack/build-assets/build/linux-arm64/aarch64-unknown-linux-gnu/install/share/man --htmldir=/__w/riscv-none-elf-gcc-xpack/riscv-none-elf-gcc-xpack/build-assets/build/linux-arm64/aarch64-unknown-linux-gnu/install/share/html --pdfdir=/__w/riscv-none-elf-gcc-xpack/riscv-none-elf-gcc-xpack/build-assets/build/linux-arm64/aarch64-unknown-linux-gnu/install/share/pdf --build=aarch64-unknown-linux-gnu --host=aarch64-unknown-linux-gnu --target=riscv-none-elf --disable-nls --disable-shared --disable-threads --disable-tls --enable-checking=release --enable-languages=c,c++ --with-gmp=/__w/riscv-none-elf-gcc-xpack/riscv-none-elf-gcc-xpack/build-assets/build/linux-arm64/aarch64-unknown-linux-gnu/install --with-newlib --with-pkgversion='xPack GNU RISC-V Embedded GCC aarch64' --with-gnu-as --with-gnu-ld --with-system-zlib --with-abi=ilp32 --with-arch=rv32imac --enable-multilib]
  ignore line: [Thread model: single]
  ignore line: [Supported LTO compression algorithms: zlib zstd]
  ignore line: [gcc version 14.2.0 (xPack GNU RISC-V Embedded GCC aarch64) ]
  ignore line: [COMPILER_PATH=/opt/xpack-riscv-none-elf-gcc-14.2.0-2/bin/../libexec/gcc/riscv-none-elf/14.2.0/:/opt/xpack-riscv-none-elf-gcc-14.2.0-2/bin/../libexec/gcc/:/opt/xpack-riscv-none-elf-gcc-14.2.0-2/bin/../lib/gcc/riscv-none-elf/14.2.0/../../../../riscv-none-elf/bin/]
  ignore line: [LIBRARY_PATH=/opt/xpack-riscv-none-elf-gcc-14.2.0-2/bin/../lib/gcc/riscv-none-elf/14.2.0/rv32i/ilp32/:/opt/xpack-riscv-none-elf-gcc-14.2.0-2/bin/../lib/gcc/riscv-none-elf/14.2.0/../../../../riscv-none-elf/lib/rv32i/ilp32/:/opt/xpack-riscv-none-elf-gcc-14.2.0-2/bin/../riscv-none-elf/lib/rv32i/ilp32/:/opt/xpack-riscv-none-elf-gcc-14.2.0-2/bin/../lib/gcc/riscv-none-elf/14.2.0/:/opt/xpack-riscv-none-elf-gcc-14.2.0-2/bin/../lib/gcc/:/opt/xpack-riscv-none-elf-gcc-14.2.0-2/bin/../lib/gcc/riscv-none-elf/14.2.0/../../../../riscv-none-elf/lib/:/opt/xpack-riscv-none-elf-gcc-14.2.0-2/bin/../riscv-none-elf/lib/]
  ignore line: [COLLECT_GCC_OPTIONS='-g' '-Os' '-static' '-march=rv32i_zicsr' '-mabi=ilp32' '-nostartfiles' '-specs=nosys.specs' '-ffunction-sections' '-fdata-sections' '-v' '-o' 'cmTC_59912' '-misa-spec=20191213' '-march=rv32i_zicsr' '-dumpdir' 'cmTC_59912.']
  link line: [ /opt/xpack-riscv-none-elf-gcc-14.2.0-2/bin/../libexec/gcc/riscv-none-elf/14.2.0/collect2 -plugin /opt/xpack-riscv-none-elf-gcc-14.2.0-2/bin/../libexec/gcc/riscv-none-elf/14.2.0/liblto_plugin.so -plugin-opt=/opt/xpack-riscv-none-elf-gcc-14.2.0-2/bin/../libexec/gcc/riscv-none-elf/14.2.0/lto-wrapper -plugin-opt=-fresolution=/tmp/cchtVgpn.res -plugin-opt=-pass-through=-lgcc -plugin-opt=-pass-through=-lc -plugin-opt=-pass-through=-lgcc -plugin-opt=-pass-through=-lgcc -plugin-opt=-pass-through=-lc -plugin-opt=-pass-through=-lnosys --sysroot=/opt/xpack-riscv-none-elf-gcc-14.2.0-2/bin/../riscv-none-elf -melf32lriscv -X -o cmTC_59912 -L/opt/xpack-riscv-none-elf-gcc-14.2.0-2/bin/../lib/gcc/riscv-none-elf/14.2.0/rv32i/ilp32 -L/opt/xpack-riscv-none-elf-gcc-14.2.0-2/bin/../lib/gcc/riscv-none-elf/14.2.0/../../../../riscv-none-elf/lib/rv32i/ilp32 -L/opt/xpack-riscv-none-elf-gcc-14.2.0-2/bin/../riscv-none-elf/lib/rv32i/ilp32 -L/opt/xpack-riscv-none-elf-gcc-14.2.0-2/bin/../lib/gcc/riscv-none-elf/14.2.0 -L/opt/xpack-riscv-none-elf-gcc-14.2.0-2/bin/../lib/gcc -L/opt/xpack-riscv-none-elf-gcc-14.2.0-2/bin/../lib/gcc/riscv-none-elf/14.2.0/../../../../riscv-none-elf/lib -L/opt/xpack-riscv-none-elf-gcc-14.2.0-2/bin/../riscv-none-elf/lib --gc-sections CMakeFiles/cmTC_59912.dir/CMakeCCompilerABI.c.obj -lgcc --start-group -lc --end-group -lgcc --start-group -lgcc -lc -lnosys --end-group]
    arg [/opt/xpack-riscv-none-elf-gcc-14.2.0-2/bin/../libexec/gcc/riscv-none-elf/14.2.0/collect2] ==> ignore
    arg [-plugin] ==> ignore
    arg [/opt/xpack-riscv-none-elf-gcc-14.2.0-2/bin/../libexec/gcc/riscv-none-elf/14.2.0/liblto_plugin.so] ==> ignore
    arg [-plugin-opt=/opt/xpack-riscv-none-elf-gcc-14.2.0-2/bin/../libexec/gcc/riscv-none-elf/14.2.0/lto-wrapper] ==> ignore
    arg [-plugin-opt=-fresolution=/tmp/cchtVgpn.res] ==> ignore
    arg [-plugin-opt=-pass-through=-lgcc] ==> ignore
    arg [-plugin-opt=-pass-through=-lc] ==> ignore
    arg [-plugin-opt=-pass-through=-lgcc] ==> ignore
    arg [-plugin-opt=-pass-through=-lgcc] ==> ignore
    arg [-plugin-opt=-pass-through=-lc] ==> ignore
    arg [-plugin-opt=-pass-through=-lnosys] ==> ignore
    arg [--sysroot=/opt/xpack-riscv-none-elf-gcc-14.2.0-2/bin/../riscv-none-elf] ==> ignore
    arg [-melf32lriscv] ==> ignore
    arg [-X] ==> ignore
    arg [-o] ==> ignore
    arg [cmTC_59912] ==> ignore
    arg [-L/opt/xpack-riscv-none-elf-gcc-14.2.0-2/bin/../lib/gcc/riscv-none-elf/14.2.0/rv32i/ilp32] ==> dir [/opt/xpack-riscv-none-elf-gcc-14.2.0-2/bin/../lib/gcc/riscv-none-elf/14.2.0/rv32i/ilp32]
    arg [-L/opt/xpack-riscv-none-elf-gcc-14.2.0-2/bin/../lib/gcc/riscv-none-elf/14.2.0/../../../../riscv-none-elf/lib/rv32i/ilp32] ==> dir [/opt/xpack-riscv-none-elf-gcc-14.2.0-2/bin/../lib/gcc/riscv-none-elf/14.2.0/../../../../riscv-none-elf/lib/rv32i/ilp32]
    arg [-L/opt/xpack-riscv-none-elf-gcc-14.2.0-2/bin/../riscv-none-elf/lib/rv32i/ilp32] ==> dir [/opt/xpack-riscv-none-elf-gcc-14.2.0-2/bin/../riscv-none-elf/lib/rv32i/ilp32]
    arg [-L/opt/xpack-riscv-none-elf-gcc-14.2.0-2/bin/../lib/gcc/riscv-none-elf/14.2.0] ==> dir [/opt/xpack-riscv-none-elf-gcc-14.2.0-2/bin/../lib/gcc/riscv-none-elf/14.2.0]
    arg [-L/opt/xpack-riscv-none-elf-gcc-14.2.0-2/bin/../lib/gcc] ==> dir [/opt/xpack-riscv-none-elf-gcc-14.2.0-2/bin/../lib/gcc]
    arg [-L/opt/xpack-riscv-none-elf-gcc-14.2.0-2/bin/../lib/gcc/riscv-none-elf/14.2.0/../../../../riscv-none-elf/lib] ==> dir [/opt/xpack-riscv-none-elf-gcc-14.2.0-2/bin/../lib/gcc/riscv-none-elf/14.2.0/../../../../riscv-none-elf/lib]
    arg [-L/opt/xpack-riscv-none-elf-gcc-14.2.0-2/bin/../riscv-none-elf/lib] ==> dir [/opt/xpack-riscv-none-elf-gcc-14.2.0-2/bin/../riscv-none-elf/lib]
    arg [--gc-sections] ==> ignore
    arg [CMakeFiles/cmTC_59912.dir/CMakeCCompilerABI.c.obj] ==> ignore
    arg [-lgcc] ==> lib [gcc]
    arg [--start-group] ==> ignore
    arg [-lc] ==> lib [c]
    arg [--end-group] ==> ignore
    arg [-lgcc] ==> lib [gcc]
    arg [--start-group] ==> ignore
    arg [-lgcc] ==> lib [gcc]
    arg [-lc] ==> lib [c]
    arg [-lnosys] ==> lib [nosys]
    arg [--end-group] ==> ignore
  collapse library dir [/opt/xpack-riscv-none-elf-gcc-14.2.0-2/bin/../lib/gcc/riscv-none-elf/14.2.0/rv32i/ilp32] ==> [/opt/xpack-riscv-none-elf-gcc-14.2.0-2/lib/gcc/riscv-none-elf/14.2.0/rv32i/ilp32]
  collapse library dir [/opt/xpack-riscv-none-elf-gcc-14.2.0-2/bin/../lib/gcc/riscv-none-elf/14.2.0/../../../../riscv-none-elf/lib/rv32i/ilp32] ==> [/opt/xpack-riscv-none-elf-gcc-14.2.0-2/riscv-none-elf/lib/rv32i/ilp32]
  collapse library dir [/opt/xpack-riscv-none-elf-gcc-14.2.0-2/bin/../riscv-none-elf/lib/rv32i/ilp32] ==> [/opt/xpack-riscv-none-elf-gcc-14.2.0-2/riscv-none-elf/lib/rv32i/ilp32]
  collapse library dir [/opt/xpack-riscv-none-elf-gcc-14.2.0-2/bin/../lib/gcc/riscv-none-elf/14.2.0] ==> [/opt/xpack-riscv-none-elf-gcc-14.2.0-2/lib/gcc/riscv-none-elf/14.2.0]
  collapse library dir [/opt/xpack-riscv-none-elf-gcc-14.2.0-2/bin/../lib/gcc] ==> [/opt/xpack-riscv-none-elf-gcc-14.2.0-2/lib/gcc]
  collapse library dir [/opt/xpack-riscv-none-elf-gcc-14.2.0-2/bin/../lib/gcc/riscv-none-elf/14.2.0/../../../../riscv-none-elf/lib] ==> [/opt/xpack-riscv-none-elf-gcc-14.2.0-2/riscv-none-elf/lib]
  collapse library dir [/opt/xpack-riscv-none-elf-gcc-14.2.0-2/bin/../riscv-none-elf/lib] ==> [/opt/xpack-riscv-none-elf-gcc-14.2.0-2/riscv-none-elf/lib]
  implicit libs: [gcc;c;gcc;gcc;c;nosys]
  implicit objs: []
  implicit dirs: [/opt/xpack-riscv-none-elf-gcc-14.2.0-2/lib/gcc/riscv-none-elf/14.2.0/rv32i/ilp32;/opt/xpack-riscv-none-elf-gcc-14.2.0-2/riscv-none-elf/lib/rv32i/ilp32;/opt/xpack-riscv-none-elf-gcc-14.2.0-2/lib/gcc/riscv-none-elf/14.2.0;/opt/xpack-riscv-none-elf-gcc-14.2.0-2/lib/gcc;/opt/xpack-riscv-none-elf-gcc-14.2.0-2/riscv-none-elf/lib]
  implicit fwks: []


Checking whether the ASM compiler is GNU using "--version" matched "(GNU assembler)|(GCC)|(Free Software Foundation)":
riscv-none-elf-gcc (xPack GNU RISC-V Embedded GCC aarch64) 14.2.0
Copyright (C) 2024 Free Software Foundation, Inc.
This is free software; see the source for copying conditions.  There is NO
warranty; not even for MERCHANTABILITY or FITNESS FOR A PARTICULAR PURPOSE.

Determining if the include file sys/types.h exists passed with the following output:
Change Dir: /home/gametime/test/lf-gametime-TCP2/server_reaction_function_0_analysis/server_reaction_function_0gt/feasible-path5/Flexpret/build/CMakeFiles/CMakeTmp

Run Build Command(s):/usr/bin/gmake -f Makefile cmTC_eb677/fast && /usr/bin/gmake  -f CMakeFiles/cmTC_eb677.dir/build.make CMakeFiles/cmTC_eb677.dir/build
gmake[1]: Entering directory '/home/gametime/test/lf-gametime-TCP2/server_reaction_function_0_analysis/server_reaction_function_0gt/feasible-path5/Flexpret/build/CMakeFiles/CMakeTmp'
Building C object CMakeFiles/cmTC_eb677.dir/CheckIncludeFile.c.obj
/opt/xpack-riscv-none-elf-gcc-14.2.0-2/bin/riscv-none-elf-gcc   -g -O0 -static -march=rv32i_zicsr -mabi=ilp32 -nostartfiles --specs=nosys.specs -ffunction-sections -fdata-sections -Wl,--gc-sections  -o CMakeFiles/cmTC_eb677.dir/CheckIncludeFile.c.obj -c /home/gametime/test/lf-gametime-TCP2/server_reaction_function_0_analysis/server_reaction_function_0gt/feasible-path5/Flexpret/build/CMakeFiles/CMakeTmp/CheckIncludeFile.c
Linking C executable cmTC_eb677
/usr/bin/cmake -E cmake_link_script CMakeFiles/cmTC_eb677.dir/link.txt --verbose=1
/opt/xpack-riscv-none-elf-gcc-14.2.0-2/bin/riscv-none-elf-gcc -g -O0 -static -march=rv32i_zicsr -mabi=ilp32 -nostartfiles --specs=nosys.specs -ffunction-sections -fdata-sections -Wl,--gc-sections  CMakeFiles/cmTC_eb677.dir/CheckIncludeFile.c.obj -o cmTC_eb677 
/opt/xpack-riscv-none-elf-gcc-14.2.0-2/bin/../lib/gcc/riscv-none-elf/14.2.0/../../../../riscv-none-elf/bin/ld: warning: cannot find entry symbol _start; not setting start address
gmake[1]: Leaving directory '/home/gametime/test/lf-gametime-TCP2/server_reaction_function_0_analysis/server_reaction_function_0gt/feasible-path5/Flexpret/build/CMakeFiles/CMakeTmp'



Determining if the include file stdint.h exists passed with the following output:
Change Dir: /home/gametime/test/lf-gametime-TCP2/server_reaction_function_0_analysis/server_reaction_function_0gt/feasible-path5/Flexpret/build/CMakeFiles/CMakeTmp

Run Build Command(s):/usr/bin/gmake -f Makefile cmTC_1e49b/fast && /usr/bin/gmake  -f CMakeFiles/cmTC_1e49b.dir/build.make CMakeFiles/cmTC_1e49b.dir/build
gmake[1]: Entering directory '/home/gametime/test/lf-gametime-TCP2/server_reaction_function_0_analysis/server_reaction_function_0gt/feasible-path5/Flexpret/build/CMakeFiles/CMakeTmp'
Building C object CMakeFiles/cmTC_1e49b.dir/CheckIncludeFile.c.obj
/opt/xpack-riscv-none-elf-gcc-14.2.0-2/bin/riscv-none-elf-gcc   -g -O0 -static -march=rv32i_zicsr -mabi=ilp32 -nostartfiles --specs=nosys.specs -ffunction-sections -fdata-sections -Wl,--gc-sections  -o CMakeFiles/cmTC_1e49b.dir/CheckIncludeFile.c.obj -c /home/gametime/test/lf-gametime-TCP2/server_reaction_function_0_analysis/server_reaction_function_0gt/feasible-path5/Flexpret/build/CMakeFiles/CMakeTmp/CheckIncludeFile.c
Linking C executable cmTC_1e49b
/usr/bin/cmake -E cmake_link_script CMakeFiles/cmTC_1e49b.dir/link.txt --verbose=1
/opt/xpack-riscv-none-elf-gcc-14.2.0-2/bin/riscv-none-elf-gcc -g -O0 -static -march=rv32i_zicsr -mabi=ilp32 -nostartfiles --specs=nosys.specs -ffunction-sections -fdata-sections -Wl,--gc-sections  CMakeFiles/cmTC_1e49b.dir/CheckIncludeFile.c.obj -o cmTC_1e49b 
/opt/xpack-riscv-none-elf-gcc-14.2.0-2/bin/../lib/gcc/riscv-none-elf/14.2.0/../../../../riscv-none-elf/bin/ld: warning: cannot find entry symbol _start; not setting start address
gmake[1]: Leaving directory '/home/gametime/test/lf-gametime-TCP2/server_reaction_function_0_analysis/server_reaction_function_0gt/feasible-path5/Flexpret/build/CMakeFiles/CMakeTmp'



Determining if the include file stddef.h exists passed with the following output:
Change Dir: /home/gametime/test/lf-gametime-TCP2/server_reaction_function_0_analysis/server_reaction_function_0gt/feasible-path5/Flexpret/build/CMakeFiles/CMakeTmp

Run Build Command(s):/usr/bin/gmake -f Makefile cmTC_19428/fast && /usr/bin/gmake  -f CMakeFiles/cmTC_19428.dir/build.make CMakeFiles/cmTC_19428.dir/build
gmake[1]: Entering directory '/home/gametime/test/lf-gametime-TCP2/server_reaction_function_0_analysis/server_reaction_function_0gt/feasible-path5/Flexpret/build/CMakeFiles/CMakeTmp'
Building C object CMakeFiles/cmTC_19428.dir/CheckIncludeFile.c.obj
/opt/xpack-riscv-none-elf-gcc-14.2.0-2/bin/riscv-none-elf-gcc   -g -O0 -static -march=rv32i_zicsr -mabi=ilp32 -nostartfiles --specs=nosys.specs -ffunction-sections -fdata-sections -Wl,--gc-sections  -o CMakeFiles/cmTC_19428.dir/CheckIncludeFile.c.obj -c /home/gametime/test/lf-gametime-TCP2/server_reaction_function_0_analysis/server_reaction_function_0gt/feasible-path5/Flexpret/build/CMakeFiles/CMakeTmp/CheckIncludeFile.c
Linking C executable cmTC_19428
/usr/bin/cmake -E cmake_link_script CMakeFiles/cmTC_19428.dir/link.txt --verbose=1
/opt/xpack-riscv-none-elf-gcc-14.2.0-2/bin/riscv-none-elf-gcc -g -O0 -static -march=rv32i_zicsr -mabi=ilp32 -nostartfiles --specs=nosys.specs -ffunction-sections -fdata-sections -Wl,--gc-sections  CMakeFiles/cmTC_19428.dir/CheckIncludeFile.c.obj -o cmTC_19428 
/opt/xpack-riscv-none-elf-gcc-14.2.0-2/bin/../lib/gcc/riscv-none-elf/14.2.0/../../../../riscv-none-elf/bin/ld: warning: cannot find entry symbol _start; not setting start address
gmake[1]: Leaving directory '/home/gametime/test/lf-gametime-TCP2/server_reaction_function_0_analysis/server_reaction_function_0gt/feasible-path5/Flexpret/build/CMakeFiles/CMakeTmp'



Determining size of long passed with the following output:
Change Dir: /home/gametime/test/lf-gametime-TCP2/server_reaction_function_0_analysis/server_reaction_function_0gt/feasible-path5/Flexpret/build/CMakeFiles/CMakeTmp

Run Build Command(s):/usr/bin/gmake -f Makefile cmTC_dca41/fast && /usr/bin/gmake  -f CMakeFiles/cmTC_dca41.dir/build.make CMakeFiles/cmTC_dca41.dir/build
gmake[1]: Entering directory '/home/gametime/test/lf-gametime-TCP2/server_reaction_function_0_analysis/server_reaction_function_0gt/feasible-path5/Flexpret/build/CMakeFiles/CMakeTmp'
Building C object CMakeFiles/cmTC_dca41.dir/SIZEOF_LONG.c.obj
/opt/xpack-riscv-none-elf-gcc-14.2.0-2/bin/riscv-none-elf-gcc   -g -O0 -static -march=rv32i_zicsr -mabi=ilp32 -nostartfiles --specs=nosys.specs -ffunction-sections -fdata-sections -Wl,--gc-sections  -o CMakeFiles/cmTC_dca41.dir/SIZEOF_LONG.c.obj -c /home/gametime/test/lf-gametime-TCP2/server_reaction_function_0_analysis/server_reaction_function_0gt/feasible-path5/Flexpret/build/CMakeFiles/CheckTypeSize/SIZEOF_LONG.c
Linking C executable cmTC_dca41
/usr/bin/cmake -E cmake_link_script CMakeFiles/cmTC_dca41.dir/link.txt --verbose=1
/opt/xpack-riscv-none-elf-gcc-14.2.0-2/bin/riscv-none-elf-gcc -g -O0 -static -march=rv32i_zicsr -mabi=ilp32 -nostartfiles --specs=nosys.specs -ffunction-sections -fdata-sections -Wl,--gc-sections  CMakeFiles/cmTC_dca41.dir/SIZEOF_LONG.c.obj -o cmTC_dca41 
/opt/xpack-riscv-none-elf-gcc-14.2.0-2/bin/../lib/gcc/riscv-none-elf/14.2.0/../../../../riscv-none-elf/bin/ld: warning: cannot find entry symbol _start; not setting start address
gmake[1]: Leaving directory '/home/gametime/test/lf-gametime-TCP2/server_reaction_function_0_analysis/server_reaction_function_0gt/feasible-path5/Flexpret/build/CMakeFiles/CMakeTmp'



Determining size of long long passed with the following output:
Change Dir: /home/gametime/test/lf-gametime-TCP2/server_reaction_function_0_analysis/server_reaction_function_0gt/feasible-path5/Flexpret/build/CMakeFiles/CMakeTmp

Run Build Command(s):/usr/bin/gmake -f Makefile cmTC_a23ff/fast && /usr/bin/gmake  -f CMakeFiles/cmTC_a23ff.dir/build.make CMakeFiles/cmTC_a23ff.dir/build
gmake[1]: Entering directory '/home/gametime/test/lf-gametime-TCP2/server_reaction_function_0_analysis/server_reaction_function_0gt/feasible-path5/Flexpret/build/CMakeFiles/CMakeTmp'
Building C object CMakeFiles/cmTC_a23ff.dir/SIZEOF_LONG_LONG.c.obj
/opt/xpack-riscv-none-elf-gcc-14.2.0-2/bin/riscv-none-elf-gcc   -g -O0 -static -march=rv32i_zicsr -mabi=ilp32 -nostartfiles --specs=nosys.specs -ffunction-sections -fdata-sections -Wl,--gc-sections  -o CMakeFiles/cmTC_a23ff.dir/SIZEOF_LONG_LONG.c.obj -c /home/gametime/test/lf-gametime-TCP2/server_reaction_function_0_analysis/server_reaction_function_0gt/feasible-path5/Flexpret/build/CMakeFiles/CheckTypeSize/SIZEOF_LONG_LONG.c
Linking C executable cmTC_a23ff
/usr/bin/cmake -E cmake_link_script CMakeFiles/cmTC_a23ff.dir/link.txt --verbose=1
/opt/xpack-riscv-none-elf-gcc-14.2.0-2/bin/riscv-none-elf-gcc -g -O0 -static -march=rv32i_zicsr -mabi=ilp32 -nostartfiles --specs=nosys.specs -ffunction-sections -fdata-sections -Wl,--gc-sections  CMakeFiles/cmTC_a23ff.dir/SIZEOF_LONG_LONG.c.obj -o cmTC_a23ff 
/opt/xpack-riscv-none-elf-gcc-14.2.0-2/bin/../lib/gcc/riscv-none-elf/14.2.0/../../../../riscv-none-elf/bin/ld: warning: cannot find entry symbol _start; not setting start address
gmake[1]: Leaving directory '/home/gametime/test/lf-gametime-TCP2/server_reaction_function_0_analysis/server_reaction_function_0gt/feasible-path5/Flexpret/build/CMakeFiles/CMakeTmp'



Determining size of intmax_t passed with the following output:
Change Dir: /home/gametime/test/lf-gametime-TCP2/server_reaction_function_0_analysis/server_reaction_function_0gt/feasible-path5/Flexpret/build/CMakeFiles/CMakeTmp

Run Build Command(s):/usr/bin/gmake -f Makefile cmTC_4dd87/fast && /usr/bin/gmake  -f CMakeFiles/cmTC_4dd87.dir/build.make CMakeFiles/cmTC_4dd87.dir/build
gmake[1]: Entering directory '/home/gametime/test/lf-gametime-TCP2/server_reaction_function_0_analysis/server_reaction_function_0gt/feasible-path5/Flexpret/build/CMakeFiles/CMakeTmp'
Building C object CMakeFiles/cmTC_4dd87.dir/TYPE_SIZE.c.obj
/opt/xpack-riscv-none-elf-gcc-14.2.0-2/bin/riscv-none-elf-gcc   -g -O0 -static -march=rv32i_zicsr -mabi=ilp32 -nostartfiles --specs=nosys.specs -ffunction-sections -fdata-sections -Wl,--gc-sections  -o CMakeFiles/cmTC_4dd87.dir/TYPE_SIZE.c.obj -c /home/gametime/test/lf-gametime-TCP2/server_reaction_function_0_analysis/server_reaction_function_0gt/feasible-path5/Flexpret/build/CMakeFiles/CheckTypeSize/TYPE_SIZE.c
Linking C executable cmTC_4dd87
/usr/bin/cmake -E cmake_link_script CMakeFiles/cmTC_4dd87.dir/link.txt --verbose=1
/opt/xpack-riscv-none-elf-gcc-14.2.0-2/bin/riscv-none-elf-gcc -g -O0 -static -march=rv32i_zicsr -mabi=ilp32 -nostartfiles --specs=nosys.specs -ffunction-sections -fdata-sections -Wl,--gc-sections  CMakeFiles/cmTC_4dd87.dir/TYPE_SIZE.c.obj -o cmTC_4dd87 
/opt/xpack-riscv-none-elf-gcc-14.2.0-2/bin/../lib/gcc/riscv-none-elf/14.2.0/../../../../riscv-none-elf/bin/ld: warning: cannot find entry symbol _start; not setting start address
gmake[1]: Leaving directory '/home/gametime/test/lf-gametime-TCP2/server_reaction_function_0_analysis/server_reaction_function_0gt/feasible-path5/Flexpret/build/CMakeFiles/CMakeTmp'



